<html>
<body>
<pre>
<h1>µVision Build Log</h1>
<h2>Tool Versions:</h2>
IDE-Version: µVision V5.13.0.0
Copyright (C) 2014 ARM Ltd and ARM Germany GmbH. All rights reserved.
License Information: Dat Nguyen Huu, Ton Duc Thang University, LIC=----
 
Tool Versions:
Toolchain:       MDK-Lite  Version: 5.13.0.0
Toolchain Path:  C:\Keil_v5\ARM\ARMCC\Bin
C Compiler:      Armcc.exe V5.05 update 1 (build 106)
Assembler:       Armasm.exe V5.05 update 1 (build 106)
Linker/Locator:  ArmLink.exe V5.05 update 1 (build 106)
Library Manager: ArmAr.exe V5.05 update 1 (build 106)
Hex Converter:   FromElf.exe V5.05 update 1 (build 106)
CPU DLL:         SARMCM3.DLL V5.13.0.0
Dialog DLL:      DCM.DLL V1.13.1.0
Target DLL:      STLink\ST-LINKIII-KEIL_SWO.dll V2.0.14.0_KEIL
Dialog DLL:      TCM.DLL V1.14.4.0
 
<h2>Project:</h2>
D:\DATN\LVTN_DAT\NODE\DS18B20_nhietdonode1\MDK-ARM\test_4.uvprojx
Project File Date:  12/12/2020

<h2>Output:</h2>
Build target 'test_4'
compiling main.c...
../Src/main.c(347): warning:  #188-D: enumerated type mixed with another type
        HAL_GPIO_WritePin (GPIOB, GPIO_PIN_4, 0);  // pull the pin low
../Src/main.c(378): warning:  #188-D: enumerated type mixed with another type
                        HAL_GPIO_WritePin (GPIOB, GPIO_PIN_4, 0);  // pull the pin LOW
../Src/main.c(390): warning:  #188-D: enumerated type mixed with another type
                        HAL_GPIO_WritePin (GPIOB, GPIO_PIN_4, 0);  // pull the pin LOW
../Src/main.c(408): warning:  #188-D: enumerated type mixed with another type
                HAL_GPIO_WritePin (GPIOB, GPIO_PIN_4, 0);  // pull the data pin LOW
../Src/main.c(269): warning:  #177-D: function "Delay" was declared but never referenced
  __STATIC_INLINE void Delay(__IO uint32_t s)
../Src/main.c: 5 warnings, 0 errors
linking...
Program Size: Code=13500 RO-data=316 RW-data=64 ZI-data=1808  
FromELF: creating hex file...
"test_4\test_4.axf" - 0 Error(s), 5 Warning(s).

<h2>Software Packages used:</h2>

Package Vendor: ARM
                http://www.keil.com/pack/ARM.CMSIS.4.2.0.pack
                ARM::CMSIS:CORE:3.40.0
                CMSIS (Cortex Microcontroller Software Interface Standard)
   * Component: CORE Version: 3.40.0

<h2>Collection of Component include folders:</h2>
  D:\DATN\LVTN_DAT\NODE\DS18B20_nhietdonode1\MDK-ARM\RTE
  C:\Keil_v5\ARM\PACK\ARM\CMSIS\4.2.0\CMSIS\Include
  C:\Keil_v5\ARM\PACK\Keil\STM32F1xx_DFP\2.3.0

<h2>Collection of Component Files used:</h2>

   * Component: ARM::CMSIS:CORE:3.40.0
      Source file:   CMSIS\UserCodeTemplates\ARM\ITM_Retarget.c
</pre>
</body>
</html>
