Component: ARM Compiler 5.05 update 1 (build 106) Tool: armlink [4d0efa]

==============================================================================

Section Cross References

    startup_stm32f103xb.o(RESET) refers to startup_stm32f103xb.o(STACK) for __initial_sp
    startup_stm32f103xb.o(RESET) refers to startup_stm32f103xb.o(.text) for Reset_Handler
    startup_stm32f103xb.o(RESET) refers to stm32f1xx_it.o(i.NMI_Handler) for NMI_Handler
    startup_stm32f103xb.o(RESET) refers to stm32f1xx_it.o(i.HardFault_Handler) for HardFault_Handler
    startup_stm32f103xb.o(RESET) refers to stm32f1xx_it.o(i.MemManage_Handler) for MemManage_Handler
    startup_stm32f103xb.o(RESET) refers to stm32f1xx_it.o(i.BusFault_Handler) for BusFault_Handler
    startup_stm32f103xb.o(RESET) refers to stm32f1xx_it.o(i.UsageFault_Handler) for UsageFault_Handler
    startup_stm32f103xb.o(RESET) refers to stm32f1xx_it.o(i.SVC_Handler) for SVC_Handler
    startup_stm32f103xb.o(RESET) refers to stm32f1xx_it.o(i.DebugMon_Handler) for DebugMon_Handler
    startup_stm32f103xb.o(RESET) refers to stm32f1xx_it.o(i.PendSV_Handler) for PendSV_Handler
    startup_stm32f103xb.o(RESET) refers to stm32f1xx_it.o(i.SysTick_Handler) for SysTick_Handler
    startup_stm32f103xb.o(RESET) refers to stm32f1xx_it.o(i.DMA1_Channel1_IRQHandler) for DMA1_Channel1_IRQHandler
    startup_stm32f103xb.o(RESET) refers to stm32f1xx_it.o(i.ADC1_2_IRQHandler) for ADC1_2_IRQHandler
    startup_stm32f103xb.o(RESET) refers to stm32f1xx_it.o(i.TIM2_IRQHandler) for TIM2_IRQHandler
    startup_stm32f103xb.o(RESET) refers to stm32f1xx_it.o(i.USART1_IRQHandler) for USART1_IRQHandler
    startup_stm32f103xb.o(.text) refers to system_stm32f1xx.o(i.SystemInit) for SystemInit
    startup_stm32f103xb.o(.text) refers to entry.o(.ARM.Collect$$$$00000000) for __main
    sx1278.o(i.SX1278_LoRaEntryRx) refers to sx1278.o(i.SX1278_defaultConfig) for SX1278_defaultConfig
    sx1278.o(i.SX1278_LoRaEntryRx) refers to sx1278.o(i.SX1278_SPIWrite) for SX1278_SPIWrite
    sx1278.o(i.SX1278_LoRaEntryRx) refers to sx1278.o(i.SX1278_clearLoRaIrq) for SX1278_clearLoRaIrq
    sx1278.o(i.SX1278_LoRaEntryRx) refers to sx1278.o(i.SX1278_SPIRead) for SX1278_SPIRead
    sx1278.o(i.SX1278_LoRaEntryRx) refers to sx1278.o(i.SX1278_hw_DelayMs) for SX1278_hw_DelayMs
    sx1278.o(i.SX1278_LoRaEntryRx) refers to sx1278.o(i.SX1278_hw_Reset) for SX1278_hw_Reset
    sx1278.o(i.SX1278_LoRaEntryTx) refers to sx1278.o(i.SX1278_defaultConfig) for SX1278_defaultConfig
    sx1278.o(i.SX1278_LoRaEntryTx) refers to sx1278.o(i.SX1278_SPIWrite) for SX1278_SPIWrite
    sx1278.o(i.SX1278_LoRaEntryTx) refers to sx1278.o(i.SX1278_clearLoRaIrq) for SX1278_clearLoRaIrq
    sx1278.o(i.SX1278_LoRaEntryTx) refers to sx1278.o(i.SX1278_SPIRead) for SX1278_SPIRead
    sx1278.o(i.SX1278_LoRaEntryTx) refers to sx1278.o(i.SX1278_hw_Reset) for SX1278_hw_Reset
    sx1278.o(i.SX1278_LoRaRxPacket) refers to sx1278.o(i.SX1278_hw_GetDIO0) for SX1278_hw_GetDIO0
    sx1278.o(i.SX1278_LoRaRxPacket) refers to memseta.o(.text) for __aeabi_memclr
    sx1278.o(i.SX1278_LoRaRxPacket) refers to sx1278.o(i.SX1278_SPIRead) for SX1278_SPIRead
    sx1278.o(i.SX1278_LoRaRxPacket) refers to sx1278.o(i.SX1278_SPIWrite) for SX1278_SPIWrite
    sx1278.o(i.SX1278_LoRaRxPacket) refers to sx1278.o(i.SX1278_SPIBurstRead) for SX1278_SPIBurstRead
    sx1278.o(i.SX1278_LoRaRxPacket) refers to sx1278.o(i.SX1278_clearLoRaIrq) for SX1278_clearLoRaIrq
    sx1278.o(i.SX1278_LoRaTxPacket) refers to sx1278.o(i.SX1278_SPIBurstWrite) for SX1278_SPIBurstWrite
    sx1278.o(i.SX1278_LoRaTxPacket) refers to sx1278.o(i.SX1278_SPIWrite) for SX1278_SPIWrite
    sx1278.o(i.SX1278_LoRaTxPacket) refers to sx1278.o(i.SX1278_hw_GetDIO0) for SX1278_hw_GetDIO0
    sx1278.o(i.SX1278_LoRaTxPacket) refers to sx1278.o(i.SX1278_SPIRead) for SX1278_SPIRead
    sx1278.o(i.SX1278_LoRaTxPacket) refers to sx1278.o(i.SX1278_clearLoRaIrq) for SX1278_clearLoRaIrq
    sx1278.o(i.SX1278_LoRaTxPacket) refers to sx1278.o(i.SX1278_standby) for SX1278_standby
    sx1278.o(i.SX1278_LoRaTxPacket) refers to sx1278.o(i.SX1278_hw_DelayMs) for SX1278_hw_DelayMs
    sx1278.o(i.SX1278_LoRaTxPacket) refers to sx1278.o(i.SX1278_hw_Reset) for SX1278_hw_Reset
    sx1278.o(i.SX1278_LoRaTxPacket) refers to sx1278.o(i.SX1278_defaultConfig) for SX1278_defaultConfig
    sx1278.o(i.SX1278_RSSI) refers to sx1278.o(i.SX1278_SPIRead) for SX1278_SPIRead
    sx1278.o(i.SX1278_RSSI_LoRa) refers to sx1278.o(i.SX1278_SPIRead) for SX1278_SPIRead
    sx1278.o(i.SX1278_SPIBurstRead) refers to sx1278.o(i.SX1278_hw_SetNSS) for SX1278_hw_SetNSS
    sx1278.o(i.SX1278_SPIBurstRead) refers to sx1278.o(i.SX1278_hw_SPICommand) for SX1278_hw_SPICommand
    sx1278.o(i.SX1278_SPIBurstRead) refers to sx1278.o(i.SX1278_hw_SPIReadByte) for SX1278_hw_SPIReadByte
    sx1278.o(i.SX1278_SPIBurstWrite) refers to sx1278.o(i.SX1278_hw_SetNSS) for SX1278_hw_SetNSS
[...]
    Removing stm32f1xx_hal_rcc.o(i.HAL_RCC_CSSCallback), (2 bytes).
    Removing stm32f1xx_hal_rcc.o(i.HAL_RCC_DeInit), (216 bytes).
    Removing stm32f1xx_hal_rcc.o(i.HAL_RCC_DisableCSS), (12 bytes).
    Removing stm32f1xx_hal_rcc.o(i.HAL_RCC_EnableCSS), (12 bytes).
    Removing stm32f1xx_hal_rcc.o(i.HAL_RCC_GetClockConfig), (64 bytes).
    Removing stm32f1xx_hal_rcc.o(i.HAL_RCC_GetOscConfig), (144 bytes).
    Removing stm32f1xx_hal_rcc.o(i.HAL_RCC_MCOConfig), (72 bytes).
    Removing stm32f1xx_hal_rcc.o(i.HAL_RCC_NMI_IRQHandler), (24 bytes).
    Removing stm32f1xx_hal_rcc_ex.o(.rev16_text), (4 bytes).
    Removing stm32f1xx_hal_rcc_ex.o(.revsh_text), (4 bytes).
    Removing stm32f1xx_hal_rcc_ex.o(.rrx_text), (6 bytes).
    Removing stm32f1xx_hal_rcc_ex.o(i.HAL_RCCEx_GetPeriphCLKConfig), (44 bytes).
    Removing stm32f1xx_hal_rcc_ex.o(i.HAL_RCCEx_GetPeriphCLKFreq), (200 bytes).
    Removing stm32f1xx_hal_gpio.o(.rev16_text), (4 bytes).
    Removing stm32f1xx_hal_gpio.o(.revsh_text), (4 bytes).
    Removing stm32f1xx_hal_gpio.o(.rrx_text), (6 bytes).
    Removing stm32f1xx_hal_gpio.o(i.HAL_GPIO_DeInit), (228 bytes).
    Removing stm32f1xx_hal_gpio.o(i.HAL_GPIO_EXTI_Callback), (2 bytes).
    Removing stm32f1xx_hal_gpio.o(i.HAL_GPIO_EXTI_IRQHandler), (24 bytes).
    Removing stm32f1xx_hal_gpio.o(i.HAL_GPIO_LockPin), (34 bytes).
    Removing stm32f1xx_hal_dma.o(.rev16_text), (4 bytes).
    Removing stm32f1xx_hal_dma.o(.revsh_text), (4 bytes).
    Removing stm32f1xx_hal_dma.o(.rrx_text), (6 bytes).
    Removing stm32f1xx_hal_dma.o(i.HAL_DMA_Abort), (48 bytes).
    Removing stm32f1xx_hal_dma.o(i.HAL_DMA_DeInit), (84 bytes).
    Removing stm32f1xx_hal_dma.o(i.HAL_DMA_GetError), (4 bytes).
    Removing stm32f1xx_hal_dma.o(i.HAL_DMA_GetState), (6 bytes).
    Removing stm32f1xx_hal_dma.o(i.HAL_DMA_PollForTransfer), (532 bytes).
    Removing stm32f1xx_hal_dma.o(i.HAL_DMA_RegisterCallback), (74 bytes).
    Removing stm32f1xx_hal_dma.o(i.HAL_DMA_Start), (80 bytes).
    Removing stm32f1xx_hal_dma.o(i.HAL_DMA_UnRegisterCallback), (82 bytes).
    Removing stm32f1xx_hal_cortex.o(.rev16_text), (4 bytes).
    Removing stm32f1xx_hal_cortex.o(.revsh_text), (4 bytes).
    Removing stm32f1xx_hal_cortex.o(.rrx_text), (6 bytes).
    Removing stm32f1xx_hal_cortex.o(i.HAL_NVIC_ClearPendingIRQ), (22 bytes).
    Removing stm32f1xx_hal_cortex.o(i.HAL_NVIC_DisableIRQ), (22 bytes).
    Removing stm32f1xx_hal_cortex.o(i.HAL_NVIC_GetActive), (32 bytes).
    Removing stm32f1xx_hal_cortex.o(i.HAL_NVIC_GetPendingIRQ), (32 bytes).
    Removing stm32f1xx_hal_cortex.o(i.HAL_NVIC_GetPriority), (82 bytes).
    Removing stm32f1xx_hal_cortex.o(i.HAL_NVIC_GetPriorityGrouping), (16 bytes).
    Removing stm32f1xx_hal_cortex.o(i.HAL_NVIC_SetPendingIRQ), (22 bytes).
    Removing stm32f1xx_hal_cortex.o(i.HAL_NVIC_SystemReset), (36 bytes).
    Removing stm32f1xx_hal_pwr.o(.rev16_text), (4 bytes).
    Removing stm32f1xx_hal_pwr.o(.revsh_text), (4 bytes).
    Removing stm32f1xx_hal_pwr.o(.rrx_text), (6 bytes).
    Removing stm32f1xx_hal_pwr.o(i.HAL_PWR_ConfigPVD), (124 bytes).
    Removing stm32f1xx_hal_pwr.o(i.HAL_PWR_DeInit), (24 bytes).
    Removing stm32f1xx_hal_pwr.o(i.HAL_PWR_DisableBkUpAccess), (12 bytes).
    Removing stm32f1xx_hal_pwr.o(i.HAL_PWR_DisablePVD), (12 bytes).
    Removing stm32f1xx_hal_pwr.o(i.HAL_PWR_DisableSEVOnPend), (16 bytes).
    Removing stm32f1xx_hal_pwr.o(i.HAL_PWR_DisableSleepOnExit), (16 bytes).
    Removing stm32f1xx_hal_pwr.o(i.HAL_PWR_DisableWakeUpPin), (28 bytes).
    Removing stm32f1xx_hal_pwr.o(i.HAL_PWR_EnableBkUpAccess), (12 bytes).
    Removing stm32f1xx_hal_pwr.o(i.HAL_PWR_EnablePVD), (12 bytes).
    Removing stm32f1xx_hal_pwr.o(i.HAL_PWR_EnableSEVOnPend), (16 bytes).
    Removing stm32f1xx_hal_pwr.o(i.HAL_PWR_EnableSleepOnExit), (16 bytes).
    Removing stm32f1xx_hal_pwr.o(i.HAL_PWR_EnableWakeUpPin), (28 bytes).
    Removing stm32f1xx_hal_pwr.o(i.HAL_PWR_EnterSLEEPMode), (32 bytes).
    Removing stm32f1xx_hal_pwr.o(i.HAL_PWR_EnterSTANDBYMode), (32 bytes).
    Removing stm32f1xx_hal_pwr.o(i.HAL_PWR_EnterSTOPMode), (68 bytes).
    Removing stm32f1xx_hal_pwr.o(i.HAL_PWR_PVDCallback), (2 bytes).
    Removing stm32f1xx_hal_pwr.o(i.HAL_PWR_PVD_IRQHandler), (28 bytes).
    Removing stm32f1xx_hal_pwr.o(i.PWR_OverloadWfe), (6 bytes).
    Removing stm32f1xx_hal_flash.o(.rev16_text), (4 bytes).
    Removing stm32f1xx_hal_flash.o(.revsh_text), (4 bytes).
    Removing stm32f1xx_hal_flash.o(.rrx_text), (6 bytes).
    Removing stm32f1xx_hal_flash.o(i.FLASH_Program_HalfWord), (28 bytes).
    Removing stm32f1xx_hal_flash.o(i.FLASH_SetErrorCode), (92 bytes).
    Removing stm32f1xx_hal_flash.o(i.FLASH_WaitForLastOperation), (84 bytes).
    Removing stm32f1xx_hal_flash.o(i.HAL_FLASH_EndOfOperationCallback), (2 bytes).
    Removing stm32f1xx_hal_flash.o(i.HAL_FLASH_GetError), (12 bytes).
    Removing stm32f1xx_hal_flash.o(i.HAL_FLASH_IRQHandler), (260 bytes).
    Removing stm32f1xx_hal_flash.o(i.HAL_FLASH_Lock), (20 bytes).
    Removing stm32f1xx_hal_flash.o(i.HAL_FLASH_OB_Launch), (4 bytes).
    Removing stm32f1xx_hal_flash.o(i.HAL_FLASH_OB_Lock), (20 bytes).
    Removing stm32f1xx_hal_flash.o(i.HAL_FLASH_OB_Unlock), (36 bytes).
    Removing stm32f1xx_hal_flash.o(i.HAL_FLASH_OperationErrorCallback), (2 bytes).
    Removing stm32f1xx_hal_flash.o(i.HAL_FLASH_Program), (128 bytes).
    Removing stm32f1xx_hal_flash.o(i.HAL_FLASH_Program_IT), (100 bytes).
    Removing stm32f1xx_hal_flash.o(i.HAL_FLASH_Unlock), (40 bytes).
    Removing stm32f1xx_hal_flash.o(.bss), (32 bytes).
    Removing stm32f1xx_hal_flash_ex.o(.rev16_text), (4 bytes).
    Removing stm32f1xx_hal_flash_ex.o(.revsh_text), (4 bytes).
    Removing stm32f1xx_hal_flash_ex.o(.rrx_text), (6 bytes).
    Removing stm32f1xx_hal_flash_ex.o(i.FLASH_MassErase), (36 bytes).
    Removing stm32f1xx_hal_flash_ex.o(i.FLASH_OB_DisableWRP), (176 bytes).
    Removing stm32f1xx_hal_flash_ex.o(i.FLASH_OB_EnableWRP), (176 bytes).
    Removing stm32f1xx_hal_flash_ex.o(i.FLASH_OB_GetRDP), (24 bytes).
    Removing stm32f1xx_hal_flash_ex.o(i.FLASH_OB_RDP_LevelConfig), (100 bytes).
    Removing stm32f1xx_hal_flash_ex.o(i.FLASH_PageErase), (36 bytes).
    Removing stm32f1xx_hal_flash_ex.o(i.HAL_FLASHEx_Erase), (168 bytes).
    Removing stm32f1xx_hal_flash_ex.o(i.HAL_FLASHEx_Erase_IT), (84 bytes).
    Removing stm32f1xx_hal_flash_ex.o(i.HAL_FLASHEx_OBErase), (84 bytes).
    Removing stm32f1xx_hal_flash_ex.o(i.HAL_FLASHEx_OBGetConfig), (36 bytes).
    Removing stm32f1xx_hal_flash_ex.o(i.HAL_FLASHEx_OBGetUserData), (32 bytes).
    Removing stm32f1xx_hal_flash_ex.o(i.HAL_FLASHEx_OBProgram), (200 bytes).
    Removing system_stm32f1xx.o(.rev16_text), (4 bytes).
    Removing system_stm32f1xx.o(.revsh_text), (4 bytes).
    Removing system_stm32f1xx.o(.rrx_text), (6 bytes).
    Removing system_stm32f1xx.o(i.SystemCoreClockUpdate), (104 bytes).
    Removing fadd.o(.text), (176 bytes).
    Removing fflti.o(.text), (18 bytes).
    Removing fmul.o(.text), (100 bytes).
    Removing fdiv.o(.text), (124 bytes).
    Removing fscalb.o(.text), (24 bytes).
    Removing dfixul.o(.text), (48 bytes).
    Removing ffixir.o(.text), (76 bytes).
    Removing cdrcmple.o(.text), (48 bytes).
    Removing fpstat.o(.text), (4 bytes).

477 unused section(s) (total 26236 bytes) removed from the image.

==============================================================================

Image Symbol Table

    Local Symbols

    Symbol Name                              Value     Ov Type        Size  Object(Section)

    ..//Src/system_stm32f1xx.c               0x00000000   Number         0  system_stm32f1xx.o ABSOLUTE
    ../Drivers/STM32F1xx_HAL_Driver/Src/stm32f1xx_hal.c 0x00000000   Number         0  stm32f1xx_hal.o ABSOLUTE
    ../Drivers/STM32F1xx_HAL_Driver/Src/stm32f1xx_hal_adc.c 0x00000000   Number         0  stm32f1xx_hal_adc.o ABSOLUTE
    ../Drivers/STM32F1xx_HAL_Driver/Src/stm32f1xx_hal_adc_ex.c 0x00000000   Number         0  stm32f1xx_hal_adc_ex.o ABSOLUTE
    ../Drivers/STM32F1xx_HAL_Driver/Src/stm32f1xx_hal_cortex.c 0x00000000   Number         0  stm32f1xx_hal_cortex.o ABSOLUTE
    ../Drivers/STM32F1xx_HAL_Driver/Src/stm32f1xx_hal_dma.c 0x00000000   Number         0  stm32f1xx_hal_dma.o ABSOLUTE
    ../Drivers/STM32F1xx_HAL_Driver/Src/stm32f1xx_hal_flash.c 0x00000000   Number         0  stm32f1xx_hal_flash.o ABSOLUTE
    ../Drivers/STM32F1xx_HAL_Driver/Src/stm32f1xx_hal_flash_ex.c 0x00000000   Number         0  stm32f1xx_hal_flash_ex.o ABSOLUTE
    ../Drivers/STM32F1xx_HAL_Driver/Src/stm32f1xx_hal_gpio.c 0x00000000   Number         0  stm32f1xx_hal_gpio.o ABSOLUTE
    ../Drivers/STM32F1xx_HAL_Driver/Src/stm32f1xx_hal_gpio_ex.c 0x00000000   Number         0  stm32f1xx_hal_gpio_ex.o ABSOLUTE
    ../Drivers/STM32F1xx_HAL_Driver/Src/stm32f1xx_hal_pwr.c 0x00000000   Number         0  stm32f1xx_hal_pwr.o ABSOLUTE
    ../Drivers/STM32F1xx_HAL_Driver/Src/stm32f1xx_hal_rcc.c 0x00000000   Number         0  stm32f1xx_hal_rcc.o ABSOLUTE
    ../Drivers/STM32F1xx_HAL_Driver/Src/stm32f1xx_hal_rcc_ex.c 0x00000000   Number         0  stm32f1xx_hal_rcc_ex.o ABSOLUTE
    ../Drivers/STM32F1xx_HAL_Driver/Src/stm32f1xx_hal_spi.c 0x00000000   Number         0  stm32f1xx_hal_spi.o ABSOLUTE
    ../Drivers/STM32F1xx_HAL_Driver/Src/stm32f1xx_hal_spi_ex.c 0x00000000   Number         0  stm32f1xx_hal_spi_ex.o ABSOLUTE
    ../Drivers/STM32F1xx_HAL_Driver/Src/stm32f1xx_hal_tim.c 0x00000000   Number         0  stm32f1xx_hal_tim.o ABSOLUTE
    ../Drivers/STM32F1xx_HAL_Driver/Src/stm32f1xx_hal_tim_ex.c 0x00000000   Number         0  stm32f1xx_hal_tim_ex.o ABSOLUTE
    ../Drivers/STM32F1xx_HAL_Driver/Src/stm32f1xx_hal_uart.c 0x00000000   Number         0  stm32f1xx_hal_uart.o ABSOLUTE
    ../Src/main.c                            0x00000000   Number         0  main.o ABSOLUTE
    ../Src/stm32f1xx_hal_msp.c               0x00000000   Number         0  stm32f1xx_hal_msp.o ABSOLUTE
    ../Src/stm32f1xx_it.c                    0x00000000   Number         0  stm32f1xx_it.o ABSOLUTE
    ../clib/microlib/division.c              0x00000000   Number         0  uldiv.o ABSOLUTE
    ../clib/microlib/division.c              0x00000000   Number         0  uidiv.o ABSOLUTE
    ../clib/microlib/errno.c                 0x00000000   Number         0  errno.o ABSOLUTE
    ../clib/microlib/init/entry.s            0x00000000   Number         0  entry.o ABSOLUTE
    ../clib/microlib/init/entry.s            0x00000000   Number         0  entry8b.o ABSOLUTE
    ../clib/microlib/init/entry.s            0x00000000   Number         0  entry11b.o ABSOLUTE
    ../clib/microlib/init/entry.s            0x00000000   Number         0  entry2.o ABSOLUTE
    ../clib/microlib/init/entry.s            0x00000000   Number         0  entry11a.o ABSOLUTE
    ../clib/microlib/init/entry.s            0x00000000   Number         0  entry10b.o ABSOLUTE
    ../clib/microlib/init/entry.s            0x00000000   Number         0  entry10a.o ABSOLUTE
    ../clib/microlib/init/entry.s            0x00000000   Number         0  entry9b.o ABSOLUTE
    ../clib/microlib/init/entry.s            0x00000000   Number         0  entry9a.o ABSOLUTE
    ../clib/microlib/init/entry.s            0x00000000   Number         0  entry8a.o ABSOLUTE
    ../clib/microlib/init/entry.s            0x00000000   Number         0  entry7b.o ABSOLUTE
    ../clib/microlib/init/entry.s            0x00000000   Number         0  entry7a.o ABSOLUTE
    ../clib/microlib/init/entry.s            0x00000000   Number         0  entry5.o ABSOLUTE
    ../clib/microlib/longlong.c              0x00000000   Number         0  llshl.o ABSOLUTE
    ../clib/microlib/longlong.c              0x00000000   Number         0  llushr.o ABSOLUTE
    ../clib/microlib/longlong.c              0x00000000   Number         0  llsshr.o ABSOLUTE
    ../clib/microlib/printf/printf.c         0x00000000   Number         0  printf8.o ABSOLUTE
    ../clib/microlib/printf/printf.c         0x00000000   Number         0  printf7.o ABSOLUTE
    ../clib/microlib/printf/printf.c         0x00000000   Number         0  printf5.o ABSOLUTE
    ../clib/microlib/printf/printf.c         0x00000000   Number         0  printf3.o ABSOLUTE
    ../clib/microlib/printf/printf.c         0x00000000   Number         0  printf2.o ABSOLUTE
    ../clib/microlib/printf/printf.c         0x00000000   Number         0  printf1.o ABSOLUTE
    ../clib/microlib/printf/printf.c         0x00000000   Number         0  printf0.o ABSOLUTE
    ../clib/microlib/printf/printf.c         0x00000000   Number         0  printfb.o ABSOLUTE
    ../clib/microlib/printf/printf.c         0x00000000   Number         0  printf4.o ABSOLUTE
    ../clib/microlib/printf/printf.c         0x00000000   Number         0  printf6.o ABSOLUTE
    ../clib/microlib/printf/printf.c         0x00000000   Number         0  printfa.o ABSOLUTE
    ../clib/microlib/printf/stubs.s          0x00000000   Number         0  stubs.o ABSOLUTE
    ../clib/microlib/stdio/streams.c         0x00000000   Number         0  stdout.o ABSOLUTE
    ../clib/microlib/string/memcpy.c         0x00000000   Number         0  memcpya.o ABSOLUTE
    ../clib/microlib/string/memcpy.c         0x00000000   Number         0  memcpyb.o ABSOLUTE
    ../clib/microlib/string/memset.c         0x00000000   Number         0  memseta.o ABSOLUTE
    ../clib/microlib/stubs.s                 0x00000000   Number         0  iusefp.o ABSOLUTE
    ../fplib/microlib/d2f.c                  0x00000000   Number         0  d2f.o ABSOLUTE
    ../fplib/microlib/fpadd.c                0x00000000   Number         0  dadd.o ABSOLUTE
    ../fplib/microlib/fpadd.c                0x00000000   Number         0  fadd.o ABSOLUTE
    ../fplib/microlib/fpdiv.c                0x00000000   Number         0  fdiv.o ABSOLUTE
    ../fplib/microlib/fpdiv.c                0x00000000   Number         0  ddiv.o ABSOLUTE
    ../fplib/microlib/fpepilogue.c           0x00000000   Number         0  fepilogue.o ABSOLUTE
    ../fplib/microlib/fpepilogue.c           0x00000000   Number         0  depilogue.o ABSOLUTE
    ../fplib/microlib/fpfix.c                0x00000000   Number         0  dfixul.o ABSOLUTE
    ../fplib/microlib/fpfix.c                0x00000000   Number         0  ffixir.o ABSOLUTE
    ../fplib/microlib/fpflt.c                0x00000000   Number         0  dfltui.o ABSOLUTE
    ../fplib/microlib/fpflt.c                0x00000000   Number         0  fflti.o ABSOLUTE
    ../fplib/microlib/fpmul.c                0x00000000   Number         0  fmul.o ABSOLUTE
    ../fplib/microlib/fpmul.c                0x00000000   Number         0  dmul.o ABSOLUTE
    ../fplib/microlib/fpscalb.c              0x00000000   Number         0  fscalb.o ABSOLUTE
    ../fplib/microlib/fpstat.c               0x00000000   Number         0  fpstat.o ABSOLUTE
    ../mathlib/fpclassifyf.c                 0x00000000   Number         0  fpclassifyf.o ABSOLUTE
    ../mathlib/funder.c                      0x00000000   Number         0  funder.o ABSOLUTE
    ../mathlib/powf.c                        0x00000000   Number         0  powf.o ABSOLUTE
    ../mathlib/powf.c                        0x00000000   Number         0  powf_x.o ABSOLUTE
    ..\Drivers\STM32F1xx_HAL_Driver\Src\stm32f1xx_hal.c 0x00000000   Number         0  stm32f1xx_hal.o ABSOLUTE
    ..\Drivers\STM32F1xx_HAL_Driver\Src\stm32f1xx_hal_adc.c 0x00000000   Number         0  stm32f1xx_hal_adc.o ABSOLUTE
    ..\Drivers\STM32F1xx_HAL_Driver\Src\stm32f1xx_hal_adc_ex.c 0x00000000   Number         0  stm32f1xx_hal_adc_ex.o ABSOLUTE
    ..\Drivers\STM32F1xx_HAL_Driver\Src\stm32f1xx_hal_cortex.c 0x00000000   Number         0  stm32f1xx_hal_cortex.o ABSOLUTE
    ..\Drivers\STM32F1xx_HAL_Driver\Src\stm32f1xx_hal_dma.c 0x00000000   Number         0  stm32f1xx_hal_dma.o ABSOLUTE
    ..\Drivers\STM32F1xx_HAL_Driver\Src\stm32f1xx_hal_flash.c 0x00000000   Number         0  stm32f1xx_hal_flash.o ABSOLUTE
    ..\Drivers\STM32F1xx_HAL_Driver\Src\stm32f1xx_hal_flash_ex.c 0x00000000   Number         0  stm32f1xx_hal_flash_ex.o ABSOLUTE
    ..\Drivers\STM32F1xx_HAL_Driver\Src\stm32f1xx_hal_gpio.c 0x00000000   Number         0  stm32f1xx_hal_gpio.o ABSOLUTE
    ..\Drivers\STM32F1xx_HAL_Driver\Src\stm32f1xx_hal_gpio_ex.c 0x00000000   Number         0  stm32f1xx_hal_gpio_ex.o ABSOLUTE
    ..\Drivers\STM32F1xx_HAL_Driver\Src\stm32f1xx_hal_pwr.c 0x00000000   Number         0  stm32f1xx_hal_pwr.o ABSOLUTE
    ..\Drivers\STM32F1xx_HAL_Driver\Src\stm32f1xx_hal_rcc.c 0x00000000   Number         0  stm32f1xx_hal_rcc.o ABSOLUTE
    ..\Drivers\STM32F1xx_HAL_Driver\Src\stm32f1xx_hal_rcc_ex.c 0x00000000   Number         0  stm32f1xx_hal_rcc_ex.o ABSOLUTE
    ..\Drivers\STM32F1xx_HAL_Driver\Src\stm32f1xx_hal_spi.c 0x00000000   Number         0  stm32f1xx_hal_spi.o ABSOLUTE
    ..\Drivers\STM32F1xx_HAL_Driver\Src\stm32f1xx_hal_spi_ex.c 0x00000000   Number         0  stm32f1xx_hal_spi_ex.o ABSOLUTE
    ..\Drivers\STM32F1xx_HAL_Driver\Src\stm32f1xx_hal_tim.c 0x00000000   Number         0  stm32f1xx_hal_tim.o ABSOLUTE
    ..\Drivers\STM32F1xx_HAL_Driver\Src\stm32f1xx_hal_tim_ex.c 0x00000000   Number         0  stm32f1xx_hal_tim_ex.o ABSOLUTE
    ..\Drivers\STM32F1xx_HAL_Driver\Src\stm32f1xx_hal_uart.c 0x00000000   Number         0  stm32f1xx_hal_uart.o ABSOLUTE
    ..\Src\SX1278.c                          0x00000000   Number         0  sx1278.o ABSOLUTE
    ..\Src\ds18b20_mflib.c                   0x00000000   Number         0  ds18b20_mflib.o ABSOLUTE
    ..\Src\dwt_stm32_delay.c                 0x00000000   Number         0  dwt_stm32_delay.o ABSOLUTE
    ..\Src\main.c                            0x00000000   Number         0  main.o ABSOLUTE
    ..\Src\stm32f1xx_hal_msp.c               0x00000000   Number         0  stm32f1xx_hal_msp.o ABSOLUTE
    ..\Src\stm32f1xx_it.c                    0x00000000   Number         0  stm32f1xx_it.o ABSOLUTE
    ..\Src\user_delay.c                      0x00000000   Number         0  user_delay.o ABSOLUTE
    ..\\Src\\SX1278.c                        0x00000000   Number         0  sx1278.o ABSOLUTE
    ..\\Src\\ds18b20_mflib.c                 0x00000000   Number         0  ds18b20_mflib.o ABSOLUTE
    ..\\Src\\dwt_stm32_delay.c               0x00000000   Number         0  dwt_stm32_delay.o ABSOLUTE
    ..\\Src\\user_delay.c                    0x00000000   Number         0  user_delay.o ABSOLUTE
    ..\\Src\system_stm32f1xx.c               0x00000000   Number         0  system_stm32f1xx.o ABSOLUTE
    cdrcmple.s                               0x00000000   Number         0  cdrcmple.o ABSOLUTE
    dc.s                                     0x00000000   Number         0  dc.o ABSOLUTE
    handlers.s                               0x00000000   Number         0  handlers.o ABSOLUTE
    init.s                                   0x00000000   Number         0  init.o ABSOLUTE
    startup_stm32f103xb.s                    0x00000000   Number         0  startup_stm32f103xb.o ABSOLUTE
    RESET                                    0x08000000   Section      236  startup_stm32f103xb.o(RESET)
    .ARM.Collect$$$$00000000                 0x080000ec   Section        0  entry.o(.ARM.Collect$$$$00000000)
    .ARM.Collect$$$$00000001                 0x080000ec   Section        4  entry2.o(.ARM.Collect$$$$00000001)
    .ARM.Collect$$$$00000004                 0x080000f0   Section        4  entry5.o(.ARM.Collect$$$$00000004)
    .ARM.Collect$$$$00000008                 0x080000f4   Section        0  entry7b.o(.ARM.Collect$$$$00000008)
    .ARM.Collect$$$$0000000A                 0x080000f4   Section        0  entry8b.o(.ARM.Collect$$$$0000000A)
    .ARM.Collect$$$$0000000B                 0x080000f4   Section        8  entry9a.o(.ARM.Collect$$$$0000000B)
    .ARM.Collect$$$$0000000D                 0x080000fc   Section        0  entry10a.o(.ARM.Collect$$$$0000000D)
    .ARM.Collect$$$$0000000F                 0x080000fc   Section        0  entry11a.o(.ARM.Collect$$$$0000000F)
    .ARM.Collect$$$$00002712                 0x080000fc   Section        4  entry2.o(.ARM.Collect$$$$00002712)
    __lit__00000000                          0x080000fc   Data           4  entry2.o(.ARM.Collect$$$$00002712)
    .text                                    0x08000100   Section       36  startup_stm32f103xb.o(.text)
    .text                                    0x08000124   Section        0  llushr.o(.text)
    .text                                    0x08000144   Section        0  memcpya.o(.text)
    .text                                    0x08000168   Section        0  memseta.o(.text)
    .text                                    0x0800018c   Section        0  dadd.o(.text)
    .text                                    0x080002da   Section        0  dmul.o(.text)
    .text                                    0x080003be   Section        0  ddiv.o(.text)
    .text                                    0x0800049c   Section        0  dfltui.o(.text)
    .text                                    0x080004b6   Section        0  d2f.o(.text)
    .text                                    0x080004ee   Section        0  uidiv.o(.text)
    .text                                    0x0800051a   Section        0  llshl.o(.text)
    .text                                    0x08000538   Section        0  llsshr.o(.text)
    .text                                    0x0800055c   Section        0  iusefp.o(.text)
    .text                                    0x0800055c   Section        0  fepilogue.o(.text)
    .text                                    0x080005ca   Section        0  depilogue.o(.text)
    .text                                    0x08000684   Section       36  init.o(.text)
    i.ADC1_2_IRQHandler                      0x080006a8   Section        0  stm32f1xx_it.o(i.ADC1_2_IRQHandler)
    i.ADC_ConversionStop_Disable             0x080006b4   Section        0  stm32f1xx_hal_adc.o(i.ADC_ConversionStop_Disable)
    i.ADC_DMAConvCplt                        0x08000700   Section        0  stm32f1xx_hal_adc.o(i.ADC_DMAConvCplt)
    i.ADC_DMAError                           0x0800074e   Section        0  stm32f1xx_hal_adc.o(i.ADC_DMAError)
    i.ADC_DMAHalfConvCplt                    0x08000768   Section        0  stm32f1xx_hal_adc.o(i.ADC_DMAHalfConvCplt)
    i.ADC_Enable                             0x08000774   Section        0  stm32f1xx_hal_adc.o(i.ADC_Enable)
    i.BusFault_Handler                       0x080007e4   Section        0  stm32f1xx_it.o(i.BusFault_Handler)
    i.DMA1_Channel1_IRQHandler               0x080007e8   Section        0  stm32f1xx_it.o(i.DMA1_Channel1_IRQHandler)
    i.DMA_SetConfig                          0x080007f4   Section        0  stm32f1xx_hal_dma.o(i.DMA_SetConfig)
    DMA_SetConfig                            0x080007f5   Thumb Code    42  stm32f1xx_hal_dma.o(i.DMA_SetConfig)
    i.DebugMon_Handler                       0x0800081e   Section        0  stm32f1xx_it.o(i.DebugMon_Handler)
    i.HAL_ADCEx_InjectedConvCpltCallback     0x08000820   Section        0  stm32f1xx_hal_adc_ex.o(i.HAL_ADCEx_InjectedConvCpltCallback)
    i.HAL_ADC_ConfigChannel                  0x08000824   Section        0  stm32f1xx_hal_adc.o(i.HAL_ADC_ConfigChannel)
    i.HAL_ADC_ConvCpltCallback               0x08000920   Section        0  stm32f1xx_hal_adc.o(i.HAL_ADC_ConvCpltCallback)
    i.HAL_ADC_ConvHalfCpltCallback           0x08000922   Section        0  stm32f1xx_hal_adc.o(i.HAL_ADC_ConvHalfCpltCallback)
    i.HAL_ADC_ErrorCallback                  0x08000924   Section        0  stm32f1xx_hal_adc.o(i.HAL_ADC_ErrorCallback)
    i.HAL_ADC_IRQHandler                     0x08000926   Section        0  stm32f1xx_hal_adc.o(i.HAL_ADC_IRQHandler)
    i.HAL_ADC_Init                           0x08000a0c   Section        0  stm32f1xx_hal_adc.o(i.HAL_ADC_Init)
    i.HAL_ADC_LevelOutOfWindowCallback       0x08000b28   Section        0  stm32f1xx_hal_adc.o(i.HAL_ADC_LevelOutOfWindowCallback)
    i.HAL_ADC_MspInit                        0x08000b2c   Section        0  stm32f1xx_hal_msp.o(i.HAL_ADC_MspInit)
    i.HAL_ADC_Start_DMA                      0x08000bd4   Section        0  stm32f1xx_hal_adc.o(i.HAL_ADC_Start_DMA)
    i.HAL_ADC_Start_IT                       0x08000ce0   Section        0  stm32f1xx_hal_adc.o(i.HAL_ADC_Start_IT)
    i.HAL_DMA_Abort_IT                       0x08000dac   Section        0  stm32f1xx_hal_dma.o(i.HAL_DMA_Abort_IT)
    i.HAL_DMA_IRQHandler                     0x08000e44   Section        0  stm32f1xx_hal_dma.o(i.HAL_DMA_IRQHandler)
    i.HAL_DMA_Init                           0x08000f98   Section        0  stm32f1xx_hal_dma.o(i.HAL_DMA_Init)
    i.HAL_DMA_Start_IT                       0x08000ffc   Section        0  stm32f1xx_hal_dma.o(i.HAL_DMA_Start_IT)
    i.HAL_Delay                              0x0800106c   Section        0  stm32f1xx_hal.o(i.HAL_Delay)
    i.HAL_GPIO_Init                          0x08001090   Section        0  stm32f1xx_hal_gpio.o(i.HAL_GPIO_Init)
    i.HAL_GPIO_ReadPin                       0x0800124c   Section        0  stm32f1xx_hal_gpio.o(i.HAL_GPIO_ReadPin)
    i.HAL_GPIO_TogglePin                     0x08001256   Section        0  stm32f1xx_hal_gpio.o(i.HAL_GPIO_TogglePin)
    i.HAL_GPIO_WritePin                      0x0800125e   Section        0  stm32f1xx_hal_gpio.o(i.HAL_GPIO_WritePin)
    i.HAL_GetTick                            0x08001268   Section        0  stm32f1xx_hal.o(i.HAL_GetTick)
    i.HAL_IncTick                            0x08001274   Section        0  stm32f1xx_hal.o(i.HAL_IncTick)
    i.HAL_Init                               0x08001284   Section        0  stm32f1xx_hal.o(i.HAL_Init)
    i.HAL_InitTick                           0x080012a8   Section        0  stm32f1xx_hal.o(i.HAL_InitTick)
    i.HAL_MspInit                            0x080012e8   Section        0  stm32f1xx_hal_msp.o(i.HAL_MspInit)
    i.HAL_MultiProcessor_Init                0x08001378   Section        0  stm32f1xx_hal_uart.o(i.HAL_MultiProcessor_Init)
    i.HAL_NVIC_EnableIRQ                     0x080013fa   Section        0  stm32f1xx_hal_cortex.o(i.HAL_NVIC_EnableIRQ)
    i.HAL_NVIC_SetPriority                   0x08001410   Section        0  stm32f1xx_hal_cortex.o(i.HAL_NVIC_SetPriority)
    i.HAL_NVIC_SetPriorityGrouping           0x08001450   Section        0  stm32f1xx_hal_cortex.o(i.HAL_NVIC_SetPriorityGrouping)
    i.HAL_RCCEx_PeriphCLKConfig              0x08001474   Section        0  stm32f1xx_hal_rcc_ex.o(i.HAL_RCCEx_PeriphCLKConfig)
    i.HAL_RCC_ClockConfig                    0x08001560   Section        0  stm32f1xx_hal_rcc.o(i.HAL_RCC_ClockConfig)
    i.HAL_RCC_GetHCLKFreq                    0x080016b4   Section        0  stm32f1xx_hal_rcc.o(i.HAL_RCC_GetHCLKFreq)
    i.HAL_RCC_GetPCLK1Freq                   0x080016c0   Section        0  stm32f1xx_hal_rcc.o(i.HAL_RCC_GetPCLK1Freq)
    i.HAL_RCC_GetPCLK2Freq                   0x080016e0   Section        0  stm32f1xx_hal_rcc.o(i.HAL_RCC_GetPCLK2Freq)
    i.HAL_RCC_GetSysClockFreq                0x08001700   Section        0  stm32f1xx_hal_rcc.o(i.HAL_RCC_GetSysClockFreq)
    i.HAL_RCC_OscConfig                      0x0800176c   Section        0  stm32f1xx_hal_rcc.o(i.HAL_RCC_OscConfig)
    i.HAL_SPI_GetState                       0x08001a70   Section        0  stm32f1xx_hal_spi.o(i.HAL_SPI_GetState)
    i.HAL_SPI_Init                           0x08001a76   Section        0  stm32f1xx_hal_spi_ex.o(i.HAL_SPI_Init)
    i.HAL_SPI_MspInit                        0x08001af8   Section        0  stm32f1xx_hal_msp.o(i.HAL_SPI_MspInit)
    i.HAL_SPI_Transmit                       0x08001b50   Section        0  stm32f1xx_hal_spi.o(i.HAL_SPI_Transmit)
    i.HAL_SPI_TransmitReceive                0x08001cb8   Section        0  stm32f1xx_hal_spi.o(i.HAL_SPI_TransmitReceive)
    i.HAL_SYSTICK_CLKSourceConfig            0x08001e90   Section        0  stm32f1xx_hal_cortex.o(i.HAL_SYSTICK_CLKSourceConfig)
    i.HAL_SYSTICK_Callback                   0x08001ea8   Section        0  stm32f1xx_hal_cortex.o(i.HAL_SYSTICK_Callback)
    i.HAL_SYSTICK_Config                     0x08001eaa   Section        0  stm32f1xx_hal_cortex.o(i.HAL_SYSTICK_Config)
    i.HAL_SYSTICK_IRQHandler                 0x08001ed2   Section        0  stm32f1xx_hal_cortex.o(i.HAL_SYSTICK_IRQHandler)
    i.HAL_TIMEx_BreakCallback                0x08001eda   Section        0  stm32f1xx_hal_tim_ex.o(i.HAL_TIMEx_BreakCallback)
    i.HAL_TIMEx_CommutationCallback          0x08001edc   Section        0  stm32f1xx_hal_tim_ex.o(i.HAL_TIMEx_CommutationCallback)
    i.HAL_TIMEx_MasterConfigSynchronization  0x08001ede   Section        0  stm32f1xx_hal_tim_ex.o(i.HAL_TIMEx_MasterConfigSynchronization)
    i.HAL_TIM_Base_Init                      0x08001f2e   Section        0  stm32f1xx_hal_tim.o(i.HAL_TIM_Base_Init)
    i.HAL_TIM_Base_MspInit                   0x08001f64   Section        0  stm32f1xx_hal_msp.o(i.HAL_TIM_Base_MspInit)
    i.HAL_TIM_Base_Start                     0x08001f9c   Section        0  stm32f1xx_hal_tim.o(i.HAL_TIM_Base_Start)
    i.HAL_TIM_Base_Start_IT                  0x08001fb6   Section        0  stm32f1xx_hal_tim.o(i.HAL_TIM_Base_Start_IT)
    i.HAL_TIM_ConfigClockSource              0x08001fce   Section        0  stm32f1xx_hal_tim.o(i.HAL_TIM_ConfigClockSource)
    i.HAL_TIM_IC_CaptureCallback             0x080020c0   Section        0  stm32f1xx_hal_tim.o(i.HAL_TIM_IC_CaptureCallback)
    i.HAL_TIM_IRQHandler                     0x080020c2   Section        0  stm32f1xx_hal_tim.o(i.HAL_TIM_IRQHandler)
    i.HAL_TIM_OC_DelayElapsedCallback        0x08002228   Section        0  stm32f1xx_hal_tim.o(i.HAL_TIM_OC_DelayElapsedCallback)
    i.HAL_TIM_PWM_PulseFinishedCallback      0x0800222a   Section        0  stm32f1xx_hal_tim.o(i.HAL_TIM_PWM_PulseFinishedCallback)
    i.HAL_TIM_PeriodElapsedCallback          0x0800222c   Section        0  main.o(i.HAL_TIM_PeriodElapsedCallback)
    i.HAL_TIM_TriggerCallback                0x0800222e   Section        0  stm32f1xx_hal_tim.o(i.HAL_TIM_TriggerCallback)
    i.HAL_UART_ErrorCallback                 0x08002230   Section        0  stm32f1xx_hal_uart.o(i.HAL_UART_ErrorCallback)
    i.HAL_UART_IRQHandler                    0x08002234   Section        0  stm32f1xx_hal_uart.o(i.HAL_UART_IRQHandler)
    i.HAL_UART_MspInit                       0x08002344   Section        0  stm32f1xx_hal_msp.o(i.HAL_UART_MspInit)
    i.HAL_UART_RxCpltCallback                0x080023b0   Section        0  stm32f1xx_hal_uart.o(i.HAL_UART_RxCpltCallback)
    i.HAL_UART_Transmit                      0x080023b2   Section        0  stm32f1xx_hal_uart.o(i.HAL_UART_Transmit)
    i.HAL_UART_TxCpltCallback                0x0800246c   Section        0  stm32f1xx_hal_uart.o(i.HAL_UART_TxCpltCallback)
    i.HardFault_Handler                      0x0800246e   Section        0  stm32f1xx_it.o(i.HardFault_Handler)
    i.MX_ADC1_Init                           0x08002470   Section        0  main.o(i.MX_ADC1_Init)
    MX_ADC1_Init                             0x08002471   Thumb Code    98  main.o(i.MX_ADC1_Init)
    i.MX_GPIO_Init                           0x080024dc   Section        0  main.o(i.MX_GPIO_Init)
    MX_GPIO_Init                             0x080024dd   Thumb Code   260  main.o(i.MX_GPIO_Init)
    i.MX_SPI1_Init                           0x080025f0   Section        0  main.o(i.MX_SPI1_Init)
    MX_SPI1_Init                             0x080025f1   Thumb Code    56  main.o(i.MX_SPI1_Init)
    i.MX_TIM2_Init                           0x08002630   Section        0  main.o(i.MX_TIM2_Init)
    MX_TIM2_Init                             0x08002631   Thumb Code    78  main.o(i.MX_TIM2_Init)
    i.MX_USART1_UART_Init                    0x08002684   Section        0  main.o(i.MX_USART1_UART_Init)
    MX_USART1_UART_Init                      0x08002685   Thumb Code    44  main.o(i.MX_USART1_UART_Init)
    i.MemManage_Handler                      0x080026b8   Section        0  stm32f1xx_it.o(i.MemManage_Handler)
    i.NMI_Handler                            0x080026ba   Section        0  stm32f1xx_it.o(i.NMI_Handler)
    i.NVIC_SetPriority                       0x080026bc   Section        0  stm32f1xx_hal_cortex.o(i.NVIC_SetPriority)
    NVIC_SetPriority                         0x080026bd   Thumb Code    32  stm32f1xx_hal_cortex.o(i.NVIC_SetPriority)
    i.PendSV_Handler                         0x080026dc   Section        0  stm32f1xx_it.o(i.PendSV_Handler)
    i.SPI_CheckFlag_BSY                      0x080026de   Section        0  stm32f1xx_hal_spi.o(i.SPI_CheckFlag_BSY)
    SPI_CheckFlag_BSY                        0x080026df   Thumb Code    32  stm32f1xx_hal_spi.o(i.SPI_CheckFlag_BSY)
    i.SPI_WaitFlagStateUntilTimeout          0x080026fe   Section        0  stm32f1xx_hal_spi.o(i.SPI_WaitFlagStateUntilTimeout)
    SPI_WaitFlagStateUntilTimeout            0x080026ff   Thumb Code   150  stm32f1xx_hal_spi.o(i.SPI_WaitFlagStateUntilTimeout)
    i.SVC_Handler                            0x08002794   Section        0  stm32f1xx_it.o(i.SVC_Handler)
    i.SX1278_LoRaEntryRx                     0x08002796   Section        0  sx1278.o(i.SX1278_LoRaEntryRx)
    i.SX1278_LoRaEntryTx                     0x0800282e   Section        0  sx1278.o(i.SX1278_LoRaEntryTx)
    i.SX1278_LoRaRxPacket                    0x080028ae   Section        0  sx1278.o(i.SX1278_LoRaRxPacket)
    i.SX1278_LoRaTxPacket                    0x08002908   Section        0  sx1278.o(i.SX1278_LoRaTxPacket)
    i.SX1278_SPIBurstRead                    0x0800295e   Section        0  sx1278.o(i.SX1278_SPIBurstRead)
    i.SX1278_SPIBurstWrite                   0x0800299c   Section        0  sx1278.o(i.SX1278_SPIBurstWrite)
    i.SX1278_SPIRead                         0x080029de   Section        0  sx1278.o(i.SX1278_SPIRead)
    i.SX1278_SPIWrite                        0x080029fc   Section        0  sx1278.o(i.SX1278_SPIWrite)
    i.SX1278_begin                           0x08002a28   Section        0  sx1278.o(i.SX1278_begin)
    i.SX1278_clearLoRaIrq                    0x08002a56   Section        0  sx1278.o(i.SX1278_clearLoRaIrq)
    i.SX1278_config                          0x08002a60   Section        0  sx1278.o(i.SX1278_config)
    i.SX1278_defaultConfig                   0x08002b5c   Section        0  sx1278.o(i.SX1278_defaultConfig)
    i.SX1278_entryLoRa                       0x08002b6e   Section        0  sx1278.o(i.SX1278_entryLoRa)
    i.SX1278_hw_DelayMs                      0x08002b76   Section        0  sx1278.o(i.SX1278_hw_DelayMs)
    i.SX1278_hw_GetDIO0                      0x08002b7a   Section        0  sx1278.o(i.SX1278_hw_GetDIO0)
    i.SX1278_hw_Reset                        0x08002b8e   Section        0  sx1278.o(i.SX1278_hw_Reset)
    i.SX1278_hw_SPICommand                   0x08002bbe   Section        0  sx1278.o(i.SX1278_hw_SPICommand)
    i.SX1278_hw_SPIReadByte                  0x08002be2   Section        0  sx1278.o(i.SX1278_hw_SPIReadByte)
    i.SX1278_hw_SetNSS                       0x08002c1a   Section        0  sx1278.o(i.SX1278_hw_SetNSS)
    i.SX1278_hw_init                         0x08002c2e   Section        0  sx1278.o(i.SX1278_hw_init)
    i.SX1278_read                            0x08002c48   Section        0  sx1278.o(i.SX1278_read)
    i.SX1278_sleep                           0x08002c72   Section        0  sx1278.o(i.SX1278_sleep)
    i.SX1278_standby                         0x08002c84   Section        0  sx1278.o(i.SX1278_standby)
    i.SysTick_Handler                        0x08002c96   Section        0  stm32f1xx_it.o(i.SysTick_Handler)
    i.SystemClock_Config                     0x08002ca4   Section        0  main.o(i.SystemClock_Config)
    i.SystemInit                             0x08002d20   Section        0  system_stm32f1xx.o(i.SystemInit)
    i.TIM2_IRQHandler                        0x08002d68   Section        0  stm32f1xx_it.o(i.TIM2_IRQHandler)
    i.TIM_Base_SetConfig                     0x08002d74   Section        0  stm32f1xx_hal_tim.o(i.TIM_Base_SetConfig)
    i.TIM_ETR_SetConfig                      0x08002de0   Section        0  stm32f1xx_hal_tim.o(i.TIM_ETR_SetConfig)
    TIM_ETR_SetConfig                        0x08002de1   Thumb Code    20  stm32f1xx_hal_tim.o(i.TIM_ETR_SetConfig)
    i.TIM_ITRx_SetConfig                     0x08002df4   Section        0  stm32f1xx_hal_tim.o(i.TIM_ITRx_SetConfig)
    TIM_ITRx_SetConfig                       0x08002df5   Thumb Code    16  stm32f1xx_hal_tim.o(i.TIM_ITRx_SetConfig)
    i.TIM_TI1_ConfigInputStage               0x08002e04   Section        0  stm32f1xx_hal_tim.o(i.TIM_TI1_ConfigInputStage)
    TIM_TI1_ConfigInputStage                 0x08002e05   Thumb Code    34  stm32f1xx_hal_tim.o(i.TIM_TI1_ConfigInputStage)
    i.TIM_TI2_ConfigInputStage               0x08002e26   Section        0  stm32f1xx_hal_tim.o(i.TIM_TI2_ConfigInputStage)
    TIM_TI2_ConfigInputStage                 0x08002e27   Thumb Code    36  stm32f1xx_hal_tim.o(i.TIM_TI2_ConfigInputStage)
    i.UART_DMAAbortOnError                   0x08002e4a   Section        0  stm32f1xx_hal_uart.o(i.UART_DMAAbortOnError)
    UART_DMAAbortOnError                     0x08002e4b   Thumb Code    16  stm32f1xx_hal_uart.o(i.UART_DMAAbortOnError)
    i.UART_EndRxTransfer                     0x08002e5a   Section        0  stm32f1xx_hal_uart.o(i.UART_EndRxTransfer)
    UART_EndRxTransfer                       0x08002e5b   Thumb Code    28  stm32f1xx_hal_uart.o(i.UART_EndRxTransfer)
    i.UART_Receive_IT                        0x08002e76   Section        0  stm32f1xx_hal_uart.o(i.UART_Receive_IT)
    UART_Receive_IT                          0x08002e77   Thumb Code   150  stm32f1xx_hal_uart.o(i.UART_Receive_IT)
    i.UART_SetConfig                         0x08002f0c   Section        0  stm32f1xx_hal_uart.o(i.UART_SetConfig)
    UART_SetConfig                           0x08002f0d   Thumb Code   364  stm32f1xx_hal_uart.o(i.UART_SetConfig)
    i.UART_Transmit_IT                       0x0800307c   Section        0  stm32f1xx_hal_uart.o(i.UART_Transmit_IT)
    UART_Transmit_IT                         0x0800307d   Thumb Code    98  stm32f1xx_hal_uart.o(i.UART_Transmit_IT)
    i.UART_WaitOnFlagUntilTimeout            0x080030de   Section        0  stm32f1xx_hal_uart.o(i.UART_WaitOnFlagUntilTimeout)
    UART_WaitOnFlagUntilTimeout              0x080030df   Thumb Code   100  stm32f1xx_hal_uart.o(i.UART_WaitOnFlagUntilTimeout)
    i.USART1_IRQHandler                      0x08003144   Section        0  stm32f1xx_it.o(i.USART1_IRQHandler)
    i.UsageFault_Handler                     0x08003150   Section        0  stm32f1xx_it.o(i.UsageFault_Handler)
    i._Error_Handler                         0x08003152   Section        0  main.o(i._Error_Handler)
    i.__0printf$6                            0x08003154   Section        0  printf6.o(i.__0printf$6)
    i.__0sprintf$6                           0x08003174   Section        0  printf6.o(i.__0sprintf$6)
    i.__scatterload_copy                     0x0800319c   Section       14  handlers.o(i.__scatterload_copy)
    i.__scatterload_null                     0x080031aa   Section        2  handlers.o(i.__scatterload_null)
    i.__scatterload_zeroinit                 0x080031ac   Section       14  handlers.o(i.__scatterload_zeroinit)
    i._printf_core                           0x080031bc   Section        0  printf6.o(i._printf_core)
    _printf_core                             0x080031bd   Thumb Code   748  printf6.o(i._printf_core)
    i._printf_post_padding                   0x080034ac   Section        0  printf6.o(i._printf_post_padding)
    _printf_post_padding                     0x080034ad   Thumb Code    36  printf6.o(i._printf_post_padding)
    i._printf_pre_padding                    0x080034d0   Section        0  printf6.o(i._printf_pre_padding)
    _printf_pre_padding                      0x080034d1   Thumb Code    46  printf6.o(i._printf_pre_padding)
    i._sputc                                 0x080034fe   Section        0  printf6.o(i._sputc)
    _sputc                                   0x080034ff   Thumb Code    10  printf6.o(i._sputc)
    i.fputc                                  0x08003508   Section        0  main.o(i.fputc)
    i.main                                   0x08003520   Section        0  main.o(i.main)
    .constdata                               0x08003790   Section       24  sx1278.o(.constdata)
    SX1278_Frequency                         0x08003790   Data           3  sx1278.o(.constdata)
    SX1278_Power                             0x08003793   Data           4  sx1278.o(.constdata)
    SX1278_SpreadFactor                      0x08003797   Data           7  sx1278.o(.constdata)
    SX1278_LoRaBandwidth                     0x0800379e   Data          10  sx1278.o(.constdata)
    .constdata                               0x080037a8   Section       16  system_stm32f1xx.o(.constdata)
    .constdata                               0x080037b8   Section        8  system_stm32f1xx.o(.constdata)
    .data                                    0x20000000   Section       34  main.o(.data)
    .data                                    0x20000024   Section       12  stm32f1xx_hal.o(.data)
    .data                                    0x20000030   Section        4  system_stm32f1xx.o(.data)
    .data                                    0x20000034   Section        4  stdout.o(.data)
    .bss                                     0x20000038   Section      700  main.o(.bss)
    .bss                                     0x200002f4   Section       68  main.o(.bss)
    STACK                                    0x20000338   Section     1024  startup_stm32f103xb.o(STACK)

    Global Symbols

    Symbol Name                              Value     Ov Type        Size  Object(Section)

    BuildAttributes$$THM_ISAv4$P$D$K$B$S$PE$A:L22UL41UL21$X:L11$S22US41US21$IEEE1$IW$USESV6$~STKCKD$USESV7$~SHL$OTIME$ROPI$IEEEX$EBA8$MICROLIB$REQ8$PRES8$EABIv2 0x00000000   Number         0  anon$$obj.o ABSOLUTE
    __ARM_use_no_argv                        0x00000000   Number         0  main.o ABSOLUTE
    _printf_a                                0x00000000   Number         0  stubs.o ABSOLUTE
    _printf_c                                0x00000000   Number         0  stubs.o ABSOLUTE
    _printf_charcount                        0x00000000   Number         0  stubs.o ABSOLUTE
    _printf_d                                0x00000000   Number         0  stubs.o ABSOLUTE
    _printf_e                                0x00000000   Number         0  stubs.o ABSOLUTE
    _printf_f                                0x00000000   Number         0  stubs.o ABSOLUTE
    _printf_flags                            0x00000000   Number         0  stubs.o ABSOLUTE
    _printf_fp_dec                           0x00000000   Number         0  stubs.o ABSOLUTE
    _printf_fp_hex                           0x00000000   Number         0  stubs.o ABSOLUTE
    _printf_g                                0x00000000   Number         0  stubs.o ABSOLUTE
    _printf_i                                0x00000000   Number         0  stubs.o ABSOLUTE
    _printf_int_dec                          0x00000000   Number         0  stubs.o ABSOLUTE
    _printf_l                                0x00000000   Number         0  stubs.o ABSOLUTE
    _printf_lc                               0x00000000   Number         0  stubs.o ABSOLUTE
    _printf_ll                               0x00000000   Number         0  stubs.o ABSOLUTE
    _printf_lld                              0x00000000   Number         0  stubs.o ABSOLUTE
    _printf_lli                              0x00000000   Number         0  stubs.o ABSOLUTE
    _printf_llo                              0x00000000   Number         0  stubs.o ABSOLUTE
    _printf_llu                              0x00000000   Number         0  stubs.o ABSOLUTE
    _printf_llx                              0x00000000   Number         0  stubs.o ABSOLUTE
    _printf_longlong_dec                     0x00000000   Number         0  stubs.o ABSOLUTE
    _printf_longlong_hex                     0x00000000   Number         0  stubs.o ABSOLUTE
    _printf_longlong_oct                     0x00000000   Number         0  stubs.o ABSOLUTE
    _printf_ls                               0x00000000   Number         0  stubs.o ABSOLUTE
    _printf_mbtowc                           0x00000000   Number         0  stubs.o ABSOLUTE
    _printf_n                                0x00000000   Number         0  stubs.o ABSOLUTE
    _printf_o                                0x00000000   Number         0  stubs.o ABSOLUTE
    _printf_p                                0x00000000   Number         0  stubs.o ABSOLUTE
    _printf_percent                          0x00000000   Number         0  stubs.o ABSOLUTE
    _printf_pre_padding                      0x00000000   Number         0  stubs.o ABSOLUTE
    _printf_return_value                     0x00000000   Number         0  stubs.o ABSOLUTE
    _printf_s                                0x00000000   Number         0  stubs.o ABSOLUTE
    _printf_sizespec                         0x00000000   Number         0  stubs.o ABSOLUTE
    _printf_str                              0x00000000   Number         0  stubs.o ABSOLUTE
    _printf_truncate_signed                  0x00000000   Number         0  stubs.o ABSOLUTE
    _printf_truncate_unsigned                0x00000000   Number         0  stubs.o ABSOLUTE
    _printf_u                                0x00000000   Number         0  stubs.o ABSOLUTE
    _printf_wc                               0x00000000   Number         0  stubs.o ABSOLUTE
    _printf_wctomb                           0x00000000   Number         0  stubs.o ABSOLUTE
    _printf_widthprec                        0x00000000   Number         0  stubs.o ABSOLUTE
    _printf_x                                0x00000000   Number         0  stubs.o ABSOLUTE
    __cpp_initialize__aeabi_                  - Undefined Weak Reference
    __cxa_finalize                            - Undefined Weak Reference
    __decompress                              - Undefined Weak Reference
    _clock_init                               - Undefined Weak Reference
    _microlib_exit                            - Undefined Weak Reference
    __Vectors_Size                           0x000000ec   Number         0  startup_stm32f103xb.o ABSOLUTE
    __Vectors                                0x08000000   Data           4  startup_stm32f103xb.o(RESET)
    __Vectors_End                            0x080000ec   Data           0  startup_stm32f103xb.o(RESET)
    __main                                   0x080000ed   Thumb Code     0  entry.o(.ARM.Collect$$$$00000000)
    _main_stk                                0x080000ed   Thumb Code     0  entry2.o(.ARM.Collect$$$$00000001)
    _main_scatterload                        0x080000f1   Thumb Code     0  entry5.o(.ARM.Collect$$$$00000004)
    __main_after_scatterload                 0x080000f5   Thumb Code     0  entry5.o(.ARM.Collect$$$$00000004)
    _main_clock                              0x080000f5   Thumb Code     0  entry7b.o(.ARM.Collect$$$$00000008)
    _main_cpp_init                           0x080000f5   Thumb Code     0  entry8b.o(.ARM.Collect$$$$0000000A)
    _main_init                               0x080000f5   Thumb Code     0  entry9a.o(.ARM.Collect$$$$0000000B)
    __rt_final_cpp                           0x080000fd   Thumb Code     0  entry10a.o(.ARM.Collect$$$$0000000D)
    __rt_final_exit                          0x080000fd   Thumb Code     0  entry11a.o(.ARM.Collect$$$$0000000F)
    Reset_Handler                            0x08000101   Thumb Code     8  startup_stm32f103xb.o(.text)
    CAN1_RX1_IRQHandler                      0x0800011b   Thumb Code     0  startup_stm32f103xb.o(.text)
    CAN1_SCE_IRQHandler                      0x0800011b   Thumb Code     0  startup_stm32f103xb.o(.text)
    DMA1_Channel2_IRQHandler                 0x0800011b   Thumb Code     0  startup_stm32f103xb.o(.text)
    DMA1_Channel3_IRQHandler                 0x0800011b   Thumb Code     0  startup_stm32f103xb.o(.text)
    DMA1_Channel4_IRQHandler                 0x0800011b   Thumb Code     0  startup_stm32f103xb.o(.text)
    DMA1_Channel5_IRQHandler                 0x0800011b   Thumb Code     0  startup_stm32f103xb.o(.text)
    DMA1_Channel6_IRQHandler                 0x0800011b   Thumb Code     0  startup_stm32f103xb.o(.text)
    DMA1_Channel7_IRQHandler                 0x0800011b   Thumb Code     0  startup_stm32f103xb.o(.text)
    EXTI0_IRQHandler                         0x0800011b   Thumb Code     0  startup_stm32f103xb.o(.text)
    EXTI15_10_IRQHandler                     0x0800011b   Thumb Code     0  startup_stm32f103xb.o(.text)
    EXTI1_IRQHandler                         0x0800011b   Thumb Code     0  startup_stm32f103xb.o(.text)
    EXTI2_IRQHandler                         0x0800011b   Thumb Code     0  startup_stm32f103xb.o(.text)
    EXTI3_IRQHandler                         0x0800011b   Thumb Code     0  startup_stm32f103xb.o(.text)
    EXTI4_IRQHandler                         0x0800011b   Thumb Code     0  startup_stm32f103xb.o(.text)
    EXTI9_5_IRQHandler                       0x0800011b   Thumb Code     0  startup_stm32f103xb.o(.text)
    FLASH_IRQHandler                         0x0800011b   Thumb Code     0  startup_stm32f103xb.o(.text)
    I2C1_ER_IRQHandler                       0x0800011b   Thumb Code     0  startup_stm32f103xb.o(.text)
    I2C1_EV_IRQHandler                       0x0800011b   Thumb Code     0  startup_stm32f103xb.o(.text)
    I2C2_ER_IRQHandler                       0x0800011b   Thumb Code     0  startup_stm32f103xb.o(.text)
    I2C2_EV_IRQHandler                       0x0800011b   Thumb Code     0  startup_stm32f103xb.o(.text)
    PVD_IRQHandler                           0x0800011b   Thumb Code     0  startup_stm32f103xb.o(.text)
    RCC_IRQHandler                           0x0800011b   Thumb Code     0  startup_stm32f103xb.o(.text)
    RTC_Alarm_IRQHandler                     0x0800011b   Thumb Code     0  startup_stm32f103xb.o(.text)
    RTC_IRQHandler                           0x0800011b   Thumb Code     0  startup_stm32f103xb.o(.text)
    SPI1_IRQHandler                          0x0800011b   Thumb Code     0  startup_stm32f103xb.o(.text)
    SPI2_IRQHandler                          0x0800011b   Thumb Code     0  startup_stm32f103xb.o(.text)
    TAMPER_IRQHandler                        0x0800011b   Thumb Code     0  startup_stm32f103xb.o(.text)
    TIM1_BRK_IRQHandler                      0x0800011b   Thumb Code     0  startup_stm32f103xb.o(.text)
    TIM1_CC_IRQHandler                       0x0800011b   Thumb Code     0  startup_stm32f103xb.o(.text)
    TIM1_TRG_COM_IRQHandler                  0x0800011b   Thumb Code     0  startup_stm32f103xb.o(.text)
    TIM1_UP_IRQHandler                       0x0800011b   Thumb Code     0  startup_stm32f103xb.o(.text)
    TIM3_IRQHandler                          0x0800011b   Thumb Code     0  startup_stm32f103xb.o(.text)
    TIM4_IRQHandler                          0x0800011b   Thumb Code     0  startup_stm32f103xb.o(.text)
    USART2_IRQHandler                        0x0800011b   Thumb Code     0  startup_stm32f103xb.o(.text)
    USART3_IRQHandler                        0x0800011b   Thumb Code     0  startup_stm32f103xb.o(.text)
    USBWakeUp_IRQHandler                     0x0800011b   Thumb Code     0  startup_stm32f103xb.o(.text)
    USB_HP_CAN1_TX_IRQHandler                0x0800011b   Thumb Code     0  startup_stm32f103xb.o(.text)
    USB_LP_CAN1_RX0_IRQHandler               0x0800011b   Thumb Code     0  startup_stm32f103xb.o(.text)
    WWDG_IRQHandler                          0x0800011b   Thumb Code     0  startup_stm32f103xb.o(.text)
    __aeabi_llsr                             0x08000125   Thumb Code    32  llushr.o(.text)
    _ll_ushift_r                             0x08000125   Thumb Code     0  llushr.o(.text)
    __aeabi_memcpy                           0x08000145   Thumb Code    36  memcpya.o(.text)
    __aeabi_memcpy4                          0x08000145   Thumb Code     0  memcpya.o(.text)
    __aeabi_memcpy8                          0x08000145   Thumb Code     0  memcpya.o(.text)
    __aeabi_memset                           0x08000169   Thumb Code    14  memseta.o(.text)
    __aeabi_memset4                          0x08000169   Thumb Code     0  memseta.o(.text)
    __aeabi_memset8                          0x08000169   Thumb Code     0  memseta.o(.text)
    __aeabi_memclr                           0x08000177   Thumb Code     4  memseta.o(.text)
    __aeabi_memclr4                          0x08000177   Thumb Code     0  memseta.o(.text)
    __aeabi_memclr8                          0x08000177   Thumb Code     0  memseta.o(.text)
    _memset$wrapper                          0x0800017b   Thumb Code    18  memseta.o(.text)
    __aeabi_dadd                             0x0800018d   Thumb Code   322  dadd.o(.text)
    __aeabi_dsub                             0x080002cf   Thumb Code     6  dadd.o(.text)
    __aeabi_drsub                            0x080002d5   Thumb Code     6  dadd.o(.text)
    __aeabi_dmul                             0x080002db   Thumb Code   228  dmul.o(.text)
    __aeabi_ddiv                             0x080003bf   Thumb Code   222  ddiv.o(.text)
    __aeabi_ui2d                             0x0800049d   Thumb Code    26  dfltui.o(.text)
    __aeabi_d2f                              0x080004b7   Thumb Code    56  d2f.o(.text)
    __aeabi_uidiv                            0x080004ef   Thumb Code     0  uidiv.o(.text)
    __aeabi_uidivmod                         0x080004ef   Thumb Code    44  uidiv.o(.text)
    __aeabi_llsl                             0x0800051b   Thumb Code    30  llshl.o(.text)
    _ll_shift_l                              0x0800051b   Thumb Code     0  llshl.o(.text)
    __aeabi_lasr                             0x08000539   Thumb Code    36  llsshr.o(.text)
    _ll_sshift_r                             0x08000539   Thumb Code     0  llsshr.o(.text)
    __I$use$fp                               0x0800055d   Thumb Code     0  iusefp.o(.text)
    _float_round                             0x0800055d   Thumb Code    18  fepilogue.o(.text)
    _float_epilogue                          0x0800056f   Thumb Code    92  fepilogue.o(.text)
    _double_round                            0x080005cb   Thumb Code    30  depilogue.o(.text)
    _double_epilogue                         0x080005e9   Thumb Code   156  depilogue.o(.text)
    __scatterload                            0x08000685   Thumb Code    28  init.o(.text)
    __scatterload_rt2                        0x08000685   Thumb Code     0  init.o(.text)
    ADC1_2_IRQHandler                        0x080006a9   Thumb Code     6  stm32f1xx_it.o(i.ADC1_2_IRQHandler)
    ADC_ConversionStop_Disable               0x080006b5   Thumb Code    76  stm32f1xx_hal_adc.o(i.ADC_ConversionStop_Disable)
    ADC_DMAConvCplt                          0x08000701   Thumb Code    78  stm32f1xx_hal_adc.o(i.ADC_DMAConvCplt)
    ADC_DMAError                             0x0800074f   Thumb Code    26  stm32f1xx_hal_adc.o(i.ADC_DMAError)
    ADC_DMAHalfConvCplt                      0x08000769   Thumb Code    10  stm32f1xx_hal_adc.o(i.ADC_DMAHalfConvCplt)
    ADC_Enable                               0x08000775   Thumb Code   104  stm32f1xx_hal_adc.o(i.ADC_Enable)
    BusFault_Handler                         0x080007e5   Thumb Code     2  stm32f1xx_it.o(i.BusFault_Handler)
    DMA1_Channel1_IRQHandler                 0x080007e9   Thumb Code     6  stm32f1xx_it.o(i.DMA1_Channel1_IRQHandler)
    DebugMon_Handler                         0x0800081f   Thumb Code     2  stm32f1xx_it.o(i.DebugMon_Handler)
    HAL_ADCEx_InjectedConvCpltCallback       0x08000821   Thumb Code     2  stm32f1xx_hal_adc_ex.o(i.HAL_ADCEx_InjectedConvCpltCallback)
    HAL_ADC_ConfigChannel                    0x08000825   Thumb Code   240  stm32f1xx_hal_adc.o(i.HAL_ADC_ConfigChannel)
    HAL_ADC_ConvCpltCallback                 0x08000921   Thumb Code     2  stm32f1xx_hal_adc.o(i.HAL_ADC_ConvCpltCallback)
    HAL_ADC_ConvHalfCpltCallback             0x08000923   Thumb Code     2  stm32f1xx_hal_adc.o(i.HAL_ADC_ConvHalfCpltCallback)
    HAL_ADC_ErrorCallback                    0x08000925   Thumb Code     2  stm32f1xx_hal_adc.o(i.HAL_ADC_ErrorCallback)
    HAL_ADC_IRQHandler                       0x08000927   Thumb Code   230  stm32f1xx_hal_adc.o(i.HAL_ADC_IRQHandler)
    HAL_ADC_Init                             0x08000a0d   Thumb Code   272  stm32f1xx_hal_adc.o(i.HAL_ADC_Init)
    HAL_ADC_LevelOutOfWindowCallback         0x08000b29   Thumb Code     2  stm32f1xx_hal_adc.o(i.HAL_ADC_LevelOutOfWindowCallback)
    HAL_ADC_MspInit                          0x08000b2d   Thumb Code   118  stm32f1xx_hal_msp.o(i.HAL_ADC_MspInit)
    HAL_ADC_Start_DMA                        0x08000bd5   Thumb Code   246  stm32f1xx_hal_adc.o(i.HAL_ADC_Start_DMA)
    HAL_ADC_Start_IT                         0x08000ce1   Thumb Code   194  stm32f1xx_hal_adc.o(i.HAL_ADC_Start_IT)
    HAL_DMA_Abort_IT                         0x08000dad   Thumb Code   148  stm32f1xx_hal_dma.o(i.HAL_DMA_Abort_IT)
    HAL_DMA_IRQHandler                       0x08000e45   Thumb Code   316  stm32f1xx_hal_dma.o(i.HAL_DMA_IRQHandler)
    HAL_DMA_Init                             0x08000f99   Thumb Code    92  stm32f1xx_hal_dma.o(i.HAL_DMA_Init)
    HAL_DMA_Start_IT                         0x08000ffd   Thumb Code   112  stm32f1xx_hal_dma.o(i.HAL_DMA_Start_IT)
    HAL_Delay                                0x0800106d   Thumb Code    32  stm32f1xx_hal.o(i.HAL_Delay)
    HAL_GPIO_Init                            0x08001091   Thumb Code   408  stm32f1xx_hal_gpio.o(i.HAL_GPIO_Init)
    HAL_GPIO_ReadPin                         0x0800124d   Thumb Code    10  stm32f1xx_hal_gpio.o(i.HAL_GPIO_ReadPin)
    HAL_GPIO_TogglePin                       0x08001257   Thumb Code     8  stm32f1xx_hal_gpio.o(i.HAL_GPIO_TogglePin)
    HAL_GPIO_WritePin                        0x0800125f   Thumb Code    10  stm32f1xx_hal_gpio.o(i.HAL_GPIO_WritePin)
    HAL_GetTick                              0x08001269   Thumb Code     6  stm32f1xx_hal.o(i.HAL_GetTick)
    HAL_IncTick                              0x08001275   Thumb Code    12  stm32f1xx_hal.o(i.HAL_IncTick)
    HAL_Init                                 0x08001285   Thumb Code    32  stm32f1xx_hal.o(i.HAL_Init)
    HAL_InitTick                             0x080012a9   Thumb Code    54  stm32f1xx_hal.o(i.HAL_InitTick)
    HAL_MspInit                              0x080012e9   Thumb Code   134  stm32f1xx_hal_msp.o(i.HAL_MspInit)
    HAL_MultiProcessor_Init                  0x08001379   Thumb Code   130  stm32f1xx_hal_uart.o(i.HAL_MultiProcessor_Init)
    HAL_NVIC_EnableIRQ                       0x080013fb   Thumb Code    22  stm32f1xx_hal_cortex.o(i.HAL_NVIC_EnableIRQ)
    HAL_NVIC_SetPriority                     0x08001411   Thumb Code    60  stm32f1xx_hal_cortex.o(i.HAL_NVIC_SetPriority)
    HAL_NVIC_SetPriorityGrouping             0x08001451   Thumb Code    26  stm32f1xx_hal_cortex.o(i.HAL_NVIC_SetPriorityGrouping)
    HAL_RCCEx_PeriphCLKConfig                0x08001475   Thumb Code   224  stm32f1xx_hal_rcc_ex.o(i.HAL_RCCEx_PeriphCLKConfig)
    HAL_RCC_ClockConfig                      0x08001561   Thumb Code   322  stm32f1xx_hal_rcc.o(i.HAL_RCC_ClockConfig)
    HAL_RCC_GetHCLKFreq                      0x080016b5   Thumb Code     6  stm32f1xx_hal_rcc.o(i.HAL_RCC_GetHCLKFreq)
    HAL_RCC_GetPCLK1Freq                     0x080016c1   Thumb Code    20  stm32f1xx_hal_rcc.o(i.HAL_RCC_GetPCLK1Freq)
    HAL_RCC_GetPCLK2Freq                     0x080016e1   Thumb Code    20  stm32f1xx_hal_rcc.o(i.HAL_RCC_GetPCLK2Freq)
    HAL_RCC_GetSysClockFreq                  0x08001701   Thumb Code    74  stm32f1xx_hal_rcc.o(i.HAL_RCC_GetSysClockFreq)
    HAL_RCC_OscConfig                        0x0800176d   Thumb Code   750  stm32f1xx_hal_rcc.o(i.HAL_RCC_OscConfig)
    HAL_SPI_GetState                         0x08001a71   Thumb Code     6  stm32f1xx_hal_spi.o(i.HAL_SPI_GetState)
    HAL_SPI_Init                             0x08001a77   Thumb Code   130  stm32f1xx_hal_spi_ex.o(i.HAL_SPI_Init)
    HAL_SPI_MspInit                          0x08001af9   Thumb Code    74  stm32f1xx_hal_msp.o(i.HAL_SPI_MspInit)
    HAL_SPI_Transmit                         0x08001b51   Thumb Code   360  stm32f1xx_hal_spi.o(i.HAL_SPI_Transmit)
    HAL_SPI_TransmitReceive                  0x08001cb9   Thumb Code   472  stm32f1xx_hal_spi.o(i.HAL_SPI_TransmitReceive)
    HAL_SYSTICK_CLKSourceConfig              0x08001e91   Thumb Code    24  stm32f1xx_hal_cortex.o(i.HAL_SYSTICK_CLKSourceConfig)
    HAL_SYSTICK_Callback                     0x08001ea9   Thumb Code     2  stm32f1xx_hal_cortex.o(i.HAL_SYSTICK_Callback)
    HAL_SYSTICK_Config                       0x08001eab   Thumb Code    40  stm32f1xx_hal_cortex.o(i.HAL_SYSTICK_Config)
    HAL_SYSTICK_IRQHandler                   0x08001ed3   Thumb Code     8  stm32f1xx_hal_cortex.o(i.HAL_SYSTICK_IRQHandler)
    HAL_TIMEx_BreakCallback                  0x08001edb   Thumb Code     2  stm32f1xx_hal_tim_ex.o(i.HAL_TIMEx_BreakCallback)
    HAL_TIMEx_CommutationCallback            0x08001edd   Thumb Code     2  stm32f1xx_hal_tim_ex.o(i.HAL_TIMEx_CommutationCallback)
    HAL_TIMEx_MasterConfigSynchronization    0x08001edf   Thumb Code    80  stm32f1xx_hal_tim_ex.o(i.HAL_TIMEx_MasterConfigSynchronization)
    HAL_TIM_Base_Init                        0x08001f2f   Thumb Code    54  stm32f1xx_hal_tim.o(i.HAL_TIM_Base_Init)
    HAL_TIM_Base_MspInit                     0x08001f65   Thumb Code    50  stm32f1xx_hal_msp.o(i.HAL_TIM_Base_MspInit)
    HAL_TIM_Base_Start                       0x08001f9d   Thumb Code    26  stm32f1xx_hal_tim.o(i.HAL_TIM_Base_Start)
    HAL_TIM_Base_Start_IT                    0x08001fb7   Thumb Code    24  stm32f1xx_hal_tim.o(i.HAL_TIM_Base_Start_IT)
    HAL_TIM_ConfigClockSource                0x08001fcf   Thumb Code   242  stm32f1xx_hal_tim.o(i.HAL_TIM_ConfigClockSource)
    HAL_TIM_IC_CaptureCallback               0x080020c1   Thumb Code     2  stm32f1xx_hal_tim.o(i.HAL_TIM_IC_CaptureCallback)
    HAL_TIM_IRQHandler                       0x080020c3   Thumb Code   358  stm32f1xx_hal_tim.o(i.HAL_TIM_IRQHandler)
    HAL_TIM_OC_DelayElapsedCallback          0x08002229   Thumb Code     2  stm32f1xx_hal_tim.o(i.HAL_TIM_OC_DelayElapsedCallback)
    HAL_TIM_PWM_PulseFinishedCallback        0x0800222b   Thumb Code     2  stm32f1xx_hal_tim.o(i.HAL_TIM_PWM_PulseFinishedCallback)
    HAL_TIM_PeriodElapsedCallback            0x0800222d   Thumb Code     2  main.o(i.HAL_TIM_PeriodElapsedCallback)
    HAL_TIM_TriggerCallback                  0x0800222f   Thumb Code     2  stm32f1xx_hal_tim.o(i.HAL_TIM_TriggerCallback)
    HAL_UART_ErrorCallback                   0x08002231   Thumb Code     2  stm32f1xx_hal_uart.o(i.HAL_UART_ErrorCallback)
    HAL_UART_IRQHandler                      0x08002235   Thumb Code   266  stm32f1xx_hal_uart.o(i.HAL_UART_IRQHandler)
    HAL_UART_MspInit                         0x08002345   Thumb Code    94  stm32f1xx_hal_msp.o(i.HAL_UART_MspInit)
    HAL_UART_RxCpltCallback                  0x080023b1   Thumb Code     2  stm32f1xx_hal_uart.o(i.HAL_UART_RxCpltCallback)
    HAL_UART_Transmit                        0x080023b3   Thumb Code   186  stm32f1xx_hal_uart.o(i.HAL_UART_Transmit)
    HAL_UART_TxCpltCallback                  0x0800246d   Thumb Code     2  stm32f1xx_hal_uart.o(i.HAL_UART_TxCpltCallback)
    HardFault_Handler                        0x0800246f   Thumb Code     2  stm32f1xx_it.o(i.HardFault_Handler)
    MemManage_Handler                        0x080026b9   Thumb Code     2  stm32f1xx_it.o(i.MemManage_Handler)
    NMI_Handler                              0x080026bb   Thumb Code     2  stm32f1xx_it.o(i.NMI_Handler)
    PendSV_Handler                           0x080026dd   Thumb Code     2  stm32f1xx_it.o(i.PendSV_Handler)
    SVC_Handler                              0x08002795   Thumb Code     2  stm32f1xx_it.o(i.SVC_Handler)
    SX1278_LoRaEntryRx                       0x08002797   Thumb Code   152  sx1278.o(i.SX1278_LoRaEntryRx)
    SX1278_LoRaEntryTx                       0x0800282f   Thumb Code   128  sx1278.o(i.SX1278_LoRaEntryTx)
    SX1278_LoRaRxPacket                      0x080028af   Thumb Code    90  sx1278.o(i.SX1278_LoRaRxPacket)
    SX1278_LoRaTxPacket                      0x08002909   Thumb Code    86  sx1278.o(i.SX1278_LoRaTxPacket)
    SX1278_SPIBurstRead                      0x0800295f   Thumb Code    62  sx1278.o(i.SX1278_SPIBurstRead)
    SX1278_SPIBurstWrite                     0x0800299d   Thumb Code    66  sx1278.o(i.SX1278_SPIBurstWrite)
    SX1278_SPIRead                           0x080029df   Thumb Code    30  sx1278.o(i.SX1278_SPIRead)
    SX1278_SPIWrite                          0x080029fd   Thumb Code    44  sx1278.o(i.SX1278_SPIWrite)
    SX1278_begin                             0x08002a29   Thumb Code    46  sx1278.o(i.SX1278_begin)
    SX1278_clearLoRaIrq                      0x08002a57   Thumb Code     8  sx1278.o(i.SX1278_clearLoRaIrq)
    SX1278_config                            0x08002a61   Thumb Code   248  sx1278.o(i.SX1278_config)
    SX1278_defaultConfig                     0x08002b5d   Thumb Code    18  sx1278.o(i.SX1278_defaultConfig)
    SX1278_entryLoRa                         0x08002b6f   Thumb Code     8  sx1278.o(i.SX1278_entryLoRa)
    SX1278_hw_DelayMs                        0x08002b77   Thumb Code     4  sx1278.o(i.SX1278_hw_DelayMs)
    SX1278_hw_GetDIO0                        0x08002b7b   Thumb Code    20  sx1278.o(i.SX1278_hw_GetDIO0)
    SX1278_hw_Reset                          0x08002b8f   Thumb Code    48  sx1278.o(i.SX1278_hw_Reset)
    SX1278_hw_SPICommand                     0x08002bbf   Thumb Code    36  sx1278.o(i.SX1278_hw_SPICommand)
    SX1278_hw_SPIReadByte                    0x08002be3   Thumb Code    56  sx1278.o(i.SX1278_hw_SPIReadByte)
    SX1278_hw_SetNSS                         0x08002c1b   Thumb Code    20  sx1278.o(i.SX1278_hw_SetNSS)
    SX1278_hw_init                           0x08002c2f   Thumb Code    26  sx1278.o(i.SX1278_hw_init)
    SX1278_read                              0x08002c49   Thumb Code    42  sx1278.o(i.SX1278_read)
    SX1278_sleep                             0x08002c73   Thumb Code    18  sx1278.o(i.SX1278_sleep)
    SX1278_standby                           0x08002c85   Thumb Code    18  sx1278.o(i.SX1278_standby)
    SysTick_Handler                          0x08002c97   Thumb Code    14  stm32f1xx_it.o(i.SysTick_Handler)
    SystemClock_Config                       0x08002ca5   Thumb Code   122  main.o(i.SystemClock_Config)
    SystemInit                               0x08002d21   Thumb Code    56  system_stm32f1xx.o(i.SystemInit)
    TIM2_IRQHandler                          0x08002d69   Thumb Code     6  stm32f1xx_it.o(i.TIM2_IRQHandler)
    TIM_Base_SetConfig                       0x08002d75   Thumb Code    94  stm32f1xx_hal_tim.o(i.TIM_Base_SetConfig)
    USART1_IRQHandler                        0x08003145   Thumb Code     6  stm32f1xx_it.o(i.USART1_IRQHandler)
    UsageFault_Handler                       0x08003151   Thumb Code     2  stm32f1xx_it.o(i.UsageFault_Handler)
    _Error_Handler                           0x08003153   Thumb Code     2  main.o(i._Error_Handler)
    __0printf$6                              0x08003155   Thumb Code    22  printf6.o(i.__0printf$6)
    __1printf$6                              0x08003155   Thumb Code     0  printf6.o(i.__0printf$6)
    __2printf                                0x08003155   Thumb Code     0  printf6.o(i.__0printf$6)
    __0sprintf$6                             0x08003175   Thumb Code    34  printf6.o(i.__0sprintf$6)
    __1sprintf$6                             0x08003175   Thumb Code     0  printf6.o(i.__0sprintf$6)
    __2sprintf                               0x08003175   Thumb Code     0  printf6.o(i.__0sprintf$6)
    __scatterload_copy                       0x0800319d   Thumb Code    14  handlers.o(i.__scatterload_copy)
    __scatterload_null                       0x080031ab   Thumb Code     2  handlers.o(i.__scatterload_null)
    __scatterload_zeroinit                   0x080031ad   Thumb Code    14  handlers.o(i.__scatterload_zeroinit)
    fputc                                    0x08003509   Thumb Code    18  main.o(i.fputc)
    main                                     0x08003521   Thumb Code   516  main.o(i.main)
    AHBPrescTable                            0x080037a8   Data          16  system_stm32f1xx.o(.constdata)
    APBPrescTable                            0x080037b8   Data           8  system_stm32f1xx.o(.constdata)
    Region$$Table$$Base                      0x080037c0   Number         0  anon$$obj.o(Region$$Table)
    Region$$Table$$Limit                     0x080037e0   Number         0  anon$$obj.o(Region$$Table)
    ID_2                                     0x20000000   Data           1  main.o(.data)
    buffer_do_am_dat                         0x20000002   Data           2  main.o(.data)
    master                                   0x20000004   Data           4  main.o(.data)
    test                                     0x20000008   Data           4  main.o(.data)
    ret                                      0x2000000c   Data           4  main.o(.data)
    sum                                      0x20000010   Data           4  main.o(.data)
    do_am_dat                                0x20000014   Data           4  main.o(.data)
    message_length                           0x20000018   Data           4  main.o(.data)
    adc_value                                0x2000001c   Data           6  main.o(.data)
    uwTickFreq                               0x20000024   Data           1  stm32f1xx_hal.o(.data)
    uwTickPrio                               0x20000028   Data           4  stm32f1xx_hal.o(.data)
    uwTick                                   0x2000002c   Data           4  stm32f1xx_hal.o(.data)
    SystemCoreClock                          0x20000030   Data           4  system_stm32f1xx.o(.data)
    __stdout                                 0x20000034   Data           4  stdout.o(.data)
    hadc1                                    0x20000038   Data          48  main.o(.bss)
    hspi1                                    0x20000068   Data          88  main.o(.bss)
    htim2                                    0x200000c0   Data          64  main.o(.bss)
    huart1                                   0x20000100   Data          64  main.o(.bss)
    buffer_rx                                0x20000140   Data          64  main.o(.bss)
    buffer                                   0x20000180   Data          64  main.o(.bss)
    buffer_temp                              0x200001c0   Data          10  main.o(.bss)
    SX1278_hw                                0x200001cc   Data          28  main.o(.bss)
    SX1278                                   0x200001e8   Data         268  main.o(.bss)
    hdma_adc1                                0x200002f4   Data          68  main.o(.bss)
    __initial_sp                             0x20000738   Data           0  startup_stm32f103xb.o(STACK)



==============================================================================

Memory Map of the image

  Image Entry point : 0x080000ed

  Load Region LR_IROM1 (Base: 0x08000000, Size: 0x00003818, Max: 0x00010000, ABSOLUTE)

    Execution Region ER_IROM1 (Base: 0x08000000, Size: 0x000037e0, Max: 0x00010000, ABSOLUTE)

    Base Addr    Size         Type   Attr      Idx    E Section Name        Object

    0x08000000   0x000000ec   Data   RO            3    RESET               startup_stm32f103xb.o
    0x080000ec   0x00000000   Code   RO         3529  * .ARM.Collect$$$$00000000  mc_w.l(entry.o)
    0x080000ec   0x00000004   Code   RO         3831    .ARM.Collect$$$$00000001  mc_w.l(entry2.o)
    0x080000f0   0x00000004   Code   RO         3834    .ARM.Collect$$$$00000004  mc_w.l(entry5.o)
    0x080000f4   0x00000000   Code   RO         3836    .ARM.Collect$$$$00000008  mc_w.l(entry7b.o)
    0x080000f4   0x00000000   Code   RO         3838    .ARM.Collect$$$$0000000A  mc_w.l(entry8b.o)
    0x080000f4   0x00000008   Code   RO         3839    .ARM.Collect$$$$0000000B  mc_w.l(entry9a.o)
    0x080000fc   0x00000000   Code   RO         3841    .ARM.Collect$$$$0000000D  mc_w.l(entry10a.o)
    0x080000fc   0x00000000   Code   RO         3843    .ARM.Collect$$$$0000000F  mc_w.l(entry11a.o)
    0x080000fc   0x00000004   Code   RO         3832    .ARM.Collect$$$$00002712  mc_w.l(entry2.o)
    0x08000100   0x00000024   Code   RO            4    .text               startup_stm32f103xb.o
    0x08000124   0x00000020   Code   RO         3532    .text               mc_w.l(llushr.o)
    0x08000144   0x00000024   Code   RO         3534    .text               mc_w.l(memcpya.o)
    0x08000168   0x00000024   Code   RO         3536    .text               mc_w.l(memseta.o)
    0x0800018c   0x0000014e   Code   RO         3803    .text               mf_w.l(dadd.o)
    0x080002da   0x000000e4   Code   RO         3805    .text               mf_w.l(dmul.o)
    0x080003be   0x000000de   Code   RO         3807    .text               mf_w.l(ddiv.o)
    0x0800049c   0x0000001a   Code   RO         3811    .text               mf_w.l(dfltui.o)
    0x080004b6   0x00000038   Code   RO         3813    .text               mf_w.l(d2f.o)
    0x080004ee   0x0000002c   Code   RO         3846    .text               mc_w.l(uidiv.o)
    0x0800051a   0x0000001e   Code   RO         3850    .text               mc_w.l(llshl.o)
    0x08000538   0x00000024   Code   RO         3852    .text               mc_w.l(llsshr.o)
    0x0800055c   0x00000000   Code   RO         3861    .text               mc_w.l(iusefp.o)
    0x0800055c   0x0000006e   Code   RO         3862    .text               mf_w.l(fepilogue.o)
    0x080005ca   0x000000ba   Code   RO         3870    .text               mf_w.l(depilogue.o)
    0x08000684   0x00000024   Code   RO         3880    .text               mc_w.l(init.o)
    0x080006a8   0x0000000c   Code   RO          438    i.ADC1_2_IRQHandler  stm32f1xx_it.o
    0x080006b4   0x0000004c   Code   RO          783    i.ADC_ConversionStop_Disable  stm32f1xx_hal_adc.o
    0x08000700   0x0000004e   Code   RO          784    i.ADC_DMAConvCplt   stm32f1xx_hal_adc.o
    0x0800074e   0x0000001a   Code   RO          785    i.ADC_DMAError      stm32f1xx_hal_adc.o
    0x08000768   0x0000000a   Code   RO          786    i.ADC_DMAHalfConvCplt  stm32f1xx_hal_adc.o
    0x08000772   0x00000002   PAD
    0x08000774   0x00000070   Code   RO          787    i.ADC_Enable        stm32f1xx_hal_adc.o
    0x080007e4   0x00000002   Code   RO          439    i.BusFault_Handler  stm32f1xx_it.o
    0x080007e6   0x00000002   PAD
    0x080007e8   0x0000000c   Code   RO          440    i.DMA1_Channel1_IRQHandler  stm32f1xx_it.o
    0x080007f4   0x0000002a   Code   RO         2959    i.DMA_SetConfig     stm32f1xx_hal_dma.o
    0x0800081e   0x00000002   Code   RO          441    i.DebugMon_Handler  stm32f1xx_it.o
    0x08000820   0x00000002   Code   RO          965    i.HAL_ADCEx_InjectedConvCpltCallback  stm32f1xx_hal_adc_ex.o
    0x08000822   0x00000002   PAD
    0x08000824   0x000000fc   Code   RO          789    i.HAL_ADC_ConfigChannel  stm32f1xx_hal_adc.o
    0x08000920   0x00000002   Code   RO          790    i.HAL_ADC_ConvCpltCallback  stm32f1xx_hal_adc.o
    0x08000922   0x00000002   Code   RO          791    i.HAL_ADC_ConvHalfCpltCallback  stm32f1xx_hal_adc.o
    0x08000924   0x00000002   Code   RO          793    i.HAL_ADC_ErrorCallback  stm32f1xx_hal_adc.o
    0x08000926   0x000000e6   Code   RO          797    i.HAL_ADC_IRQHandler  stm32f1xx_hal_adc.o
    0x08000a0c   0x0000011c   Code   RO          798    i.HAL_ADC_Init      stm32f1xx_hal_adc.o
    0x08000b28   0x00000002   Code   RO          799    i.HAL_ADC_LevelOutOfWindowCallback  stm32f1xx_hal_adc.o
    0x08000b2a   0x00000002   PAD
    0x08000b2c   0x000000a8   Code   RO          539    i.HAL_ADC_MspInit   stm32f1xx_hal_msp.o
    0x08000bd4   0x0000010c   Code   RO          805    i.HAL_ADC_Start_DMA  stm32f1xx_hal_adc.o
    0x08000ce0   0x000000cc   Code   RO          806    i.HAL_ADC_Start_IT  stm32f1xx_hal_adc.o
    0x08000dac   0x00000098   Code   RO         2961    i.HAL_DMA_Abort_IT  stm32f1xx_hal_dma.o
    0x08000e44   0x00000154   Code   RO         2965    i.HAL_DMA_IRQHandler  stm32f1xx_hal_dma.o
    0x08000f98   0x00000064   Code   RO         2966    i.HAL_DMA_Init      stm32f1xx_hal_dma.o
    0x08000ffc   0x00000070   Code   RO         2970    i.HAL_DMA_Start_IT  stm32f1xx_hal_dma.o
    0x0800106c   0x00000024   Code   RO         2603    i.HAL_Delay         stm32f1xx_hal.o
    0x08001090   0x000001bc   Code   RO         2896    i.HAL_GPIO_Init     stm32f1xx_hal_gpio.o
    0x0800124c   0x0000000a   Code   RO         2898    i.HAL_GPIO_ReadPin  stm32f1xx_hal_gpio.o
    0x08001256   0x00000008   Code   RO         2899    i.HAL_GPIO_TogglePin  stm32f1xx_hal_gpio.o
    0x0800125e   0x0000000a   Code   RO         2900    i.HAL_GPIO_WritePin  stm32f1xx_hal_gpio.o
    0x08001268   0x0000000c   Code   RO         2607    i.HAL_GetTick       stm32f1xx_hal.o
    0x08001274   0x00000010   Code   RO         2611    i.HAL_IncTick       stm32f1xx_hal.o
    0x08001284   0x00000024   Code   RO         2612    i.HAL_Init          stm32f1xx_hal.o
    0x080012a8   0x00000040   Code   RO         2613    i.HAL_InitTick      stm32f1xx_hal.o
    0x080012e8   0x00000090   Code   RO          540    i.HAL_MspInit       stm32f1xx_hal_msp.o
    0x08001378   0x00000082   Code   RO         2277    i.HAL_MultiProcessor_Init  stm32f1xx_hal_uart.o
    0x080013fa   0x00000016   Code   RO         3056    i.HAL_NVIC_EnableIRQ  stm32f1xx_hal_cortex.o
    0x08001410   0x00000040   Code   RO         3062    i.HAL_NVIC_SetPriority  stm32f1xx_hal_cortex.o
    0x08001450   0x00000024   Code   RO         3063    i.HAL_NVIC_SetPriorityGrouping  stm32f1xx_hal_cortex.o
    0x08001474   0x000000ec   Code   RO         2859    i.HAL_RCCEx_PeriphCLKConfig  stm32f1xx_hal_rcc_ex.o
    0x08001560   0x00000154   Code   RO         2756    i.HAL_RCC_ClockConfig  stm32f1xx_hal_rcc.o
    0x080016b4   0x0000000c   Code   RO         2761    i.HAL_RCC_GetHCLKFreq  stm32f1xx_hal_rcc.o
    0x080016c0   0x00000020   Code   RO         2763    i.HAL_RCC_GetPCLK1Freq  stm32f1xx_hal_rcc.o
    0x080016e0   0x00000020   Code   RO         2764    i.HAL_RCC_GetPCLK2Freq  stm32f1xx_hal_rcc.o
    0x08001700   0x0000006c   Code   RO         2765    i.HAL_RCC_GetSysClockFreq  stm32f1xx_hal_rcc.o
    0x0800176c   0x00000304   Code   RO         2768    i.HAL_RCC_OscConfig  stm32f1xx_hal_rcc.o
    0x08001a70   0x00000006   Code   RO         1068    i.HAL_SPI_GetState  stm32f1xx_hal_spi.o
    0x08001a76   0x00000082   Code   RO         1382    i.HAL_SPI_Init      stm32f1xx_hal_spi_ex.o
    0x08001af8   0x00000058   Code   RO          542    i.HAL_SPI_MspInit   stm32f1xx_hal_msp.o
    0x08001b50   0x00000168   Code   RO         1078    i.HAL_SPI_Transmit  stm32f1xx_hal_spi.o
    0x08001cb8   0x000001d8   Code   RO         1079    i.HAL_SPI_TransmitReceive  stm32f1xx_hal_spi.o
    0x08001e90   0x00000018   Code   RO         3065    i.HAL_SYSTICK_CLKSourceConfig  stm32f1xx_hal_cortex.o
    0x08001ea8   0x00000002   Code   RO         3066    i.HAL_SYSTICK_Callback  stm32f1xx_hal_cortex.o
    0x08001eaa   0x00000028   Code   RO         3067    i.HAL_SYSTICK_Config  stm32f1xx_hal_cortex.o
    0x08001ed2   0x00000008   Code   RO         3068    i.HAL_SYSTICK_IRQHandler  stm32f1xx_hal_cortex.o
    0x08001eda   0x00000002   Code   RO         2037    i.HAL_TIMEx_BreakCallback  stm32f1xx_hal_tim_ex.o
    0x08001edc   0x00000002   Code   RO         2038    i.HAL_TIMEx_CommutationCallback  stm32f1xx_hal_tim_ex.o
    0x08001ede   0x00000050   Code   RO         2054    i.HAL_TIMEx_MasterConfigSynchronization  stm32f1xx_hal_tim_ex.o
    0x08001f2e   0x00000036   Code   RO         1408    i.HAL_TIM_Base_Init  stm32f1xx_hal_tim.o
    0x08001f64   0x00000038   Code   RO          544    i.HAL_TIM_Base_MspInit  stm32f1xx_hal_msp.o
    0x08001f9c   0x0000001a   Code   RO         1411    i.HAL_TIM_Base_Start  stm32f1xx_hal_tim.o
    0x08001fb6   0x00000018   Code   RO         1413    i.HAL_TIM_Base_Start_IT  stm32f1xx_hal_tim.o
    0x08001fce   0x000000f2   Code   RO         1417    i.HAL_TIM_ConfigClockSource  stm32f1xx_hal_tim.o
    0x080020c0   0x00000002   Code   RO         1437    i.HAL_TIM_IC_CaptureCallback  stm32f1xx_hal_tim.o
    0x080020c2   0x00000166   Code   RO         1450    i.HAL_TIM_IRQHandler  stm32f1xx_hal_tim.o
    0x08002228   0x00000002   Code   RO         1453    i.HAL_TIM_OC_DelayElapsedCallback  stm32f1xx_hal_tim.o
    0x0800222a   0x00000002   Code   RO         1480    i.HAL_TIM_PWM_PulseFinishedCallback  stm32f1xx_hal_tim.o
    0x0800222c   0x00000002   Code   RO          296    i.HAL_TIM_PeriodElapsedCallback  main.o
    0x0800222e   0x00000002   Code   RO         1491    i.HAL_TIM_TriggerCallback  stm32f1xx_hal_tim.o
    0x08002230   0x00000002   Code   RO         2291    i.HAL_UART_ErrorCallback  stm32f1xx_hal_uart.o
    0x08002232   0x00000002   PAD
    0x08002234   0x00000110   Code   RO         2294    i.HAL_UART_IRQHandler  stm32f1xx_hal_uart.o
    0x08002344   0x0000006c   Code   RO          546    i.HAL_UART_MspInit  stm32f1xx_hal_msp.o
    0x080023b0   0x00000002   Code   RO         2301    i.HAL_UART_RxCpltCallback  stm32f1xx_hal_uart.o
    0x080023b2   0x000000ba   Code   RO         2303    i.HAL_UART_Transmit  stm32f1xx_hal_uart.o
    0x0800246c   0x00000002   Code   RO         2306    i.HAL_UART_TxCpltCallback  stm32f1xx_hal_uart.o
    0x0800246e   0x00000002   Code   RO          442    i.HardFault_Handler  stm32f1xx_it.o
    0x08002470   0x0000006c   Code   RO          297    i.MX_ADC1_Init      main.o
    0x080024dc   0x00000114   Code   RO          298    i.MX_GPIO_Init      main.o
    0x080025f0   0x00000040   Code   RO          299    i.MX_SPI1_Init      main.o
    0x08002630   0x00000054   Code   RO          300    i.MX_TIM2_Init      main.o
    0x08002684   0x00000034   Code   RO          301    i.MX_USART1_UART_Init  main.o
    0x080026b8   0x00000002   Code   RO          443    i.MemManage_Handler  stm32f1xx_it.o
    0x080026ba   0x00000002   Code   RO          444    i.NMI_Handler       stm32f1xx_it.o
    0x080026bc   0x00000020   Code   RO         3069    i.NVIC_SetPriority  stm32f1xx_hal_cortex.o
    0x080026dc   0x00000002   Code   RO          445    i.PendSV_Handler    stm32f1xx_it.o
    0x080026de   0x00000020   Code   RO         1094    i.SPI_CheckFlag_BSY  stm32f1xx_hal_spi.o
    0x080026fe   0x00000096   Code   RO         1113    i.SPI_WaitFlagStateUntilTimeout  stm32f1xx_hal_spi.o
    0x08002794   0x00000002   Code   RO          446    i.SVC_Handler       stm32f1xx_it.o
    0x08002796   0x00000098   Code   RO           13    i.SX1278_LoRaEntryRx  sx1278.o
    0x0800282e   0x00000080   Code   RO           14    i.SX1278_LoRaEntryTx  sx1278.o
    0x080028ae   0x0000005a   Code   RO           15    i.SX1278_LoRaRxPacket  sx1278.o
    0x08002908   0x00000056   Code   RO           16    i.SX1278_LoRaTxPacket  sx1278.o
    0x0800295e   0x0000003e   Code   RO           19    i.SX1278_SPIBurstRead  sx1278.o
    0x0800299c   0x00000042   Code   RO           20    i.SX1278_SPIBurstWrite  sx1278.o
    0x080029de   0x0000001e   Code   RO           21    i.SX1278_SPIRead    sx1278.o
    0x080029fc   0x0000002c   Code   RO           22    i.SX1278_SPIWrite   sx1278.o
    0x08002a28   0x0000002e   Code   RO           24    i.SX1278_begin      sx1278.o
    0x08002a56   0x00000008   Code   RO           25    i.SX1278_clearLoRaIrq  sx1278.o
    0x08002a5e   0x00000002   PAD
    0x08002a60   0x000000fc   Code   RO           26    i.SX1278_config     sx1278.o
    0x08002b5c   0x00000012   Code   RO           27    i.SX1278_defaultConfig  sx1278.o
    0x08002b6e   0x00000008   Code   RO           28    i.SX1278_entryLoRa  sx1278.o
    0x08002b76   0x00000004   Code   RO           29    i.SX1278_hw_DelayMs  sx1278.o
    0x08002b7a   0x00000014   Code   RO           30    i.SX1278_hw_GetDIO0  sx1278.o
    0x08002b8e   0x00000030   Code   RO           31    i.SX1278_hw_Reset   sx1278.o
    0x08002bbe   0x00000024   Code   RO           32    i.SX1278_hw_SPICommand  sx1278.o
    0x08002be2   0x00000038   Code   RO           33    i.SX1278_hw_SPIReadByte  sx1278.o
    0x08002c1a   0x00000014   Code   RO           34    i.SX1278_hw_SetNSS  sx1278.o
    0x08002c2e   0x0000001a   Code   RO           35    i.SX1278_hw_init    sx1278.o
    0x08002c48   0x0000002a   Code   RO           36    i.SX1278_read       sx1278.o
    0x08002c72   0x00000012   Code   RO           38    i.SX1278_sleep      sx1278.o
    0x08002c84   0x00000012   Code   RO           39    i.SX1278_standby    sx1278.o
    0x08002c96   0x0000000e   Code   RO          447    i.SysTick_Handler   stm32f1xx_it.o
    0x08002ca4   0x0000007a   Code   RO          304    i.SystemClock_Config  main.o
    0x08002d1e   0x00000002   PAD
    0x08002d20   0x00000048   Code   RO         3485    i.SystemInit        system_stm32f1xx.o
    0x08002d68   0x0000000c   Code   RO          448    i.TIM2_IRQHandler   stm32f1xx_it.o
    0x08002d74   0x0000006c   Code   RO         1492    i.TIM_Base_SetConfig  stm32f1xx_hal_tim.o
    0x08002de0   0x00000014   Code   RO         1499    i.TIM_ETR_SetConfig  stm32f1xx_hal_tim.o
    0x08002df4   0x00000010   Code   RO         1500    i.TIM_ITRx_SetConfig  stm32f1xx_hal_tim.o
    0x08002e04   0x00000022   Code   RO         1506    i.TIM_TI1_ConfigInputStage  stm32f1xx_hal_tim.o
    0x08002e26   0x00000024   Code   RO         1508    i.TIM_TI2_ConfigInputStage  stm32f1xx_hal_tim.o
    0x08002e4a   0x00000010   Code   RO         2308    i.UART_DMAAbortOnError  stm32f1xx_hal_uart.o
    0x08002e5a   0x0000001c   Code   RO         2318    i.UART_EndRxTransfer  stm32f1xx_hal_uart.o
    0x08002e76   0x00000096   Code   RO         2320    i.UART_Receive_IT   stm32f1xx_hal_uart.o
    0x08002f0c   0x00000170   Code   RO         2321    i.UART_SetConfig    stm32f1xx_hal_uart.o
    0x0800307c   0x00000062   Code   RO         2322    i.UART_Transmit_IT  stm32f1xx_hal_uart.o
    0x080030de   0x00000064   Code   RO         2323    i.UART_WaitOnFlagUntilTimeout  stm32f1xx_hal_uart.o
    0x08003142   0x00000002   PAD
    0x08003144   0x0000000c   Code   RO          449    i.USART1_IRQHandler  stm32f1xx_it.o
    0x08003150   0x00000002   Code   RO          450    i.UsageFault_Handler  stm32f1xx_it.o
    0x08003152   0x00000002   Code   RO          305    i._Error_Handler    main.o
    0x08003154   0x00000020   Code   RO         3695    i.__0printf$6       mc_w.l(printf6.o)
    0x08003174   0x00000028   Code   RO         3697    i.__0sprintf$6      mc_w.l(printf6.o)
    0x0800319c   0x0000000e   Code   RO         3884    i.__scatterload_copy  mc_w.l(handlers.o)
    0x080031aa   0x00000002   Code   RO         3885    i.__scatterload_null  mc_w.l(handlers.o)
    0x080031ac   0x0000000e   Code   RO         3886    i.__scatterload_zeroinit  mc_w.l(handlers.o)
    0x080031ba   0x00000002   PAD
    0x080031bc   0x000002f0   Code   RO         3702    i._printf_core      mc_w.l(printf6.o)
    0x080034ac   0x00000024   Code   RO         3703    i._printf_post_padding  mc_w.l(printf6.o)
    0x080034d0   0x0000002e   Code   RO         3704    i._printf_pre_padding  mc_w.l(printf6.o)
    0x080034fe   0x0000000a   Code   RO         3706    i._sputc            mc_w.l(printf6.o)
    0x08003508   0x00000018   Code   RO          307    i.fputc             main.o
    0x08003520   0x00000270   Code   RO          308    i.main              main.o
    0x08003790   0x00000018   Data   RO           41    .constdata          sx1278.o
    0x080037a8   0x00000010   Data   RO         3486    .constdata          system_stm32f1xx.o
    0x080037b8   0x00000008   Data   RO         3487    .constdata          system_stm32f1xx.o
    0x080037c0   0x00000020   Data   RO         3882    Region$$Table       anon$$obj.o


    Execution Region RW_IRAM1 (Base: 0x20000000, Size: 0x00000738, Max: 0x00005000, ABSOLUTE)

    Base Addr    Size         Type   Attr      Idx    E Section Name        Object

    0x20000000   0x00000022   Data   RW          313    .data               main.o
    0x20000022   0x00000002   PAD
    0x20000024   0x0000000c   Data   RW         2619    .data               stm32f1xx_hal.o
    0x20000030   0x00000004   Data   RW         3488    .data               system_stm32f1xx.o
    0x20000034   0x00000004   Data   RW         3845    .data               mc_w.l(stdout.o)
    0x20000038   0x000002bc   Zero   RW          309    .bss                main.o
    0x200002f4   0x00000044   Zero   RW          310    .bss                main.o
    0x20000338   0x00000400   Zero   RW            1    STACK               startup_stm32f103xb.o


==============================================================================

Image component sizes


      Code (inc. data)   RO Data    RW Data    ZI Data      Debug   Object Name

      1358        162          0         34        768      13349   main.o
        36          8        236          0       1024        792   startup_stm32f103xb.o
       164         28          0         12          0       3709   stm32f1xx_hal.o
      1548         64          0          0          0       9613   stm32f1xx_hal_adc.o
         2          0          0          0          0       1037   stm32f1xx_hal_adc_ex.o
       228         14          0          0          0      26933   stm32f1xx_hal_cortex.o
       746         36          0          0          0       3826   stm32f1xx_hal_dma.o
       472         36          0          0          0       3612   stm32f1xx_hal_gpio.o
       564         94          0          0          0       3396   stm32f1xx_hal_msp.o
      1296        104          0          0          0       5340   stm32f1xx_hal_rcc.o
       236         12          0          0          0       1316   stm32f1xx_hal_rcc_ex.o
      1020          0          0          0          0       4500   stm32f1xx_hal_spi.o
       130          0          0          0          0       1015   stm32f1xx_hal_spi_ex.o
       926         14          0          0          0       9312   stm32f1xx_hal_tim.o
        84          0          0          0          0       2242   stm32f1xx_hal_tim_ex.o
      1354         10          0          0          0       8221   stm32f1xx_hal_uart.o
        78         24          0          0          0       5427   stm32f1xx_it.o
      1278          4         24          0          0     475110   sx1278.o
        72         16         24          4          0       1135   system_stm32f1xx.o

    ----------------------------------------------------------------------
     11608        626        316         52       1792     579885   Object Totals
         0          0         32          0          0          0   (incl. Generated)
        16          0          0          2          0          0   (incl. Padding)

    ----------------------------------------------------------------------

      Code (inc. data)   RO Data    RW Data    ZI Data      Debug   Library Member Name

         0          0          0          0          0          0   entry.o
         0          0          0          0          0          0   entry10a.o
         0          0          0          0          0          0   entry11a.o
         8          4          0          0          0          0   entry2.o
         4          0          0          0          0          0   entry5.o
         0          0          0          0          0          0   entry7b.o
         0          0          0          0          0          0   entry8b.o
         8          4          0          0          0          0   entry9a.o
        30          0          0          0          0          0   handlers.o
        36          8          0          0          0         68   init.o
         0          0          0          0          0          0   iusefp.o
        30          0          0          0          0         68   llshl.o
        36          0          0          0          0         68   llsshr.o
        32          0          0          0          0         68   llushr.o
        36          0          0          0          0         68   memcpya.o
        36          0          0          0          0        108   memseta.o
       916         20          0          0          0        504   printf6.o
         0          0          0          4          0          0   stdout.o
        44          0          0          0          0         80   uidiv.o
        56          0          0          0          0         88   d2f.o
       334          0          0          0          0        148   dadd.o
       222          0          0          0          0        100   ddiv.o
       186          0          0          0          0        176   depilogue.o
        26          0          0          0          0         76   dfltui.o
       228          0          0          0          0         96   dmul.o
       110          0          0          0          0        168   fepilogue.o

    ----------------------------------------------------------------------
      2380         36          0          4          0       1884   Library Totals
         2          0          0          0          0          0   (incl. Padding)

    ----------------------------------------------------------------------

      Code (inc. data)   RO Data    RW Data    ZI Data      Debug   Library Name

      1216         36          0          4          0       1032   mc_w.l
      1162          0          0          0          0        852   mf_w.l

    ----------------------------------------------------------------------
      2380         36          0          4          0       1884   Library Totals

    ----------------------------------------------------------------------

==============================================================================


      Code (inc. data)   RO Data    RW Data    ZI Data      Debug   

     13988        662        316         56       1792     574329   Grand Totals
     13988        662        316         56       1792     574329   ELF Image Totals
     13988        662        316         56          0          0   ROM Totals

==============================================================================

    Total RO  Size (Code + RO Data)                14304 (  13.97kB)
    Total RW  Size (RW Data + ZI Data)              1848 (   1.80kB)
    Total ROM Size (Code + RO Data + RW Data)      14360 (  14.02kB)

==============================================================================

