Component: ARM Compiler 5.05 update 1 (build 106) Tool: armlink [4d0efa]

==============================================================================

Section Cross References

    startup_stm32f103xb.o(RESET) refers to startup_stm32f103xb.o(STACK) for __initial_sp
    startup_stm32f103xb.o(RESET) refers to startup_stm32f103xb.o(.text) for Reset_Handler
    startup_stm32f103xb.o(RESET) refers to stm32f1xx_it.o(i.NMI_Handler) for NMI_Handler
    startup_stm32f103xb.o(RESET) refers to stm32f1xx_it.o(i.HardFault_Handler) for HardFault_Handler
    startup_stm32f103xb.o(RESET) refers to stm32f1xx_it.o(i.MemManage_Handler) for MemManage_Handler
    startup_stm32f103xb.o(RESET) refers to stm32f1xx_it.o(i.BusFault_Handler) for BusFault_Handler
    startup_stm32f103xb.o(RESET) refers to stm32f1xx_it.o(i.UsageFault_Handler) for UsageFault_Handler
    startup_stm32f103xb.o(RESET) refers to stm32f1xx_it.o(i.SVC_Handler) for SVC_Handler
    startup_stm32f103xb.o(RESET) refers to stm32f1xx_it.o(i.DebugMon_Handler) for DebugMon_Handler
    startup_stm32f103xb.o(RESET) refers to stm32f1xx_it.o(i.PendSV_Handler) for PendSV_Handler
    startup_stm32f103xb.o(RESET) refers to stm32f1xx_it.o(i.SysTick_Handler) for SysTick_Handler
    startup_stm32f103xb.o(RESET) refers to stm32f1xx_it.o(i.DMA1_Channel1_IRQHandler) for DMA1_Channel1_IRQHandler
    startup_stm32f103xb.o(RESET) refers to stm32f1xx_it.o(i.ADC1_2_IRQHandler) for ADC1_2_IRQHandler
    startup_stm32f103xb.o(RESET) refers to stm32f1xx_it.o(i.TIM2_IRQHandler) for TIM2_IRQHandler
    startup_stm32f103xb.o(RESET) refers to stm32f1xx_it.o(i.USART1_IRQHandler) for USART1_IRQHandler
    startup_stm32f103xb.o(.text) refers to system_stm32f1xx.o(i.SystemInit) for SystemInit
    startup_stm32f103xb.o(.text) refers to entry.o(.ARM.Collect$$$$00000000) for __main
    sx1278.o(i.SX1278_LoRaEntryRx) refers to sx1278.o(i.SX1278_defaultConfig) for SX1278_defaultConfig
    sx1278.o(i.SX1278_LoRaEntryRx) refers to sx1278.o(i.SX1278_SPIWrite) for SX1278_SPIWrite
    sx1278.o(i.SX1278_LoRaEntryRx) refers to sx1278.o(i.SX1278_clearLoRaIrq) for SX1278_clearLoRaIrq
    sx1278.o(i.SX1278_LoRaEntryRx) refers to sx1278.o(i.SX1278_SPIRead) for SX1278_SPIRead
    sx1278.o(i.SX1278_LoRaEntryRx) refers to sx1278.o(i.SX1278_hw_DelayMs) for SX1278_hw_DelayMs
    sx1278.o(i.SX1278_LoRaEntryRx) refers to sx1278.o(i.SX1278_hw_Reset) for SX1278_hw_Reset
    sx1278.o(i.SX1278_LoRaEntryTx) refers to sx1278.o(i.SX1278_defaultConfig) for SX1278_defaultConfig
    sx1278.o(i.SX1278_LoRaEntryTx) refers to sx1278.o(i.SX1278_SPIWrite) for SX1278_SPIWrite
    sx1278.o(i.SX1278_LoRaEntryTx) refers to sx1278.o(i.SX1278_clearLoRaIrq) for SX1278_clearLoRaIrq
    sx1278.o(i.SX1278_LoRaEntryTx) refers to sx1278.o(i.SX1278_SPIRead) for SX1278_SPIRead
    sx1278.o(i.SX1278_LoRaEntryTx) refers to sx1278.o(i.SX1278_hw_Reset) for SX1278_hw_Reset
    sx1278.o(i.SX1278_LoRaRxPacket) refers to sx1278.o(i.SX1278_hw_GetDIO0) for SX1278_hw_GetDIO0
    sx1278.o(i.SX1278_LoRaRxPacket) refers to memseta.o(.text) for __aeabi_memclr
    sx1278.o(i.SX1278_LoRaRxPacket) refers to sx1278.o(i.SX1278_SPIRead) for SX1278_SPIRead
    sx1278.o(i.SX1278_LoRaRxPacket) refers to sx1278.o(i.SX1278_SPIWrite) for SX1278_SPIWrite
    sx1278.o(i.SX1278_LoRaRxPacket) refers to sx1278.o(i.SX1278_SPIBurstRead) for SX1278_SPIBurstRead
    sx1278.o(i.SX1278_LoRaRxPacket) refers to sx1278.o(i.SX1278_clearLoRaIrq) for SX1278_clearLoRaIrq
    sx1278.o(i.SX1278_LoRaTxPacket) refers to sx1278.o(i.SX1278_SPIBurstWrite) for SX1278_SPIBurstWrite
    sx1278.o(i.SX1278_LoRaTxPacket) refers to sx1278.o(i.SX1278_SPIWrite) for SX1278_SPIWrite
    sx1278.o(i.SX1278_LoRaTxPacket) refers to sx1278.o(i.SX1278_hw_GetDIO0) for SX1278_hw_GetDIO0
    sx1278.o(i.SX1278_LoRaTxPacket) refers to sx1278.o(i.SX1278_SPIRead) for SX1278_SPIRead
    sx1278.o(i.SX1278_LoRaTxPacket) refers to sx1278.o(i.SX1278_clearLoRaIrq) for SX1278_clearLoRaIrq
    sx1278.o(i.SX1278_LoRaTxPacket) refers to sx1278.o(i.SX1278_standby) for SX1278_standby
    sx1278.o(i.SX1278_LoRaTxPacket) refers to sx1278.o(i.SX1278_hw_DelayMs) for SX1278_hw_DelayMs
    sx1278.o(i.SX1278_LoRaTxPacket) refers to sx1278.o(i.SX1278_hw_Reset) for SX1278_hw_Reset
    sx1278.o(i.SX1278_LoRaTxPacket) refers to sx1278.o(i.SX1278_defaultConfig) for SX1278_defaultConfig
    sx1278.o(i.SX1278_RSSI) refers to sx1278.o(i.SX1278_SPIRead) for SX1278_SPIRead
    sx1278.o(i.SX1278_RSSI_LoRa) refers to sx1278.o(i.SX1278_SPIRead) for SX1278_SPIRead
    sx1278.o(i.SX1278_SPIBurstRead) refers to sx1278.o(i.SX1278_hw_SetNSS) for SX1278_hw_SetNSS
    sx1278.o(i.SX1278_SPIBurstRead) refers to sx1278.o(i.SX1278_hw_SPICommand) for SX1278_hw_SPICommand
    sx1278.o(i.SX1278_SPIBurstRead) refers to sx1278.o(i.SX1278_hw_SPIReadByte) for SX1278_hw_SPIReadByte
    sx1278.o(i.SX1278_SPIBurstWrite) refers to sx1278.o(i.SX1278_hw_SetNSS) for SX1278_hw_SetNSS
[...]
    ../Drivers/STM32F1xx_HAL_Driver/Src/stm32f1xx_hal_gpio.c 0x00000000   Number         0  stm32f1xx_hal_gpio.o ABSOLUTE
    ../Drivers/STM32F1xx_HAL_Driver/Src/stm32f1xx_hal_gpio_ex.c 0x00000000   Number         0  stm32f1xx_hal_gpio_ex.o ABSOLUTE
    ../Drivers/STM32F1xx_HAL_Driver/Src/stm32f1xx_hal_i2c.c 0x00000000   Number         0  stm32f1xx_hal_i2c.o ABSOLUTE
    ../Drivers/STM32F1xx_HAL_Driver/Src/stm32f1xx_hal_pwr.c 0x00000000   Number         0  stm32f1xx_hal_pwr.o ABSOLUTE
    ../Drivers/STM32F1xx_HAL_Driver/Src/stm32f1xx_hal_rcc.c 0x00000000   Number         0  stm32f1xx_hal_rcc.o ABSOLUTE
    ../Drivers/STM32F1xx_HAL_Driver/Src/stm32f1xx_hal_rcc_ex.c 0x00000000   Number         0  stm32f1xx_hal_rcc_ex.o ABSOLUTE
    ../Drivers/STM32F1xx_HAL_Driver/Src/stm32f1xx_hal_spi.c 0x00000000   Number         0  stm32f1xx_hal_spi.o ABSOLUTE
    ../Drivers/STM32F1xx_HAL_Driver/Src/stm32f1xx_hal_spi_ex.c 0x00000000   Number         0  stm32f1xx_hal_spi_ex.o ABSOLUTE
    ../Drivers/STM32F1xx_HAL_Driver/Src/stm32f1xx_hal_tim.c 0x00000000   Number         0  stm32f1xx_hal_tim.o ABSOLUTE
    ../Drivers/STM32F1xx_HAL_Driver/Src/stm32f1xx_hal_tim_ex.c 0x00000000   Number         0  stm32f1xx_hal_tim_ex.o ABSOLUTE
    ../Drivers/STM32F1xx_HAL_Driver/Src/stm32f1xx_hal_uart.c 0x00000000   Number         0  stm32f1xx_hal_uart.o ABSOLUTE
    ../Src/main.c                            0x00000000   Number         0  main.o ABSOLUTE
    ../Src/stm32f1xx_hal_msp.c               0x00000000   Number         0  stm32f1xx_hal_msp.o ABSOLUTE
    ../Src/stm32f1xx_it.c                    0x00000000   Number         0  stm32f1xx_it.o ABSOLUTE
    ../Src/system_stm32f1xx.c                0x00000000   Number         0  system_stm32f1xx.o ABSOLUTE
    ../clib/microlib/division.c              0x00000000   Number         0  uidiv.o ABSOLUTE
    ../clib/microlib/division.c              0x00000000   Number         0  uldiv.o ABSOLUTE
    ../clib/microlib/errno.c                 0x00000000   Number         0  errno.o ABSOLUTE
    ../clib/microlib/init/entry.s            0x00000000   Number         0  entry5.o ABSOLUTE
    ../clib/microlib/init/entry.s            0x00000000   Number         0  entry7b.o ABSOLUTE
    ../clib/microlib/init/entry.s            0x00000000   Number         0  entry9a.o ABSOLUTE
    ../clib/microlib/init/entry.s            0x00000000   Number         0  entry.o ABSOLUTE
    ../clib/microlib/init/entry.s            0x00000000   Number         0  entry11b.o ABSOLUTE
    ../clib/microlib/init/entry.s            0x00000000   Number         0  entry11a.o ABSOLUTE
    ../clib/microlib/init/entry.s            0x00000000   Number         0  entry10b.o ABSOLUTE
    ../clib/microlib/init/entry.s            0x00000000   Number         0  entry10a.o ABSOLUTE
    ../clib/microlib/init/entry.s            0x00000000   Number         0  entry9b.o ABSOLUTE
    ../clib/microlib/init/entry.s            0x00000000   Number         0  entry8b.o ABSOLUTE
    ../clib/microlib/init/entry.s            0x00000000   Number         0  entry8a.o ABSOLUTE
    ../clib/microlib/init/entry.s            0x00000000   Number         0  entry7a.o ABSOLUTE
    ../clib/microlib/init/entry.s            0x00000000   Number         0  entry2.o ABSOLUTE
    ../clib/microlib/longlong.c              0x00000000   Number         0  llshl.o ABSOLUTE
    ../clib/microlib/longlong.c              0x00000000   Number         0  llushr.o ABSOLUTE
    ../clib/microlib/longlong.c              0x00000000   Number         0  llsshr.o ABSOLUTE
    ../clib/microlib/printf/printf.c         0x00000000   Number         0  printf7.o ABSOLUTE
    ../clib/microlib/printf/printf.c         0x00000000   Number         0  printf5.o ABSOLUTE
    ../clib/microlib/printf/printf.c         0x00000000   Number         0  printf8.o ABSOLUTE
    ../clib/microlib/printf/printf.c         0x00000000   Number         0  printfb.o ABSOLUTE
    ../clib/microlib/printf/printf.c         0x00000000   Number         0  printf0.o ABSOLUTE
    ../clib/microlib/printf/printf.c         0x00000000   Number         0  printf1.o ABSOLUTE
    ../clib/microlib/printf/printf.c         0x00000000   Number         0  printf3.o ABSOLUTE
    ../clib/microlib/printf/printf.c         0x00000000   Number         0  printf4.o ABSOLUTE
    ../clib/microlib/printf/printf.c         0x00000000   Number         0  printf6.o ABSOLUTE
    ../clib/microlib/printf/printf.c         0x00000000   Number         0  printf2.o ABSOLUTE
    ../clib/microlib/printf/printf.c         0x00000000   Number         0  printfa.o ABSOLUTE
    ../clib/microlib/printf/stubs.s          0x00000000   Number         0  stubs.o ABSOLUTE
    ../clib/microlib/stdio/streams.c         0x00000000   Number         0  stdout.o ABSOLUTE
    ../clib/microlib/string/memcpy.c         0x00000000   Number         0  memcpyb.o ABSOLUTE
    ../clib/microlib/string/memcpy.c         0x00000000   Number         0  memcpya.o ABSOLUTE
    ../clib/microlib/string/memset.c         0x00000000   Number         0  memseta.o ABSOLUTE
    ../clib/microlib/stubs.s                 0x00000000   Number         0  iusefp.o ABSOLUTE
    ../fplib/microlib/d2f.c                  0x00000000   Number         0  d2f.o ABSOLUTE
    ../fplib/microlib/f2d.c                  0x00000000   Number         0  f2d.o ABSOLUTE
    ../fplib/microlib/fpadd.c                0x00000000   Number         0  fadd.o ABSOLUTE
    ../fplib/microlib/fpadd.c                0x00000000   Number         0  dadd.o ABSOLUTE
    ../fplib/microlib/fpdiv.c                0x00000000   Number         0  ddiv.o ABSOLUTE
    ../fplib/microlib/fpdiv.c                0x00000000   Number         0  fdiv.o ABSOLUTE
    ../fplib/microlib/fpepilogue.c           0x00000000   Number         0  fepilogue.o ABSOLUTE
    ../fplib/microlib/fpepilogue.c           0x00000000   Number         0  depilogue.o ABSOLUTE
    ../fplib/microlib/fpfix.c                0x00000000   Number         0  dfixul.o ABSOLUTE
    ../fplib/microlib/fpfix.c                0x00000000   Number         0  ffixi.o ABSOLUTE
    ../fplib/microlib/fpfix.c                0x00000000   Number         0  ffixir.o ABSOLUTE
    ../fplib/microlib/fpflt.c                0x00000000   Number         0  fflti.o ABSOLUTE
    ../fplib/microlib/fpflt.c                0x00000000   Number         0  ffltui.o ABSOLUTE
    ../fplib/microlib/fpflt.c                0x00000000   Number         0  dfltui.o ABSOLUTE
    ../fplib/microlib/fpmul.c                0x00000000   Number         0  dmul.o ABSOLUTE
    ../fplib/microlib/fpmul.c                0x00000000   Number         0  fmul.o ABSOLUTE
    ../fplib/microlib/fpscalb.c              0x00000000   Number         0  fscalb.o ABSOLUTE
    ../fplib/microlib/fpstat.c               0x00000000   Number         0  fpstat.o ABSOLUTE
    ../mathlib/fpclassifyf.c                 0x00000000   Number         0  fpclassifyf.o ABSOLUTE
    ../mathlib/funder.c                      0x00000000   Number         0  funder.o ABSOLUTE
    ../mathlib/powf.c                        0x00000000   Number         0  powf.o ABSOLUTE
    ../mathlib/powf.c                        0x00000000   Number         0  powf_x.o ABSOLUTE
    ..\Drivers\STM32F1xx_HAL_Driver\Src\stm32f1xx_hal.c 0x00000000   Number         0  stm32f1xx_hal.o ABSOLUTE
    ..\Drivers\STM32F1xx_HAL_Driver\Src\stm32f1xx_hal_adc.c 0x00000000   Number         0  stm32f1xx_hal_adc.o ABSOLUTE
    ..\Drivers\STM32F1xx_HAL_Driver\Src\stm32f1xx_hal_adc_ex.c 0x00000000   Number         0  stm32f1xx_hal_adc_ex.o ABSOLUTE
    ..\Drivers\STM32F1xx_HAL_Driver\Src\stm32f1xx_hal_cortex.c 0x00000000   Number         0  stm32f1xx_hal_cortex.o ABSOLUTE
    ..\Drivers\STM32F1xx_HAL_Driver\Src\stm32f1xx_hal_dma.c 0x00000000   Number         0  stm32f1xx_hal_dma.o ABSOLUTE
    ..\Drivers\STM32F1xx_HAL_Driver\Src\stm32f1xx_hal_flash.c 0x00000000   Number         0  stm32f1xx_hal_flash.o ABSOLUTE
    ..\Drivers\STM32F1xx_HAL_Driver\Src\stm32f1xx_hal_flash_ex.c 0x00000000   Number         0  stm32f1xx_hal_flash_ex.o ABSOLUTE
    ..\Drivers\STM32F1xx_HAL_Driver\Src\stm32f1xx_hal_gpio.c 0x00000000   Number         0  stm32f1xx_hal_gpio.o ABSOLUTE
    ..\Drivers\STM32F1xx_HAL_Driver\Src\stm32f1xx_hal_gpio_ex.c 0x00000000   Number         0  stm32f1xx_hal_gpio_ex.o ABSOLUTE
    ..\Drivers\STM32F1xx_HAL_Driver\Src\stm32f1xx_hal_i2c.c 0x00000000   Number         0  stm32f1xx_hal_i2c.o ABSOLUTE
    ..\Drivers\STM32F1xx_HAL_Driver\Src\stm32f1xx_hal_pwr.c 0x00000000   Number         0  stm32f1xx_hal_pwr.o ABSOLUTE
    ..\Drivers\STM32F1xx_HAL_Driver\Src\stm32f1xx_hal_rcc.c 0x00000000   Number         0  stm32f1xx_hal_rcc.o ABSOLUTE
    ..\Drivers\STM32F1xx_HAL_Driver\Src\stm32f1xx_hal_rcc_ex.c 0x00000000   Number         0  stm32f1xx_hal_rcc_ex.o ABSOLUTE
    ..\Drivers\STM32F1xx_HAL_Driver\Src\stm32f1xx_hal_spi.c 0x00000000   Number         0  stm32f1xx_hal_spi.o ABSOLUTE
    ..\Drivers\STM32F1xx_HAL_Driver\Src\stm32f1xx_hal_spi_ex.c 0x00000000   Number         0  stm32f1xx_hal_spi_ex.o ABSOLUTE
    ..\Drivers\STM32F1xx_HAL_Driver\Src\stm32f1xx_hal_tim.c 0x00000000   Number         0  stm32f1xx_hal_tim.o ABSOLUTE
    ..\Drivers\STM32F1xx_HAL_Driver\Src\stm32f1xx_hal_tim_ex.c 0x00000000   Number         0  stm32f1xx_hal_tim_ex.o ABSOLUTE
    ..\Drivers\STM32F1xx_HAL_Driver\Src\stm32f1xx_hal_uart.c 0x00000000   Number         0  stm32f1xx_hal_uart.o ABSOLUTE
    ..\Src\SX1278.c                          0x00000000   Number         0  sx1278.o ABSOLUTE
    ..\Src\ds18b20_mflib.c                   0x00000000   Number         0  ds18b20_mflib.o ABSOLUTE
    ..\Src\dwt_stm32_delay.c                 0x00000000   Number         0  dwt_stm32_delay.o ABSOLUTE
    ..\Src\main.c                            0x00000000   Number         0  main.o ABSOLUTE
    ..\Src\stm32f1xx_hal_msp.c               0x00000000   Number         0  stm32f1xx_hal_msp.o ABSOLUTE
    ..\Src\stm32f1xx_it.c                    0x00000000   Number         0  stm32f1xx_it.o ABSOLUTE
    ..\Src\system_stm32f1xx.c                0x00000000   Number         0  system_stm32f1xx.o ABSOLUTE
    ..\Src\user_delay.c                      0x00000000   Number         0  user_delay.o ABSOLUTE
    ..\\Src\\SX1278.c                        0x00000000   Number         0  sx1278.o ABSOLUTE
    ..\\Src\\ds18b20_mflib.c                 0x00000000   Number         0  ds18b20_mflib.o ABSOLUTE
    ..\\Src\\dwt_stm32_delay.c               0x00000000   Number         0  dwt_stm32_delay.o ABSOLUTE
    ..\\Src\\user_delay.c                    0x00000000   Number         0  user_delay.o ABSOLUTE
    cdrcmple.s                               0x00000000   Number         0  cdrcmple.o ABSOLUTE
    dc.s                                     0x00000000   Number         0  dc.o ABSOLUTE
    handlers.s                               0x00000000   Number         0  handlers.o ABSOLUTE
    init.s                                   0x00000000   Number         0  init.o ABSOLUTE
    startup_stm32f103xb.s                    0x00000000   Number         0  startup_stm32f103xb.o ABSOLUTE
    RESET                                    0x08000000   Section      236  startup_stm32f103xb.o(RESET)
    .ARM.Collect$$$$00000000                 0x080000ec   Section        0  entry.o(.ARM.Collect$$$$00000000)
    .ARM.Collect$$$$00000001                 0x080000ec   Section        4  entry2.o(.ARM.Collect$$$$00000001)
    .ARM.Collect$$$$00000004                 0x080000f0   Section        4  entry5.o(.ARM.Collect$$$$00000004)
    .ARM.Collect$$$$00000008                 0x080000f4   Section        0  entry7b.o(.ARM.Collect$$$$00000008)
    .ARM.Collect$$$$0000000A                 0x080000f4   Section        0  entry8b.o(.ARM.Collect$$$$0000000A)
    .ARM.Collect$$$$0000000B                 0x080000f4   Section        8  entry9a.o(.ARM.Collect$$$$0000000B)
    .ARM.Collect$$$$0000000D                 0x080000fc   Section        0  entry10a.o(.ARM.Collect$$$$0000000D)
    .ARM.Collect$$$$0000000F                 0x080000fc   Section        0  entry11a.o(.ARM.Collect$$$$0000000F)
    .ARM.Collect$$$$00002712                 0x080000fc   Section        4  entry2.o(.ARM.Collect$$$$00002712)
    __lit__00000000                          0x080000fc   Data           4  entry2.o(.ARM.Collect$$$$00002712)
    .text                                    0x08000100   Section       36  startup_stm32f103xb.o(.text)
    .text                                    0x08000124   Section        0  llushr.o(.text)
    .text                                    0x08000144   Section        0  memcpya.o(.text)
    .text                                    0x08000168   Section        0  memseta.o(.text)
    .text                                    0x0800018c   Section        0  fadd.o(.text)
    .text                                    0x0800023c   Section        0  fmul.o(.text)
    .text                                    0x080002a0   Section        0  fdiv.o(.text)
    .text                                    0x0800031c   Section        0  dmul.o(.text)
    .text                                    0x08000400   Section        0  ddiv.o(.text)
    .text                                    0x080004de   Section        0  fflti.o(.text)
    .text                                    0x080004f0   Section        0  dfltui.o(.text)
    .text                                    0x0800050a   Section        0  ffixi.o(.text)
    .text                                    0x0800053c   Section        0  f2d.o(.text)
    .text                                    0x08000562   Section        0  d2f.o(.text)
    .text                                    0x0800059a   Section        0  uidiv.o(.text)
    .text                                    0x080005c6   Section        0  fepilogue.o(.text)
    .text                                    0x080005c6   Section        0  iusefp.o(.text)
    .text                                    0x08000634   Section        0  depilogue.o(.text)
    .text                                    0x080006f0   Section       36  init.o(.text)
    .text                                    0x08000714   Section        0  llshl.o(.text)
    i.ADC1_2_IRQHandler                      0x08000734   Section        0  stm32f1xx_it.o(i.ADC1_2_IRQHandler)
    i.ADC_ConversionStop_Disable             0x08000740   Section        0  stm32f1xx_hal_adc.o(i.ADC_ConversionStop_Disable)
    i.ADC_DMAConvCplt                        0x0800078c   Section        0  stm32f1xx_hal_adc.o(i.ADC_DMAConvCplt)
    i.ADC_DMAError                           0x080007da   Section        0  stm32f1xx_hal_adc.o(i.ADC_DMAError)
    i.ADC_DMAHalfConvCplt                    0x080007f4   Section        0  stm32f1xx_hal_adc.o(i.ADC_DMAHalfConvCplt)
    i.ADC_Enable                             0x08000800   Section        0  stm32f1xx_hal_adc.o(i.ADC_Enable)
    i.BusFault_Handler                       0x08000870   Section        0  stm32f1xx_it.o(i.BusFault_Handler)
    i.DMA1_Channel1_IRQHandler               0x08000874   Section        0  stm32f1xx_it.o(i.DMA1_Channel1_IRQHandler)
    i.DMA_SetConfig                          0x08000880   Section        0  stm32f1xx_hal_dma.o(i.DMA_SetConfig)
    DMA_SetConfig                            0x08000881   Thumb Code    42  stm32f1xx_hal_dma.o(i.DMA_SetConfig)
    i.DebugMon_Handler                       0x080008aa   Section        0  stm32f1xx_it.o(i.DebugMon_Handler)
    i.HAL_ADCEx_InjectedConvCpltCallback     0x080008ac   Section        0  stm32f1xx_hal_adc_ex.o(i.HAL_ADCEx_InjectedConvCpltCallback)
    i.HAL_ADC_ConfigChannel                  0x080008b0   Section        0  stm32f1xx_hal_adc.o(i.HAL_ADC_ConfigChannel)
    i.HAL_ADC_ConvCpltCallback               0x080009ac   Section        0  main.o(i.HAL_ADC_ConvCpltCallback)
    i.HAL_ADC_ConvHalfCpltCallback           0x08000a7c   Section        0  stm32f1xx_hal_adc.o(i.HAL_ADC_ConvHalfCpltCallback)
    i.HAL_ADC_ErrorCallback                  0x08000a7e   Section        0  stm32f1xx_hal_adc.o(i.HAL_ADC_ErrorCallback)
    i.HAL_ADC_IRQHandler                     0x08000a80   Section        0  stm32f1xx_hal_adc.o(i.HAL_ADC_IRQHandler)
    i.HAL_ADC_Init                           0x08000b68   Section        0  stm32f1xx_hal_adc.o(i.HAL_ADC_Init)
    i.HAL_ADC_LevelOutOfWindowCallback       0x08000c84   Section        0  stm32f1xx_hal_adc.o(i.HAL_ADC_LevelOutOfWindowCallback)
    i.HAL_ADC_MspInit                        0x08000c88   Section        0  stm32f1xx_hal_msp.o(i.HAL_ADC_MspInit)
    i.HAL_ADC_Start_DMA                      0x08000d30   Section        0  stm32f1xx_hal_adc.o(i.HAL_ADC_Start_DMA)
    i.HAL_ADC_Start_IT                       0x08000e3c   Section        0  stm32f1xx_hal_adc.o(i.HAL_ADC_Start_IT)
    i.HAL_DMA_Abort_IT                       0x08000f08   Section        0  stm32f1xx_hal_dma.o(i.HAL_DMA_Abort_IT)
    i.HAL_DMA_IRQHandler                     0x08000fa0   Section        0  stm32f1xx_hal_dma.o(i.HAL_DMA_IRQHandler)
    i.HAL_DMA_Init                           0x080010f4   Section        0  stm32f1xx_hal_dma.o(i.HAL_DMA_Init)
    i.HAL_DMA_Start_IT                       0x08001158   Section        0  stm32f1xx_hal_dma.o(i.HAL_DMA_Start_IT)
    i.HAL_Delay                              0x080011c8   Section        0  stm32f1xx_hal.o(i.HAL_Delay)
    i.HAL_GPIO_Init                          0x080011ec   Section        0  stm32f1xx_hal_gpio.o(i.HAL_GPIO_Init)
    i.HAL_GPIO_ReadPin                       0x080013a8   Section        0  stm32f1xx_hal_gpio.o(i.HAL_GPIO_ReadPin)
    i.HAL_GPIO_TogglePin                     0x080013b2   Section        0  stm32f1xx_hal_gpio.o(i.HAL_GPIO_TogglePin)
    i.HAL_GPIO_WritePin                      0x080013ba   Section        0  stm32f1xx_hal_gpio.o(i.HAL_GPIO_WritePin)
    i.HAL_GetTick                            0x080013c4   Section        0  stm32f1xx_hal.o(i.HAL_GetTick)
    i.HAL_I2C_Init                           0x080013d0   Section        0  stm32f1xx_hal_i2c.o(i.HAL_I2C_Init)
    i.HAL_I2C_Master_Receive                 0x08001510   Section        0  stm32f1xx_hal_i2c.o(i.HAL_I2C_Master_Receive)
    i.HAL_I2C_Master_Transmit                0x08001720   Section        0  stm32f1xx_hal_i2c.o(i.HAL_I2C_Master_Transmit)
    i.HAL_I2C_MspInit                        0x08001858   Section        0  stm32f1xx_hal_msp.o(i.HAL_I2C_MspInit)
    i.HAL_IncTick                            0x0800189c   Section        0  stm32f1xx_hal.o(i.HAL_IncTick)
    i.HAL_Init                               0x080018ac   Section        0  stm32f1xx_hal.o(i.HAL_Init)
    i.HAL_InitTick                           0x080018d0   Section        0  stm32f1xx_hal.o(i.HAL_InitTick)
    i.HAL_MspInit                            0x08001910   Section        0  stm32f1xx_hal_msp.o(i.HAL_MspInit)
    i.HAL_MultiProcessor_Init                0x080019a0   Section        0  stm32f1xx_hal_uart.o(i.HAL_MultiProcessor_Init)
    i.HAL_NVIC_EnableIRQ                     0x08001a22   Section        0  stm32f1xx_hal_cortex.o(i.HAL_NVIC_EnableIRQ)
    i.HAL_NVIC_SetPriority                   0x08001a38   Section        0  stm32f1xx_hal_cortex.o(i.HAL_NVIC_SetPriority)
    i.HAL_NVIC_SetPriorityGrouping           0x08001a78   Section        0  stm32f1xx_hal_cortex.o(i.HAL_NVIC_SetPriorityGrouping)
    i.HAL_RCCEx_PeriphCLKConfig              0x08001a9c   Section        0  stm32f1xx_hal_rcc_ex.o(i.HAL_RCCEx_PeriphCLKConfig)
    i.HAL_RCC_ClockConfig                    0x08001b88   Section        0  stm32f1xx_hal_rcc.o(i.HAL_RCC_ClockConfig)
    i.HAL_RCC_GetHCLKFreq                    0x08001cdc   Section        0  stm32f1xx_hal_rcc.o(i.HAL_RCC_GetHCLKFreq)
    i.HAL_RCC_GetPCLK1Freq                   0x08001ce8   Section        0  stm32f1xx_hal_rcc.o(i.HAL_RCC_GetPCLK1Freq)
    i.HAL_RCC_GetPCLK2Freq                   0x08001d08   Section        0  stm32f1xx_hal_rcc.o(i.HAL_RCC_GetPCLK2Freq)
    i.HAL_RCC_GetSysClockFreq                0x08001d28   Section        0  stm32f1xx_hal_rcc.o(i.HAL_RCC_GetSysClockFreq)
    i.HAL_RCC_OscConfig                      0x08001d94   Section        0  stm32f1xx_hal_rcc.o(i.HAL_RCC_OscConfig)
    i.HAL_SPI_GetState                       0x08002098   Section        0  stm32f1xx_hal_spi.o(i.HAL_SPI_GetState)
    i.HAL_SPI_Init                           0x0800209e   Section        0  stm32f1xx_hal_spi_ex.o(i.HAL_SPI_Init)
    i.HAL_SPI_MspInit                        0x08002120   Section        0  stm32f1xx_hal_msp.o(i.HAL_SPI_MspInit)
    i.HAL_SPI_Transmit                       0x08002178   Section        0  stm32f1xx_hal_spi.o(i.HAL_SPI_Transmit)
    i.HAL_SPI_TransmitReceive                0x080022e0   Section        0  stm32f1xx_hal_spi.o(i.HAL_SPI_TransmitReceive)
    i.HAL_SYSTICK_CLKSourceConfig            0x080024b8   Section        0  stm32f1xx_hal_cortex.o(i.HAL_SYSTICK_CLKSourceConfig)
    i.HAL_SYSTICK_Callback                   0x080024d0   Section        0  stm32f1xx_hal_cortex.o(i.HAL_SYSTICK_Callback)
    i.HAL_SYSTICK_Config                     0x080024d2   Section        0  stm32f1xx_hal_cortex.o(i.HAL_SYSTICK_Config)
    i.HAL_SYSTICK_IRQHandler                 0x080024fa   Section        0  stm32f1xx_hal_cortex.o(i.HAL_SYSTICK_IRQHandler)
    i.HAL_TIMEx_BreakCallback                0x08002502   Section        0  stm32f1xx_hal_tim_ex.o(i.HAL_TIMEx_BreakCallback)
    i.HAL_TIMEx_CommutationCallback          0x08002504   Section        0  stm32f1xx_hal_tim_ex.o(i.HAL_TIMEx_CommutationCallback)
    i.HAL_TIMEx_MasterConfigSynchronization  0x08002506   Section        0  stm32f1xx_hal_tim_ex.o(i.HAL_TIMEx_MasterConfigSynchronization)
    i.HAL_TIM_Base_Init                      0x08002556   Section        0  stm32f1xx_hal_tim.o(i.HAL_TIM_Base_Init)
    i.HAL_TIM_Base_MspInit                   0x0800258c   Section        0  stm32f1xx_hal_msp.o(i.HAL_TIM_Base_MspInit)
    i.HAL_TIM_Base_Start                     0x080025c4   Section        0  stm32f1xx_hal_tim.o(i.HAL_TIM_Base_Start)
    i.HAL_TIM_Base_Start_IT                  0x080025de   Section        0  stm32f1xx_hal_tim.o(i.HAL_TIM_Base_Start_IT)
    i.HAL_TIM_ConfigClockSource              0x080025f6   Section        0  stm32f1xx_hal_tim.o(i.HAL_TIM_ConfigClockSource)
    i.HAL_TIM_IC_CaptureCallback             0x080026e8   Section        0  stm32f1xx_hal_tim.o(i.HAL_TIM_IC_CaptureCallback)
    i.HAL_TIM_IRQHandler                     0x080026ea   Section        0  stm32f1xx_hal_tim.o(i.HAL_TIM_IRQHandler)
    i.HAL_TIM_OC_DelayElapsedCallback        0x08002850   Section        0  stm32f1xx_hal_tim.o(i.HAL_TIM_OC_DelayElapsedCallback)
    i.HAL_TIM_PWM_PulseFinishedCallback      0x08002852   Section        0  stm32f1xx_hal_tim.o(i.HAL_TIM_PWM_PulseFinishedCallback)
    i.HAL_TIM_PeriodElapsedCallback          0x08002854   Section        0  main.o(i.HAL_TIM_PeriodElapsedCallback)
    i.HAL_TIM_TriggerCallback                0x08002856   Section        0  stm32f1xx_hal_tim.o(i.HAL_TIM_TriggerCallback)
    i.HAL_UART_ErrorCallback                 0x08002858   Section        0  stm32f1xx_hal_uart.o(i.HAL_UART_ErrorCallback)
    i.HAL_UART_IRQHandler                    0x0800285c   Section        0  stm32f1xx_hal_uart.o(i.HAL_UART_IRQHandler)
    i.HAL_UART_MspInit                       0x0800296c   Section        0  stm32f1xx_hal_msp.o(i.HAL_UART_MspInit)
    i.HAL_UART_RxCpltCallback                0x080029d8   Section        0  stm32f1xx_hal_uart.o(i.HAL_UART_RxCpltCallback)
    i.HAL_UART_Transmit                      0x080029da   Section        0  stm32f1xx_hal_uart.o(i.HAL_UART_Transmit)
    i.HAL_UART_TxCpltCallback                0x08002a94   Section        0  stm32f1xx_hal_uart.o(i.HAL_UART_TxCpltCallback)
    i.HardFault_Handler                      0x08002a96   Section        0  stm32f1xx_it.o(i.HardFault_Handler)
    i.I2C_IsAcknowledgeFailed                0x08002a98   Section        0  stm32f1xx_hal_i2c.o(i.I2C_IsAcknowledgeFailed)
    I2C_IsAcknowledgeFailed                  0x08002a99   Thumb Code    40  stm32f1xx_hal_i2c.o(i.I2C_IsAcknowledgeFailed)
    i.I2C_MasterRequestRead                  0x08002ac0   Section        0  stm32f1xx_hal_i2c.o(i.I2C_MasterRequestRead)
    I2C_MasterRequestRead                    0x08002ac1   Thumb Code   222  stm32f1xx_hal_i2c.o(i.I2C_MasterRequestRead)
    i.I2C_MasterRequestWrite                 0x08002ba0   Section        0  stm32f1xx_hal_i2c.o(i.I2C_MasterRequestWrite)
    I2C_MasterRequestWrite                   0x08002ba1   Thumb Code   142  stm32f1xx_hal_i2c.o(i.I2C_MasterRequestWrite)
    i.I2C_WaitOnBTFFlagUntilTimeout          0x08002c34   Section        0  stm32f1xx_hal_i2c.o(i.I2C_WaitOnBTFFlagUntilTimeout)
    I2C_WaitOnBTFFlagUntilTimeout            0x08002c35   Thumb Code    78  stm32f1xx_hal_i2c.o(i.I2C_WaitOnBTFFlagUntilTimeout)
    i.I2C_WaitOnFlagUntilTimeout             0x08002c82   Section        0  stm32f1xx_hal_i2c.o(i.I2C_WaitOnFlagUntilTimeout)
    I2C_WaitOnFlagUntilTimeout               0x08002c83   Thumb Code    96  stm32f1xx_hal_i2c.o(i.I2C_WaitOnFlagUntilTimeout)
    i.I2C_WaitOnMasterAddressFlagUntilTimeout 0x08002ce4   Section        0  stm32f1xx_hal_i2c.o(i.I2C_WaitOnMasterAddressFlagUntilTimeout)
    I2C_WaitOnMasterAddressFlagUntilTimeout  0x08002ce5   Thumb Code   136  stm32f1xx_hal_i2c.o(i.I2C_WaitOnMasterAddressFlagUntilTimeout)
    i.I2C_WaitOnRXNEFlagUntilTimeout         0x08002d6c   Section        0  stm32f1xx_hal_i2c.o(i.I2C_WaitOnRXNEFlagUntilTimeout)
    I2C_WaitOnRXNEFlagUntilTimeout           0x08002d6d   Thumb Code    98  stm32f1xx_hal_i2c.o(i.I2C_WaitOnRXNEFlagUntilTimeout)
    i.I2C_WaitOnTXEFlagUntilTimeout          0x08002dce   Section        0  stm32f1xx_hal_i2c.o(i.I2C_WaitOnTXEFlagUntilTimeout)
    I2C_WaitOnTXEFlagUntilTimeout            0x08002dcf   Thumb Code    78  stm32f1xx_hal_i2c.o(i.I2C_WaitOnTXEFlagUntilTimeout)
    i.MX_ADC1_Init                           0x08002e1c   Section        0  main.o(i.MX_ADC1_Init)
    MX_ADC1_Init                             0x08002e1d   Thumb Code    98  main.o(i.MX_ADC1_Init)
    i.MX_GPIO_Init                           0x08002e88   Section        0  main.o(i.MX_GPIO_Init)
    MX_GPIO_Init                             0x08002e89   Thumb Code   260  main.o(i.MX_GPIO_Init)
    i.MX_I2C2_Init                           0x08002f9c   Section        0  main.o(i.MX_I2C2_Init)
    MX_I2C2_Init                             0x08002f9d   Thumb Code    44  main.o(i.MX_I2C2_Init)
    i.MX_SPI1_Init                           0x08002fd4   Section        0  main.o(i.MX_SPI1_Init)
    MX_SPI1_Init                             0x08002fd5   Thumb Code    56  main.o(i.MX_SPI1_Init)
    i.MX_TIM2_Init                           0x08003014   Section        0  main.o(i.MX_TIM2_Init)
    MX_TIM2_Init                             0x08003015   Thumb Code    78  main.o(i.MX_TIM2_Init)
    i.MX_USART1_UART_Init                    0x08003068   Section        0  main.o(i.MX_USART1_UART_Init)
    MX_USART1_UART_Init                      0x08003069   Thumb Code    44  main.o(i.MX_USART1_UART_Init)
    i.MemManage_Handler                      0x0800309c   Section        0  stm32f1xx_it.o(i.MemManage_Handler)
    i.NMI_Handler                            0x0800309e   Section        0  stm32f1xx_it.o(i.NMI_Handler)
    i.NVIC_SetPriority                       0x080030a0   Section        0  stm32f1xx_hal_cortex.o(i.NVIC_SetPriority)
    NVIC_SetPriority                         0x080030a1   Thumb Code    32  stm32f1xx_hal_cortex.o(i.NVIC_SetPriority)
    i.PendSV_Handler                         0x080030c0   Section        0  stm32f1xx_it.o(i.PendSV_Handler)
    i.SPI_CheckFlag_BSY                      0x080030c2   Section        0  stm32f1xx_hal_spi.o(i.SPI_CheckFlag_BSY)
    SPI_CheckFlag_BSY                        0x080030c3   Thumb Code    32  stm32f1xx_hal_spi.o(i.SPI_CheckFlag_BSY)
    i.SPI_WaitFlagStateUntilTimeout          0x080030e2   Section        0  stm32f1xx_hal_spi.o(i.SPI_WaitFlagStateUntilTimeout)
    SPI_WaitFlagStateUntilTimeout            0x080030e3   Thumb Code   150  stm32f1xx_hal_spi.o(i.SPI_WaitFlagStateUntilTimeout)
    i.SVC_Handler                            0x08003178   Section        0  stm32f1xx_it.o(i.SVC_Handler)
    i.SX1278_LoRaEntryRx                     0x0800317a   Section        0  sx1278.o(i.SX1278_LoRaEntryRx)
    i.SX1278_LoRaEntryTx                     0x08003212   Section        0  sx1278.o(i.SX1278_LoRaEntryTx)
    i.SX1278_LoRaRxPacket                    0x08003292   Section        0  sx1278.o(i.SX1278_LoRaRxPacket)
    i.SX1278_LoRaTxPacket                    0x080032ec   Section        0  sx1278.o(i.SX1278_LoRaTxPacket)
    i.SX1278_SPIBurstRead                    0x08003342   Section        0  sx1278.o(i.SX1278_SPIBurstRead)
    i.SX1278_SPIBurstWrite                   0x08003380   Section        0  sx1278.o(i.SX1278_SPIBurstWrite)
    i.SX1278_SPIRead                         0x080033c2   Section        0  sx1278.o(i.SX1278_SPIRead)
    i.SX1278_SPIWrite                        0x080033e0   Section        0  sx1278.o(i.SX1278_SPIWrite)
    i.SX1278_begin                           0x0800340c   Section        0  sx1278.o(i.SX1278_begin)
    i.SX1278_clearLoRaIrq                    0x0800343a   Section        0  sx1278.o(i.SX1278_clearLoRaIrq)
    i.SX1278_config                          0x08003444   Section        0  sx1278.o(i.SX1278_config)
    i.SX1278_defaultConfig                   0x08003540   Section        0  sx1278.o(i.SX1278_defaultConfig)
    i.SX1278_entryLoRa                       0x08003552   Section        0  sx1278.o(i.SX1278_entryLoRa)
    i.SX1278_hw_DelayMs                      0x0800355a   Section        0  sx1278.o(i.SX1278_hw_DelayMs)
    i.SX1278_hw_GetDIO0                      0x0800355e   Section        0  sx1278.o(i.SX1278_hw_GetDIO0)
    i.SX1278_hw_Reset                        0x08003572   Section        0  sx1278.o(i.SX1278_hw_Reset)
    i.SX1278_hw_SPICommand                   0x080035a2   Section        0  sx1278.o(i.SX1278_hw_SPICommand)
    i.SX1278_hw_SPIReadByte                  0x080035c6   Section        0  sx1278.o(i.SX1278_hw_SPIReadByte)
    i.SX1278_hw_SetNSS                       0x080035fe   Section        0  sx1278.o(i.SX1278_hw_SetNSS)
    i.SX1278_hw_init                         0x08003612   Section        0  sx1278.o(i.SX1278_hw_init)
    i.SX1278_read                            0x0800362c   Section        0  sx1278.o(i.SX1278_read)
    i.SX1278_sleep                           0x08003656   Section        0  sx1278.o(i.SX1278_sleep)
    i.SX1278_standby                         0x08003668   Section        0  sx1278.o(i.SX1278_standby)
    i.SysTick_Handler                        0x0800367a   Section        0  stm32f1xx_it.o(i.SysTick_Handler)
    i.SystemClock_Config                     0x08003688   Section        0  main.o(i.SystemClock_Config)
    i.SystemInit                             0x08003704   Section        0  system_stm32f1xx.o(i.SystemInit)
    i.TIM2_IRQHandler                        0x0800374c   Section        0  stm32f1xx_it.o(i.TIM2_IRQHandler)
    i.TIM_Base_SetConfig                     0x08003758   Section        0  stm32f1xx_hal_tim.o(i.TIM_Base_SetConfig)
    i.TIM_ETR_SetConfig                      0x080037c4   Section        0  stm32f1xx_hal_tim.o(i.TIM_ETR_SetConfig)
    TIM_ETR_SetConfig                        0x080037c5   Thumb Code    20  stm32f1xx_hal_tim.o(i.TIM_ETR_SetConfig)
    i.TIM_ITRx_SetConfig                     0x080037d8   Section        0  stm32f1xx_hal_tim.o(i.TIM_ITRx_SetConfig)
    TIM_ITRx_SetConfig                       0x080037d9   Thumb Code    16  stm32f1xx_hal_tim.o(i.TIM_ITRx_SetConfig)
    i.TIM_TI1_ConfigInputStage               0x080037e8   Section        0  stm32f1xx_hal_tim.o(i.TIM_TI1_ConfigInputStage)
    TIM_TI1_ConfigInputStage                 0x080037e9   Thumb Code    34  stm32f1xx_hal_tim.o(i.TIM_TI1_ConfigInputStage)
    i.TIM_TI2_ConfigInputStage               0x0800380a   Section        0  stm32f1xx_hal_tim.o(i.TIM_TI2_ConfigInputStage)
    TIM_TI2_ConfigInputStage                 0x0800380b   Thumb Code    36  stm32f1xx_hal_tim.o(i.TIM_TI2_ConfigInputStage)
    i.UART_DMAAbortOnError                   0x0800382e   Section        0  stm32f1xx_hal_uart.o(i.UART_DMAAbortOnError)
    UART_DMAAbortOnError                     0x0800382f   Thumb Code    16  stm32f1xx_hal_uart.o(i.UART_DMAAbortOnError)
    i.UART_EndRxTransfer                     0x0800383e   Section        0  stm32f1xx_hal_uart.o(i.UART_EndRxTransfer)
    UART_EndRxTransfer                       0x0800383f   Thumb Code    28  stm32f1xx_hal_uart.o(i.UART_EndRxTransfer)
    i.UART_Receive_IT                        0x0800385a   Section        0  stm32f1xx_hal_uart.o(i.UART_Receive_IT)
    UART_Receive_IT                          0x0800385b   Thumb Code   150  stm32f1xx_hal_uart.o(i.UART_Receive_IT)
    i.UART_SetConfig                         0x080038f0   Section        0  stm32f1xx_hal_uart.o(i.UART_SetConfig)
    UART_SetConfig                           0x080038f1   Thumb Code   364  stm32f1xx_hal_uart.o(i.UART_SetConfig)
    i.UART_Transmit_IT                       0x08003a60   Section        0  stm32f1xx_hal_uart.o(i.UART_Transmit_IT)
    UART_Transmit_IT                         0x08003a61   Thumb Code    98  stm32f1xx_hal_uart.o(i.UART_Transmit_IT)
    i.UART_WaitOnFlagUntilTimeout            0x08003ac2   Section        0  stm32f1xx_hal_uart.o(i.UART_WaitOnFlagUntilTimeout)
    UART_WaitOnFlagUntilTimeout              0x08003ac3   Thumb Code   100  stm32f1xx_hal_uart.o(i.UART_WaitOnFlagUntilTimeout)
    i.USART1_IRQHandler                      0x08003b28   Section        0  stm32f1xx_it.o(i.USART1_IRQHandler)
    i.UsageFault_Handler                     0x08003b34   Section        0  stm32f1xx_it.o(i.UsageFault_Handler)
    i._Error_Handler                         0x08003b36   Section        0  main.o(i._Error_Handler)
    i.__0printf$6                            0x08003b38   Section        0  printf6.o(i.__0printf$6)
    i.__0sprintf$6                           0x08003b58   Section        0  printf6.o(i.__0sprintf$6)
    i.__scatterload_copy                     0x08003b80   Section       14  handlers.o(i.__scatterload_copy)
    i.__scatterload_null                     0x08003b8e   Section        2  handlers.o(i.__scatterload_null)
    i.__scatterload_zeroinit                 0x08003b90   Section       14  handlers.o(i.__scatterload_zeroinit)
    i._printf_core                           0x08003ba0   Section        0  printf6.o(i._printf_core)
    _printf_core                             0x08003ba1   Thumb Code   748  printf6.o(i._printf_core)
    i._printf_post_padding                   0x08003e90   Section        0  printf6.o(i._printf_post_padding)
    _printf_post_padding                     0x08003e91   Thumb Code    36  printf6.o(i._printf_post_padding)
    i._printf_pre_padding                    0x08003eb4   Section        0  printf6.o(i._printf_pre_padding)
    _printf_pre_padding                      0x08003eb5   Thumb Code    46  printf6.o(i._printf_pre_padding)
    i._sputc                                 0x08003ee2   Section        0  printf6.o(i._sputc)
    _sputc                                   0x08003ee3   Thumb Code    10  printf6.o(i._sputc)
    i.fputc                                  0x08003eec   Section        0  main.o(i.fputc)
    i.main                                   0x08003f04   Section        0  main.o(i.main)
    .constdata                               0x080041bc   Section       24  sx1278.o(.constdata)
    SX1278_Frequency                         0x080041bc   Data           3  sx1278.o(.constdata)
    SX1278_Power                             0x080041bf   Data           4  sx1278.o(.constdata)
    SX1278_SpreadFactor                      0x080041c3   Data           7  sx1278.o(.constdata)
    SX1278_LoRaBandwidth                     0x080041ca   Data          10  sx1278.o(.constdata)
    .constdata                               0x080041d4   Section       16  system_stm32f1xx.o(.constdata)
    .constdata                               0x080041e4   Section        8  system_stm32f1xx.o(.constdata)
    .data                                    0x20000000   Section       74  main.o(.data)
    .data                                    0x2000004c   Section       12  stm32f1xx_hal.o(.data)
    .data                                    0x20000058   Section        4  system_stm32f1xx.o(.data)
    .data                                    0x2000005c   Section        4  stdout.o(.data)
    .bss                                     0x20000060   Section      796  main.o(.bss)
    .bss                                     0x2000037c   Section       68  main.o(.bss)
    STACK                                    0x200003c0   Section     1024  startup_stm32f103xb.o(STACK)

    Global Symbols

    Symbol Name                              Value     Ov Type        Size  Object(Section)

    BuildAttributes$$THM_ISAv4$P$D$K$B$S$PE$A:L22UL41UL21$X:L11$S22US41US21$IEEE1$IW$USESV6$~STKCKD$USESV7$~SHL$OTIME$ROPI$IEEEX$EBA8$MICROLIB$REQ8$PRES8$EABIv2 0x00000000   Number         0  anon$$obj.o ABSOLUTE
    __ARM_use_no_argv                        0x00000000   Number         0  main.o ABSOLUTE
    _printf_a                                0x00000000   Number         0  stubs.o ABSOLUTE
    _printf_c                                0x00000000   Number         0  stubs.o ABSOLUTE
    _printf_charcount                        0x00000000   Number         0  stubs.o ABSOLUTE
    _printf_d                                0x00000000   Number         0  stubs.o ABSOLUTE
    _printf_e                                0x00000000   Number         0  stubs.o ABSOLUTE
    _printf_f                                0x00000000   Number         0  stubs.o ABSOLUTE
    _printf_flags                            0x00000000   Number         0  stubs.o ABSOLUTE
    _printf_fp_dec                           0x00000000   Number         0  stubs.o ABSOLUTE
    _printf_fp_hex                           0x00000000   Number         0  stubs.o ABSOLUTE
    _printf_g                                0x00000000   Number         0  stubs.o ABSOLUTE
    _printf_i                                0x00000000   Number         0  stubs.o ABSOLUTE
    _printf_int_dec                          0x00000000   Number         0  stubs.o ABSOLUTE
    _printf_l                                0x00000000   Number         0  stubs.o ABSOLUTE
    _printf_lc                               0x00000000   Number         0  stubs.o ABSOLUTE
    _printf_ll                               0x00000000   Number         0  stubs.o ABSOLUTE
    _printf_lld                              0x00000000   Number         0  stubs.o ABSOLUTE
    _printf_lli                              0x00000000   Number         0  stubs.o ABSOLUTE
    _printf_llo                              0x00000000   Number         0  stubs.o ABSOLUTE
    _printf_llu                              0x00000000   Number         0  stubs.o ABSOLUTE
    _printf_llx                              0x00000000   Number         0  stubs.o ABSOLUTE
    _printf_longlong_dec                     0x00000000   Number         0  stubs.o ABSOLUTE
    _printf_longlong_hex                     0x00000000   Number         0  stubs.o ABSOLUTE
    _printf_longlong_oct                     0x00000000   Number         0  stubs.o ABSOLUTE
    _printf_ls                               0x00000000   Number         0  stubs.o ABSOLUTE
    _printf_mbtowc                           0x00000000   Number         0  stubs.o ABSOLUTE
    _printf_n                                0x00000000   Number         0  stubs.o ABSOLUTE
    _printf_o                                0x00000000   Number         0  stubs.o ABSOLUTE
    _printf_p                                0x00000000   Number         0  stubs.o ABSOLUTE
    _printf_percent                          0x00000000   Number         0  stubs.o ABSOLUTE
    _printf_pre_padding                      0x00000000   Number         0  stubs.o ABSOLUTE
    _printf_return_value                     0x00000000   Number         0  stubs.o ABSOLUTE
    _printf_s                                0x00000000   Number         0  stubs.o ABSOLUTE
    _printf_sizespec                         0x00000000   Number         0  stubs.o ABSOLUTE
    _printf_str                              0x00000000   Number         0  stubs.o ABSOLUTE
    _printf_truncate_signed                  0x00000000   Number         0  stubs.o ABSOLUTE
    _printf_truncate_unsigned                0x00000000   Number         0  stubs.o ABSOLUTE
    _printf_u                                0x00000000   Number         0  stubs.o ABSOLUTE
    _printf_wc                               0x00000000   Number         0  stubs.o ABSOLUTE
    _printf_wctomb                           0x00000000   Number         0  stubs.o ABSOLUTE
    _printf_widthprec                        0x00000000   Number         0  stubs.o ABSOLUTE
    _printf_x                                0x00000000   Number         0  stubs.o ABSOLUTE
    __cpp_initialize__aeabi_                  - Undefined Weak Reference
    __cxa_finalize                            - Undefined Weak Reference
    __decompress                              - Undefined Weak Reference
    _clock_init                               - Undefined Weak Reference
    _microlib_exit                            - Undefined Weak Reference
    __Vectors_Size                           0x000000ec   Number         0  startup_stm32f103xb.o ABSOLUTE
    __Vectors                                0x08000000   Data           4  startup_stm32f103xb.o(RESET)
    __Vectors_End                            0x080000ec   Data           0  startup_stm32f103xb.o(RESET)
    __main                                   0x080000ed   Thumb Code     0  entry.o(.ARM.Collect$$$$00000000)
    _main_stk                                0x080000ed   Thumb Code     0  entry2.o(.ARM.Collect$$$$00000001)
    _main_scatterload                        0x080000f1   Thumb Code     0  entry5.o(.ARM.Collect$$$$00000004)
    __main_after_scatterload                 0x080000f5   Thumb Code     0  entry5.o(.ARM.Collect$$$$00000004)
    _main_clock                              0x080000f5   Thumb Code     0  entry7b.o(.ARM.Collect$$$$00000008)
    _main_cpp_init                           0x080000f5   Thumb Code     0  entry8b.o(.ARM.Collect$$$$0000000A)
    _main_init                               0x080000f5   Thumb Code     0  entry9a.o(.ARM.Collect$$$$0000000B)
    __rt_final_cpp                           0x080000fd   Thumb Code     0  entry10a.o(.ARM.Collect$$$$0000000D)
    __rt_final_exit                          0x080000fd   Thumb Code     0  entry11a.o(.ARM.Collect$$$$0000000F)
    Reset_Handler                            0x08000101   Thumb Code     8  startup_stm32f103xb.o(.text)
    CAN1_RX1_IRQHandler                      0x0800011b   Thumb Code     0  startup_stm32f103xb.o(.text)
    CAN1_SCE_IRQHandler                      0x0800011b   Thumb Code     0  startup_stm32f103xb.o(.text)
    DMA1_Channel2_IRQHandler                 0x0800011b   Thumb Code     0  startup_stm32f103xb.o(.text)
    DMA1_Channel3_IRQHandler                 0x0800011b   Thumb Code     0  startup_stm32f103xb.o(.text)
    DMA1_Channel4_IRQHandler                 0x0800011b   Thumb Code     0  startup_stm32f103xb.o(.text)
    DMA1_Channel5_IRQHandler                 0x0800011b   Thumb Code     0  startup_stm32f103xb.o(.text)
    DMA1_Channel6_IRQHandler                 0x0800011b   Thumb Code     0  startup_stm32f103xb.o(.text)
    DMA1_Channel7_IRQHandler                 0x0800011b   Thumb Code     0  startup_stm32f103xb.o(.text)
    EXTI0_IRQHandler                         0x0800011b   Thumb Code     0  startup_stm32f103xb.o(.text)
    EXTI15_10_IRQHandler                     0x0800011b   Thumb Code     0  startup_stm32f103xb.o(.text)
    EXTI1_IRQHandler                         0x0800011b   Thumb Code     0  startup_stm32f103xb.o(.text)
    EXTI2_IRQHandler                         0x0800011b   Thumb Code     0  startup_stm32f103xb.o(.text)
    EXTI3_IRQHandler                         0x0800011b   Thumb Code     0  startup_stm32f103xb.o(.text)
    EXTI4_IRQHandler                         0x0800011b   Thumb Code     0  startup_stm32f103xb.o(.text)
    EXTI9_5_IRQHandler                       0x0800011b   Thumb Code     0  startup_stm32f103xb.o(.text)
    FLASH_IRQHandler                         0x0800011b   Thumb Code     0  startup_stm32f103xb.o(.text)
    I2C1_ER_IRQHandler                       0x0800011b   Thumb Code     0  startup_stm32f103xb.o(.text)
    I2C1_EV_IRQHandler                       0x0800011b   Thumb Code     0  startup_stm32f103xb.o(.text)
    I2C2_ER_IRQHandler                       0x0800011b   Thumb Code     0  startup_stm32f103xb.o(.text)
    I2C2_EV_IRQHandler                       0x0800011b   Thumb Code     0  startup_stm32f103xb.o(.text)
    PVD_IRQHandler                           0x0800011b   Thumb Code     0  startup_stm32f103xb.o(.text)
    RCC_IRQHandler                           0x0800011b   Thumb Code     0  startup_stm32f103xb.o(.text)
    RTC_Alarm_IRQHandler                     0x0800011b   Thumb Code     0  startup_stm32f103xb.o(.text)
    RTC_IRQHandler                           0x0800011b   Thumb Code     0  startup_stm32f103xb.o(.text)
    SPI1_IRQHandler                          0x0800011b   Thumb Code     0  startup_stm32f103xb.o(.text)
    SPI2_IRQHandler                          0x0800011b   Thumb Code     0  startup_stm32f103xb.o(.text)
    TAMPER_IRQHandler                        0x0800011b   Thumb Code     0  startup_stm32f103xb.o(.text)
    TIM1_BRK_IRQHandler                      0x0800011b   Thumb Code     0  startup_stm32f103xb.o(.text)
    TIM1_CC_IRQHandler                       0x0800011b   Thumb Code     0  startup_stm32f103xb.o(.text)
    TIM1_TRG_COM_IRQHandler                  0x0800011b   Thumb Code     0  startup_stm32f103xb.o(.text)
    TIM1_UP_IRQHandler                       0x0800011b   Thumb Code     0  startup_stm32f103xb.o(.text)
    TIM3_IRQHandler                          0x0800011b   Thumb Code     0  startup_stm32f103xb.o(.text)
    TIM4_IRQHandler                          0x0800011b   Thumb Code     0  startup_stm32f103xb.o(.text)
    USART2_IRQHandler                        0x0800011b   Thumb Code     0  startup_stm32f103xb.o(.text)
    USART3_IRQHandler                        0x0800011b   Thumb Code     0  startup_stm32f103xb.o(.text)
    USBWakeUp_IRQHandler                     0x0800011b   Thumb Code     0  startup_stm32f103xb.o(.text)
    USB_HP_CAN1_TX_IRQHandler                0x0800011b   Thumb Code     0  startup_stm32f103xb.o(.text)
    USB_LP_CAN1_RX0_IRQHandler               0x0800011b   Thumb Code     0  startup_stm32f103xb.o(.text)
    WWDG_IRQHandler                          0x0800011b   Thumb Code     0  startup_stm32f103xb.o(.text)
    __aeabi_llsr                             0x08000125   Thumb Code    32  llushr.o(.text)
    _ll_ushift_r                             0x08000125   Thumb Code     0  llushr.o(.text)
    __aeabi_memcpy                           0x08000145   Thumb Code    36  memcpya.o(.text)
    __aeabi_memcpy4                          0x08000145   Thumb Code     0  memcpya.o(.text)
    __aeabi_memcpy8                          0x08000145   Thumb Code     0  memcpya.o(.text)
    __aeabi_memset                           0x08000169   Thumb Code    14  memseta.o(.text)
    __aeabi_memset4                          0x08000169   Thumb Code     0  memseta.o(.text)
    __aeabi_memset8                          0x08000169   Thumb Code     0  memseta.o(.text)
    __aeabi_memclr                           0x08000177   Thumb Code     4  memseta.o(.text)
    __aeabi_memclr4                          0x08000177   Thumb Code     0  memseta.o(.text)
    __aeabi_memclr8                          0x08000177   Thumb Code     0  memseta.o(.text)
    _memset$wrapper                          0x0800017b   Thumb Code    18  memseta.o(.text)
    __aeabi_fadd                             0x0800018d   Thumb Code   164  fadd.o(.text)
    __aeabi_fsub                             0x08000231   Thumb Code     6  fadd.o(.text)
    __aeabi_frsub                            0x08000237   Thumb Code     6  fadd.o(.text)
    __aeabi_fmul                             0x0800023d   Thumb Code   100  fmul.o(.text)
    __aeabi_fdiv                             0x080002a1   Thumb Code   124  fdiv.o(.text)
    __aeabi_dmul                             0x0800031d   Thumb Code   228  dmul.o(.text)
    __aeabi_ddiv                             0x08000401   Thumb Code   222  ddiv.o(.text)
    __aeabi_i2f                              0x080004df   Thumb Code    18  fflti.o(.text)
    __aeabi_ui2d                             0x080004f1   Thumb Code    26  dfltui.o(.text)
    __aeabi_f2iz                             0x0800050b   Thumb Code    50  ffixi.o(.text)
    __aeabi_f2d                              0x0800053d   Thumb Code    38  f2d.o(.text)
    __aeabi_d2f                              0x08000563   Thumb Code    56  d2f.o(.text)
    __aeabi_uidiv                            0x0800059b   Thumb Code     0  uidiv.o(.text)
    __aeabi_uidivmod                         0x0800059b   Thumb Code    44  uidiv.o(.text)
    __I$use$fp                               0x080005c7   Thumb Code     0  iusefp.o(.text)
    _float_round                             0x080005c7   Thumb Code    18  fepilogue.o(.text)
    _float_epilogue                          0x080005d9   Thumb Code    92  fepilogue.o(.text)
    _double_round                            0x08000635   Thumb Code    30  depilogue.o(.text)
    _double_epilogue                         0x08000653   Thumb Code   156  depilogue.o(.text)
    __scatterload                            0x080006f1   Thumb Code    28  init.o(.text)
    __scatterload_rt2                        0x080006f1   Thumb Code     0  init.o(.text)
    __aeabi_llsl                             0x08000715   Thumb Code    30  llshl.o(.text)
    _ll_shift_l                              0x08000715   Thumb Code     0  llshl.o(.text)
    ADC1_2_IRQHandler                        0x08000735   Thumb Code     6  stm32f1xx_it.o(i.ADC1_2_IRQHandler)
    ADC_ConversionStop_Disable               0x08000741   Thumb Code    76  stm32f1xx_hal_adc.o(i.ADC_ConversionStop_Disable)
    ADC_DMAConvCplt                          0x0800078d   Thumb Code    78  stm32f1xx_hal_adc.o(i.ADC_DMAConvCplt)
    ADC_DMAError                             0x080007db   Thumb Code    26  stm32f1xx_hal_adc.o(i.ADC_DMAError)
    ADC_DMAHalfConvCplt                      0x080007f5   Thumb Code    10  stm32f1xx_hal_adc.o(i.ADC_DMAHalfConvCplt)
    ADC_Enable                               0x08000801   Thumb Code   104  stm32f1xx_hal_adc.o(i.ADC_Enable)
    BusFault_Handler                         0x08000871   Thumb Code     2  stm32f1xx_it.o(i.BusFault_Handler)
    DMA1_Channel1_IRQHandler                 0x08000875   Thumb Code     6  stm32f1xx_it.o(i.DMA1_Channel1_IRQHandler)
    DebugMon_Handler                         0x080008ab   Thumb Code     2  stm32f1xx_it.o(i.DebugMon_Handler)
    HAL_ADCEx_InjectedConvCpltCallback       0x080008ad   Thumb Code     2  stm32f1xx_hal_adc_ex.o(i.HAL_ADCEx_InjectedConvCpltCallback)
    HAL_ADC_ConfigChannel                    0x080008b1   Thumb Code   240  stm32f1xx_hal_adc.o(i.HAL_ADC_ConfigChannel)
    HAL_ADC_ConvCpltCallback                 0x080009ad   Thumb Code   178  main.o(i.HAL_ADC_ConvCpltCallback)
    HAL_ADC_ConvHalfCpltCallback             0x08000a7d   Thumb Code     2  stm32f1xx_hal_adc.o(i.HAL_ADC_ConvHalfCpltCallback)
    HAL_ADC_ErrorCallback                    0x08000a7f   Thumb Code     2  stm32f1xx_hal_adc.o(i.HAL_ADC_ErrorCallback)
    HAL_ADC_IRQHandler                       0x08000a81   Thumb Code   230  stm32f1xx_hal_adc.o(i.HAL_ADC_IRQHandler)
    HAL_ADC_Init                             0x08000b69   Thumb Code   272  stm32f1xx_hal_adc.o(i.HAL_ADC_Init)
    HAL_ADC_LevelOutOfWindowCallback         0x08000c85   Thumb Code     2  stm32f1xx_hal_adc.o(i.HAL_ADC_LevelOutOfWindowCallback)
    HAL_ADC_MspInit                          0x08000c89   Thumb Code   118  stm32f1xx_hal_msp.o(i.HAL_ADC_MspInit)
    HAL_ADC_Start_DMA                        0x08000d31   Thumb Code   246  stm32f1xx_hal_adc.o(i.HAL_ADC_Start_DMA)
    HAL_ADC_Start_IT                         0x08000e3d   Thumb Code   194  stm32f1xx_hal_adc.o(i.HAL_ADC_Start_IT)
    HAL_DMA_Abort_IT                         0x08000f09   Thumb Code   148  stm32f1xx_hal_dma.o(i.HAL_DMA_Abort_IT)
    HAL_DMA_IRQHandler                       0x08000fa1   Thumb Code   316  stm32f1xx_hal_dma.o(i.HAL_DMA_IRQHandler)
    HAL_DMA_Init                             0x080010f5   Thumb Code    92  stm32f1xx_hal_dma.o(i.HAL_DMA_Init)
    HAL_DMA_Start_IT                         0x08001159   Thumb Code   112  stm32f1xx_hal_dma.o(i.HAL_DMA_Start_IT)
    HAL_Delay                                0x080011c9   Thumb Code    32  stm32f1xx_hal.o(i.HAL_Delay)
    HAL_GPIO_Init                            0x080011ed   Thumb Code   408  stm32f1xx_hal_gpio.o(i.HAL_GPIO_Init)
    HAL_GPIO_ReadPin                         0x080013a9   Thumb Code    10  stm32f1xx_hal_gpio.o(i.HAL_GPIO_ReadPin)
    HAL_GPIO_TogglePin                       0x080013b3   Thumb Code     8  stm32f1xx_hal_gpio.o(i.HAL_GPIO_TogglePin)
    HAL_GPIO_WritePin                        0x080013bb   Thumb Code    10  stm32f1xx_hal_gpio.o(i.HAL_GPIO_WritePin)
    HAL_GetTick                              0x080013c5   Thumb Code     6  stm32f1xx_hal.o(i.HAL_GetTick)
    HAL_I2C_Init                             0x080013d1   Thumb Code   302  stm32f1xx_hal_i2c.o(i.HAL_I2C_Init)
    HAL_I2C_Master_Receive                   0x08001511   Thumb Code   516  stm32f1xx_hal_i2c.o(i.HAL_I2C_Master_Receive)
    HAL_I2C_Master_Transmit                  0x08001721   Thumb Code   304  stm32f1xx_hal_i2c.o(i.HAL_I2C_Master_Transmit)
    HAL_I2C_MspInit                          0x08001859   Thumb Code    56  stm32f1xx_hal_msp.o(i.HAL_I2C_MspInit)
    HAL_IncTick                              0x0800189d   Thumb Code    12  stm32f1xx_hal.o(i.HAL_IncTick)
    HAL_Init                                 0x080018ad   Thumb Code    32  stm32f1xx_hal.o(i.HAL_Init)
    HAL_InitTick                             0x080018d1   Thumb Code    54  stm32f1xx_hal.o(i.HAL_InitTick)
    HAL_MspInit                              0x08001911   Thumb Code   134  stm32f1xx_hal_msp.o(i.HAL_MspInit)
    HAL_MultiProcessor_Init                  0x080019a1   Thumb Code   130  stm32f1xx_hal_uart.o(i.HAL_MultiProcessor_Init)
    HAL_NVIC_EnableIRQ                       0x08001a23   Thumb Code    22  stm32f1xx_hal_cortex.o(i.HAL_NVIC_EnableIRQ)
    HAL_NVIC_SetPriority                     0x08001a39   Thumb Code    60  stm32f1xx_hal_cortex.o(i.HAL_NVIC_SetPriority)
    HAL_NVIC_SetPriorityGrouping             0x08001a79   Thumb Code    26  stm32f1xx_hal_cortex.o(i.HAL_NVIC_SetPriorityGrouping)
    HAL_RCCEx_PeriphCLKConfig                0x08001a9d   Thumb Code   224  stm32f1xx_hal_rcc_ex.o(i.HAL_RCCEx_PeriphCLKConfig)
    HAL_RCC_ClockConfig                      0x08001b89   Thumb Code   322  stm32f1xx_hal_rcc.o(i.HAL_RCC_ClockConfig)
    HAL_RCC_GetHCLKFreq                      0x08001cdd   Thumb Code     6  stm32f1xx_hal_rcc.o(i.HAL_RCC_GetHCLKFreq)
    HAL_RCC_GetPCLK1Freq                     0x08001ce9   Thumb Code    20  stm32f1xx_hal_rcc.o(i.HAL_RCC_GetPCLK1Freq)
    HAL_RCC_GetPCLK2Freq                     0x08001d09   Thumb Code    20  stm32f1xx_hal_rcc.o(i.HAL_RCC_GetPCLK2Freq)
    HAL_RCC_GetSysClockFreq                  0x08001d29   Thumb Code    74  stm32f1xx_hal_rcc.o(i.HAL_RCC_GetSysClockFreq)
    HAL_RCC_OscConfig                        0x08001d95   Thumb Code   750  stm32f1xx_hal_rcc.o(i.HAL_RCC_OscConfig)
    HAL_SPI_GetState                         0x08002099   Thumb Code     6  stm32f1xx_hal_spi.o(i.HAL_SPI_GetState)
    HAL_SPI_Init                             0x0800209f   Thumb Code   130  stm32f1xx_hal_spi_ex.o(i.HAL_SPI_Init)
    HAL_SPI_MspInit                          0x08002121   Thumb Code    74  stm32f1xx_hal_msp.o(i.HAL_SPI_MspInit)
    HAL_SPI_Transmit                         0x08002179   Thumb Code   360  stm32f1xx_hal_spi.o(i.HAL_SPI_Transmit)
    HAL_SPI_TransmitReceive                  0x080022e1   Thumb Code   472  stm32f1xx_hal_spi.o(i.HAL_SPI_TransmitReceive)
    HAL_SYSTICK_CLKSourceConfig              0x080024b9   Thumb Code    24  stm32f1xx_hal_cortex.o(i.HAL_SYSTICK_CLKSourceConfig)
    HAL_SYSTICK_Callback                     0x080024d1   Thumb Code     2  stm32f1xx_hal_cortex.o(i.HAL_SYSTICK_Callback)
    HAL_SYSTICK_Config                       0x080024d3   Thumb Code    40  stm32f1xx_hal_cortex.o(i.HAL_SYSTICK_Config)
    HAL_SYSTICK_IRQHandler                   0x080024fb   Thumb Code     8  stm32f1xx_hal_cortex.o(i.HAL_SYSTICK_IRQHandler)
    HAL_TIMEx_BreakCallback                  0x08002503   Thumb Code     2  stm32f1xx_hal_tim_ex.o(i.HAL_TIMEx_BreakCallback)
    HAL_TIMEx_CommutationCallback            0x08002505   Thumb Code     2  stm32f1xx_hal_tim_ex.o(i.HAL_TIMEx_CommutationCallback)
    HAL_TIMEx_MasterConfigSynchronization    0x08002507   Thumb Code    80  stm32f1xx_hal_tim_ex.o(i.HAL_TIMEx_MasterConfigSynchronization)
    HAL_TIM_Base_Init                        0x08002557   Thumb Code    54  stm32f1xx_hal_tim.o(i.HAL_TIM_Base_Init)
    HAL_TIM_Base_MspInit                     0x0800258d   Thumb Code    50  stm32f1xx_hal_msp.o(i.HAL_TIM_Base_MspInit)
    HAL_TIM_Base_Start                       0x080025c5   Thumb Code    26  stm32f1xx_hal_tim.o(i.HAL_TIM_Base_Start)
    HAL_TIM_Base_Start_IT                    0x080025df   Thumb Code    24  stm32f1xx_hal_tim.o(i.HAL_TIM_Base_Start_IT)
    HAL_TIM_ConfigClockSource                0x080025f7   Thumb Code   242  stm32f1xx_hal_tim.o(i.HAL_TIM_ConfigClockSource)
    HAL_TIM_IC_CaptureCallback               0x080026e9   Thumb Code     2  stm32f1xx_hal_tim.o(i.HAL_TIM_IC_CaptureCallback)
    HAL_TIM_IRQHandler                       0x080026eb   Thumb Code   358  stm32f1xx_hal_tim.o(i.HAL_TIM_IRQHandler)
    HAL_TIM_OC_DelayElapsedCallback          0x08002851   Thumb Code     2  stm32f1xx_hal_tim.o(i.HAL_TIM_OC_DelayElapsedCallback)
    HAL_TIM_PWM_PulseFinishedCallback        0x08002853   Thumb Code     2  stm32f1xx_hal_tim.o(i.HAL_TIM_PWM_PulseFinishedCallback)
    HAL_TIM_PeriodElapsedCallback            0x08002855   Thumb Code     2  main.o(i.HAL_TIM_PeriodElapsedCallback)
    HAL_TIM_TriggerCallback                  0x08002857   Thumb Code     2  stm32f1xx_hal_tim.o(i.HAL_TIM_TriggerCallback)
    HAL_UART_ErrorCallback                   0x08002859   Thumb Code     2  stm32f1xx_hal_uart.o(i.HAL_UART_ErrorCallback)
    HAL_UART_IRQHandler                      0x0800285d   Thumb Code   266  stm32f1xx_hal_uart.o(i.HAL_UART_IRQHandler)
    HAL_UART_MspInit                         0x0800296d   Thumb Code    94  stm32f1xx_hal_msp.o(i.HAL_UART_MspInit)
    HAL_UART_RxCpltCallback                  0x080029d9   Thumb Code     2  stm32f1xx_hal_uart.o(i.HAL_UART_RxCpltCallback)
    HAL_UART_Transmit                        0x080029db   Thumb Code   186  stm32f1xx_hal_uart.o(i.HAL_UART_Transmit)
    HAL_UART_TxCpltCallback                  0x08002a95   Thumb Code     2  stm32f1xx_hal_uart.o(i.HAL_UART_TxCpltCallback)
    HardFault_Handler                        0x08002a97   Thumb Code     2  stm32f1xx_it.o(i.HardFault_Handler)
    MemManage_Handler                        0x0800309d   Thumb Code     2  stm32f1xx_it.o(i.MemManage_Handler)
    NMI_Handler                              0x0800309f   Thumb Code     2  stm32f1xx_it.o(i.NMI_Handler)
    PendSV_Handler                           0x080030c1   Thumb Code     2  stm32f1xx_it.o(i.PendSV_Handler)
    SVC_Handler                              0x08003179   Thumb Code     2  stm32f1xx_it.o(i.SVC_Handler)
    SX1278_LoRaEntryRx                       0x0800317b   Thumb Code   152  sx1278.o(i.SX1278_LoRaEntryRx)
    SX1278_LoRaEntryTx                       0x08003213   Thumb Code   128  sx1278.o(i.SX1278_LoRaEntryTx)
    SX1278_LoRaRxPacket                      0x08003293   Thumb Code    90  sx1278.o(i.SX1278_LoRaRxPacket)
    SX1278_LoRaTxPacket                      0x080032ed   Thumb Code    86  sx1278.o(i.SX1278_LoRaTxPacket)
    SX1278_SPIBurstRead                      0x08003343   Thumb Code    62  sx1278.o(i.SX1278_SPIBurstRead)
    SX1278_SPIBurstWrite                     0x08003381   Thumb Code    66  sx1278.o(i.SX1278_SPIBurstWrite)
    SX1278_SPIRead                           0x080033c3   Thumb Code    30  sx1278.o(i.SX1278_SPIRead)
    SX1278_SPIWrite                          0x080033e1   Thumb Code    44  sx1278.o(i.SX1278_SPIWrite)
    SX1278_begin                             0x0800340d   Thumb Code    46  sx1278.o(i.SX1278_begin)
    SX1278_clearLoRaIrq                      0x0800343b   Thumb Code     8  sx1278.o(i.SX1278_clearLoRaIrq)
    SX1278_config                            0x08003445   Thumb Code   248  sx1278.o(i.SX1278_config)
    SX1278_defaultConfig                     0x08003541   Thumb Code    18  sx1278.o(i.SX1278_defaultConfig)
    SX1278_entryLoRa                         0x08003553   Thumb Code     8  sx1278.o(i.SX1278_entryLoRa)
    SX1278_hw_DelayMs                        0x0800355b   Thumb Code     4  sx1278.o(i.SX1278_hw_DelayMs)
    SX1278_hw_GetDIO0                        0x0800355f   Thumb Code    20  sx1278.o(i.SX1278_hw_GetDIO0)
    SX1278_hw_Reset                          0x08003573   Thumb Code    48  sx1278.o(i.SX1278_hw_Reset)
    SX1278_hw_SPICommand                     0x080035a3   Thumb Code    36  sx1278.o(i.SX1278_hw_SPICommand)
    SX1278_hw_SPIReadByte                    0x080035c7   Thumb Code    56  sx1278.o(i.SX1278_hw_SPIReadByte)
    SX1278_hw_SetNSS                         0x080035ff   Thumb Code    20  sx1278.o(i.SX1278_hw_SetNSS)
    SX1278_hw_init                           0x08003613   Thumb Code    26  sx1278.o(i.SX1278_hw_init)
    SX1278_read                              0x0800362d   Thumb Code    42  sx1278.o(i.SX1278_read)
    SX1278_sleep                             0x08003657   Thumb Code    18  sx1278.o(i.SX1278_sleep)
    SX1278_standby                           0x08003669   Thumb Code    18  sx1278.o(i.SX1278_standby)
    SysTick_Handler                          0x0800367b   Thumb Code    14  stm32f1xx_it.o(i.SysTick_Handler)
    SystemClock_Config                       0x08003689   Thumb Code   122  main.o(i.SystemClock_Config)
    SystemInit                               0x08003705   Thumb Code    56  system_stm32f1xx.o(i.SystemInit)
    TIM2_IRQHandler                          0x0800374d   Thumb Code     6  stm32f1xx_it.o(i.TIM2_IRQHandler)
    TIM_Base_SetConfig                       0x08003759   Thumb Code    94  stm32f1xx_hal_tim.o(i.TIM_Base_SetConfig)
    USART1_IRQHandler                        0x08003b29   Thumb Code     6  stm32f1xx_it.o(i.USART1_IRQHandler)
    UsageFault_Handler                       0x08003b35   Thumb Code     2  stm32f1xx_it.o(i.UsageFault_Handler)
    _Error_Handler                           0x08003b37   Thumb Code     2  main.o(i._Error_Handler)
    __0printf$6                              0x08003b39   Thumb Code    22  printf6.o(i.__0printf$6)
    __1printf$6                              0x08003b39   Thumb Code     0  printf6.o(i.__0printf$6)
    __2printf                                0x08003b39   Thumb Code     0  printf6.o(i.__0printf$6)
    __0sprintf$6                             0x08003b59   Thumb Code    34  printf6.o(i.__0sprintf$6)
    __1sprintf$6                             0x08003b59   Thumb Code     0  printf6.o(i.__0sprintf$6)
    __2sprintf                               0x08003b59   Thumb Code     0  printf6.o(i.__0sprintf$6)
    __scatterload_copy                       0x08003b81   Thumb Code    14  handlers.o(i.__scatterload_copy)
    __scatterload_null                       0x08003b8f   Thumb Code     2  handlers.o(i.__scatterload_null)
    __scatterload_zeroinit                   0x08003b91   Thumb Code    14  handlers.o(i.__scatterload_zeroinit)
    fputc                                    0x08003eed   Thumb Code    18  main.o(i.fputc)
    main                                     0x08003f05   Thumb Code   596  main.o(i.main)
    AHBPrescTable                            0x080041d4   Data          16  system_stm32f1xx.o(.constdata)
    APBPrescTable                            0x080041e4   Data           8  system_stm32f1xx.o(.constdata)
    Region$$Table$$Base                      0x080041ec   Number         0  anon$$obj.o(Region$$Table)
    Region$$Table$$Limit                     0x0800420c   Number         0  anon$$obj.o(Region$$Table)
    ID_3                                     0x20000000   Data           1  main.o(.data)
    BH1750_ADDR                              0x20000001   Data           1  main.o(.data)
    MODE                                     0x20000002   Data           1  main.o(.data)
    Rh_byte1                                 0x20000003   Data           1  main.o(.data)
    Rh_byte2                                 0x20000004   Data           1  main.o(.data)
    Temp_byte1                               0x20000005   Data           1  main.o(.data)
    Temp_byte2                               0x20000006   Data           1  main.o(.data)
    Sum                                      0x20000007   Data           1  main.o(.data)
    buffer_lux_8                             0x20000008   Data           2  main.o(.data)
    buffer_lux_16                            0x2000000a   Data           2  main.o(.data)
    Tempperatue                              0x2000000c   Data           2  main.o(.data)
    Humidity                                 0x2000000e   Data           2  main.o(.data)
    master                                   0x20000010   Data           4  main.o(.data)
    pH                                       0x20000014   Data           4  main.o(.data)
    DO                                       0x20000018   Data           4  main.o(.data)
    pH_ng                                    0x2000001c   Data           4  main.o(.data)
    DO_ng                                    0x20000020   Data           4  main.o(.data)
    pH_tp                                    0x20000024   Data           4  main.o(.data)
    DO_tp                                    0x20000028   Data           4  main.o(.data)
    ret                                      0x2000002c   Data           4  main.o(.data)
    message_length                           0x20000030   Data           4  main.o(.data)
    lux                                      0x20000034   Data           4  main.o(.data)
    temperature_data                         0x20000038   Data           4  main.o(.data)
    humidity_data                            0x2000003c   Data           4  main.o(.data)
    check                                    0x20000040   Data           4  main.o(.data)
    adc_value                                0x20000044   Data           6  main.o(.data)
    uwTickFreq                               0x2000004c   Data           1  stm32f1xx_hal.o(.data)
    uwTickPrio                               0x20000050   Data           4  stm32f1xx_hal.o(.data)
    uwTick                                   0x20000054   Data           4  stm32f1xx_hal.o(.data)
    SystemCoreClock                          0x20000058   Data           4  system_stm32f1xx.o(.data)
    __stdout                                 0x2000005c   Data           4  stdout.o(.data)
    hadc1                                    0x20000060   Data          48  main.o(.bss)
    hspi1                                    0x20000090   Data          88  main.o(.bss)
    htim2                                    0x200000e8   Data          64  main.o(.bss)
    huart1                                   0x20000128   Data          64  main.o(.bss)
    hi2c2                                    0x20000168   Data          84  main.o(.bss)
    volt                                     0x200001bc   Data          12  main.o(.bss)
    buffer_rx                                0x200001c8   Data          64  main.o(.bss)
    buffer                                   0x20000208   Data          64  main.o(.bss)
    buffer_temp                              0x20000248   Data          10  main.o(.bss)
    SX1278_hw                                0x20000254   Data          28  main.o(.bss)
    SX1278                                   0x20000270   Data         268  main.o(.bss)
    hdma_adc1                                0x2000037c   Data          68  main.o(.bss)
    __initial_sp                             0x200007c0   Data           0  startup_stm32f103xb.o(STACK)



==============================================================================

Memory Map of the image

  Image Entry point : 0x080000ed

  Load Region LR_IROM1 (Base: 0x08000000, Size: 0x0000426c, Max: 0x00010000, ABSOLUTE)

    Execution Region ER_IROM1 (Base: 0x08000000, Size: 0x0000420c, Max: 0x00010000, ABSOLUTE)

    Base Addr    Size         Type   Attr      Idx    E Section Name        Object

    0x08000000   0x000000ec   Data   RO            3    RESET               startup_stm32f103xb.o
    0x080000ec   0x00000000   Code   RO         3952  * .ARM.Collect$$$$00000000  mc_w.l(entry.o)
    0x080000ec   0x00000004   Code   RO         4262    .ARM.Collect$$$$00000001  mc_w.l(entry2.o)
    0x080000f0   0x00000004   Code   RO         4265    .ARM.Collect$$$$00000004  mc_w.l(entry5.o)
    0x080000f4   0x00000000   Code   RO         4267    .ARM.Collect$$$$00000008  mc_w.l(entry7b.o)
    0x080000f4   0x00000000   Code   RO         4269    .ARM.Collect$$$$0000000A  mc_w.l(entry8b.o)
    0x080000f4   0x00000008   Code   RO         4270    .ARM.Collect$$$$0000000B  mc_w.l(entry9a.o)
    0x080000fc   0x00000000   Code   RO         4272    .ARM.Collect$$$$0000000D  mc_w.l(entry10a.o)
    0x080000fc   0x00000000   Code   RO         4274    .ARM.Collect$$$$0000000F  mc_w.l(entry11a.o)
    0x080000fc   0x00000004   Code   RO         4263    .ARM.Collect$$$$00002712  mc_w.l(entry2.o)
    0x08000100   0x00000024   Code   RO            4    .text               startup_stm32f103xb.o
    0x08000124   0x00000020   Code   RO         3955    .text               mc_w.l(llushr.o)
    0x08000144   0x00000024   Code   RO         3957    .text               mc_w.l(memcpya.o)
    0x08000168   0x00000024   Code   RO         3959    .text               mc_w.l(memseta.o)
    0x0800018c   0x000000b0   Code   RO         4224    .text               mf_w.l(fadd.o)
    0x0800023c   0x00000064   Code   RO         4226    .text               mf_w.l(fmul.o)
    0x080002a0   0x0000007c   Code   RO         4228    .text               mf_w.l(fdiv.o)
    0x0800031c   0x000000e4   Code   RO         4230    .text               mf_w.l(dmul.o)
    0x08000400   0x000000de   Code   RO         4232    .text               mf_w.l(ddiv.o)
    0x080004de   0x00000012   Code   RO         4234    .text               mf_w.l(fflti.o)
    0x080004f0   0x0000001a   Code   RO         4238    .text               mf_w.l(dfltui.o)
    0x0800050a   0x00000032   Code   RO         4240    .text               mf_w.l(ffixi.o)
    0x0800053c   0x00000026   Code   RO         4242    .text               mf_w.l(f2d.o)
    0x08000562   0x00000038   Code   RO         4244    .text               mf_w.l(d2f.o)
    0x0800059a   0x0000002c   Code   RO         4277    .text               mc_w.l(uidiv.o)
    0x080005c6   0x00000000   Code   RO         4288    .text               mc_w.l(iusefp.o)
    0x080005c6   0x0000006e   Code   RO         4289    .text               mf_w.l(fepilogue.o)
    0x08000634   0x000000ba   Code   RO         4293    .text               mf_w.l(depilogue.o)
    0x080006ee   0x00000002   PAD
    0x080006f0   0x00000024   Code   RO         4305    .text               mc_w.l(init.o)
    0x08000714   0x0000001e   Code   RO         4307    .text               mc_w.l(llshl.o)
    0x08000732   0x00000002   PAD
    0x08000734   0x0000000c   Code   RO          587    i.ADC1_2_IRQHandler  stm32f1xx_it.o
    0x08000740   0x0000004c   Code   RO          808    i.ADC_ConversionStop_Disable  stm32f1xx_hal_adc.o
    0x0800078c   0x0000004e   Code   RO          809    i.ADC_DMAConvCplt   stm32f1xx_hal_adc.o
    0x080007da   0x0000001a   Code   RO          810    i.ADC_DMAError      stm32f1xx_hal_adc.o
    0x080007f4   0x0000000a   Code   RO          811    i.ADC_DMAHalfConvCplt  stm32f1xx_hal_adc.o
    0x080007fe   0x00000002   PAD
    0x08000800   0x00000070   Code   RO          812    i.ADC_Enable        stm32f1xx_hal_adc.o
    0x08000870   0x00000002   Code   RO          588    i.BusFault_Handler  stm32f1xx_it.o
    0x08000872   0x00000002   PAD
    0x08000874   0x0000000c   Code   RO          589    i.DMA1_Channel1_IRQHandler  stm32f1xx_it.o
    0x08000880   0x0000002a   Code   RO         1447    i.DMA_SetConfig     stm32f1xx_hal_dma.o
    0x080008aa   0x00000002   Code   RO          590    i.DebugMon_Handler  stm32f1xx_it.o
    0x080008ac   0x00000002   Code   RO          990    i.HAL_ADCEx_InjectedConvCpltCallback  stm32f1xx_hal_adc_ex.o
    0x080008ae   0x00000002   PAD
    0x080008b0   0x000000fc   Code   RO          814    i.HAL_ADC_ConfigChannel  stm32f1xx_hal_adc.o
    0x080009ac   0x000000d0   Code   RO          451    i.HAL_ADC_ConvCpltCallback  main.o
    0x08000a7c   0x00000002   Code   RO          816    i.HAL_ADC_ConvHalfCpltCallback  stm32f1xx_hal_adc.o
    0x08000a7e   0x00000002   Code   RO          818    i.HAL_ADC_ErrorCallback  stm32f1xx_hal_adc.o
    0x08000a80   0x000000e6   Code   RO          822    i.HAL_ADC_IRQHandler  stm32f1xx_hal_adc.o
    0x08000b66   0x00000002   PAD
    0x08000b68   0x0000011c   Code   RO          823    i.HAL_ADC_Init      stm32f1xx_hal_adc.o
    0x08000c84   0x00000002   Code   RO          824    i.HAL_ADC_LevelOutOfWindowCallback  stm32f1xx_hal_adc.o
    0x08000c86   0x00000002   PAD
    0x08000c88   0x000000a8   Code   RO          688    i.HAL_ADC_MspInit   stm32f1xx_hal_msp.o
    0x08000d30   0x0000010c   Code   RO          830    i.HAL_ADC_Start_DMA  stm32f1xx_hal_adc.o
    0x08000e3c   0x000000cc   Code   RO          831    i.HAL_ADC_Start_IT  stm32f1xx_hal_adc.o
    0x08000f08   0x00000098   Code   RO         1449    i.HAL_DMA_Abort_IT  stm32f1xx_hal_dma.o
    0x08000fa0   0x00000154   Code   RO         1453    i.HAL_DMA_IRQHandler  stm32f1xx_hal_dma.o
    0x080010f4   0x00000064   Code   RO         1454    i.HAL_DMA_Init      stm32f1xx_hal_dma.o
    0x08001158   0x00000070   Code   RO         1458    i.HAL_DMA_Start_IT  stm32f1xx_hal_dma.o
    0x080011c8   0x00000024   Code   RO         1091    i.HAL_Delay         stm32f1xx_hal.o
    0x080011ec   0x000001bc   Code   RO         1384    i.HAL_GPIO_Init     stm32f1xx_hal_gpio.o
    0x080013a8   0x0000000a   Code   RO         1386    i.HAL_GPIO_ReadPin  stm32f1xx_hal_gpio.o
    0x080013b2   0x00000008   Code   RO         1387    i.HAL_GPIO_TogglePin  stm32f1xx_hal_gpio.o
    0x080013ba   0x0000000a   Code   RO         1388    i.HAL_GPIO_WritePin  stm32f1xx_hal_gpio.o
    0x080013c4   0x0000000c   Code   RO         1095    i.HAL_GetTick       stm32f1xx_hal.o
    0x080013d0   0x00000140   Code   RO         1983    i.HAL_I2C_Init      stm32f1xx_hal_i2c.o
    0x08001510   0x00000210   Code   RO         1989    i.HAL_I2C_Master_Receive  stm32f1xx_hal_i2c.o
    0x08001720   0x00000138   Code   RO         1994    i.HAL_I2C_Master_Transmit  stm32f1xx_hal_i2c.o
    0x08001858   0x00000044   Code   RO          690    i.HAL_I2C_MspInit   stm32f1xx_hal_msp.o
    0x0800189c   0x00000010   Code   RO         1099    i.HAL_IncTick       stm32f1xx_hal.o
    0x080018ac   0x00000024   Code   RO         1100    i.HAL_Init          stm32f1xx_hal.o
    0x080018d0   0x00000040   Code   RO         1101    i.HAL_InitTick      stm32f1xx_hal.o
    0x08001910   0x00000090   Code   RO          691    i.HAL_MspInit       stm32f1xx_hal_msp.o
    0x080019a0   0x00000082   Code   RO         3588    i.HAL_MultiProcessor_Init  stm32f1xx_hal_uart.o
    0x08001a22   0x00000016   Code   RO         1544    i.HAL_NVIC_EnableIRQ  stm32f1xx_hal_cortex.o
    0x08001a38   0x00000040   Code   RO         1550    i.HAL_NVIC_SetPriority  stm32f1xx_hal_cortex.o
    0x08001a78   0x00000024   Code   RO         1551    i.HAL_NVIC_SetPriorityGrouping  stm32f1xx_hal_cortex.o
    0x08001a9c   0x000000ec   Code   RO         1347    i.HAL_RCCEx_PeriphCLKConfig  stm32f1xx_hal_rcc_ex.o
    0x08001b88   0x00000154   Code   RO         1244    i.HAL_RCC_ClockConfig  stm32f1xx_hal_rcc.o
    0x08001cdc   0x0000000c   Code   RO         1249    i.HAL_RCC_GetHCLKFreq  stm32f1xx_hal_rcc.o
    0x08001ce8   0x00000020   Code   RO         1251    i.HAL_RCC_GetPCLK1Freq  stm32f1xx_hal_rcc.o
    0x08001d08   0x00000020   Code   RO         1252    i.HAL_RCC_GetPCLK2Freq  stm32f1xx_hal_rcc.o
    0x08001d28   0x0000006c   Code   RO         1253    i.HAL_RCC_GetSysClockFreq  stm32f1xx_hal_rcc.o
    0x08001d94   0x00000304   Code   RO         1256    i.HAL_RCC_OscConfig  stm32f1xx_hal_rcc.o
    0x08002098   0x00000006   Code   RO         2379    i.HAL_SPI_GetState  stm32f1xx_hal_spi.o
    0x0800209e   0x00000082   Code   RO         2693    i.HAL_SPI_Init      stm32f1xx_hal_spi_ex.o
    0x08002120   0x00000058   Code   RO          693    i.HAL_SPI_MspInit   stm32f1xx_hal_msp.o
    0x08002178   0x00000168   Code   RO         2389    i.HAL_SPI_Transmit  stm32f1xx_hal_spi.o
    0x080022e0   0x000001d8   Code   RO         2390    i.HAL_SPI_TransmitReceive  stm32f1xx_hal_spi.o
    0x080024b8   0x00000018   Code   RO         1553    i.HAL_SYSTICK_CLKSourceConfig  stm32f1xx_hal_cortex.o
    0x080024d0   0x00000002   Code   RO         1554    i.HAL_SYSTICK_Callback  stm32f1xx_hal_cortex.o
    0x080024d2   0x00000028   Code   RO         1555    i.HAL_SYSTICK_Config  stm32f1xx_hal_cortex.o
    0x080024fa   0x00000008   Code   RO         1556    i.HAL_SYSTICK_IRQHandler  stm32f1xx_hal_cortex.o
    0x08002502   0x00000002   Code   RO         3348    i.HAL_TIMEx_BreakCallback  stm32f1xx_hal_tim_ex.o
    0x08002504   0x00000002   Code   RO         3349    i.HAL_TIMEx_CommutationCallback  stm32f1xx_hal_tim_ex.o
    0x08002506   0x00000050   Code   RO         3365    i.HAL_TIMEx_MasterConfigSynchronization  stm32f1xx_hal_tim_ex.o
    0x08002556   0x00000036   Code   RO         2719    i.HAL_TIM_Base_Init  stm32f1xx_hal_tim.o
    0x0800258c   0x00000038   Code   RO          695    i.HAL_TIM_Base_MspInit  stm32f1xx_hal_msp.o
    0x080025c4   0x0000001a   Code   RO         2722    i.HAL_TIM_Base_Start  stm32f1xx_hal_tim.o
    0x080025de   0x00000018   Code   RO         2724    i.HAL_TIM_Base_Start_IT  stm32f1xx_hal_tim.o
    0x080025f6   0x000000f2   Code   RO         2728    i.HAL_TIM_ConfigClockSource  stm32f1xx_hal_tim.o
    0x080026e8   0x00000002   Code   RO         2748    i.HAL_TIM_IC_CaptureCallback  stm32f1xx_hal_tim.o
    0x080026ea   0x00000166   Code   RO         2761    i.HAL_TIM_IRQHandler  stm32f1xx_hal_tim.o
    0x08002850   0x00000002   Code   RO         2764    i.HAL_TIM_OC_DelayElapsedCallback  stm32f1xx_hal_tim.o
    0x08002852   0x00000002   Code   RO         2791    i.HAL_TIM_PWM_PulseFinishedCallback  stm32f1xx_hal_tim.o
    0x08002854   0x00000002   Code   RO          452    i.HAL_TIM_PeriodElapsedCallback  main.o
    0x08002856   0x00000002   Code   RO         2802    i.HAL_TIM_TriggerCallback  stm32f1xx_hal_tim.o
    0x08002858   0x00000002   Code   RO         3602    i.HAL_UART_ErrorCallback  stm32f1xx_hal_uart.o
    0x0800285a   0x00000002   PAD
    0x0800285c   0x00000110   Code   RO         3605    i.HAL_UART_IRQHandler  stm32f1xx_hal_uart.o
    0x0800296c   0x0000006c   Code   RO          697    i.HAL_UART_MspInit  stm32f1xx_hal_msp.o
    0x080029d8   0x00000002   Code   RO         3612    i.HAL_UART_RxCpltCallback  stm32f1xx_hal_uart.o
    0x080029da   0x000000ba   Code   RO         3614    i.HAL_UART_Transmit  stm32f1xx_hal_uart.o
    0x08002a94   0x00000002   Code   RO         3617    i.HAL_UART_TxCpltCallback  stm32f1xx_hal_uart.o
    0x08002a96   0x00000002   Code   RO          591    i.HardFault_Handler  stm32f1xx_it.o
    0x08002a98   0x00000028   Code   RO         2021    i.I2C_IsAcknowledgeFailed  stm32f1xx_hal_i2c.o
    0x08002ac0   0x000000de   Code   RO         2024    i.I2C_MasterRequestRead  stm32f1xx_hal_i2c.o
    0x08002b9e   0x00000002   PAD
    0x08002ba0   0x00000094   Code   RO         2025    i.I2C_MasterRequestWrite  stm32f1xx_hal_i2c.o
    0x08002c34   0x0000004e   Code   RO         2034    i.I2C_WaitOnBTFFlagUntilTimeout  stm32f1xx_hal_i2c.o
    0x08002c82   0x00000060   Code   RO         2035    i.I2C_WaitOnFlagUntilTimeout  stm32f1xx_hal_i2c.o
    0x08002ce2   0x00000002   PAD
    0x08002ce4   0x00000088   Code   RO         2036    i.I2C_WaitOnMasterAddressFlagUntilTimeout  stm32f1xx_hal_i2c.o
    0x08002d6c   0x00000062   Code   RO         2037    i.I2C_WaitOnRXNEFlagUntilTimeout  stm32f1xx_hal_i2c.o
    0x08002dce   0x0000004e   Code   RO         2038    i.I2C_WaitOnTXEFlagUntilTimeout  stm32f1xx_hal_i2c.o
    0x08002e1c   0x0000006c   Code   RO          453    i.MX_ADC1_Init      main.o
    0x08002e88   0x00000114   Code   RO          454    i.MX_GPIO_Init      main.o
    0x08002f9c   0x00000038   Code   RO          455    i.MX_I2C2_Init      main.o
    0x08002fd4   0x00000040   Code   RO          456    i.MX_SPI1_Init      main.o
    0x08003014   0x00000054   Code   RO          457    i.MX_TIM2_Init      main.o
    0x08003068   0x00000034   Code   RO          458    i.MX_USART1_UART_Init  main.o
    0x0800309c   0x00000002   Code   RO          592    i.MemManage_Handler  stm32f1xx_it.o
    0x0800309e   0x00000002   Code   RO          593    i.NMI_Handler       stm32f1xx_it.o
    0x080030a0   0x00000020   Code   RO         1557    i.NVIC_SetPriority  stm32f1xx_hal_cortex.o
    0x080030c0   0x00000002   Code   RO          594    i.PendSV_Handler    stm32f1xx_it.o
    0x080030c2   0x00000020   Code   RO         2405    i.SPI_CheckFlag_BSY  stm32f1xx_hal_spi.o
    0x080030e2   0x00000096   Code   RO         2424    i.SPI_WaitFlagStateUntilTimeout  stm32f1xx_hal_spi.o
    0x08003178   0x00000002   Code   RO          595    i.SVC_Handler       stm32f1xx_it.o
    0x0800317a   0x00000098   Code   RO           13    i.SX1278_LoRaEntryRx  sx1278.o
    0x08003212   0x00000080   Code   RO           14    i.SX1278_LoRaEntryTx  sx1278.o
    0x08003292   0x0000005a   Code   RO           15    i.SX1278_LoRaRxPacket  sx1278.o
    0x080032ec   0x00000056   Code   RO           16    i.SX1278_LoRaTxPacket  sx1278.o
    0x08003342   0x0000003e   Code   RO           19    i.SX1278_SPIBurstRead  sx1278.o
    0x08003380   0x00000042   Code   RO           20    i.SX1278_SPIBurstWrite  sx1278.o
    0x080033c2   0x0000001e   Code   RO           21    i.SX1278_SPIRead    sx1278.o
    0x080033e0   0x0000002c   Code   RO           22    i.SX1278_SPIWrite   sx1278.o
    0x0800340c   0x0000002e   Code   RO           24    i.SX1278_begin      sx1278.o
    0x0800343a   0x00000008   Code   RO           25    i.SX1278_clearLoRaIrq  sx1278.o
    0x08003442   0x00000002   PAD
    0x08003444   0x000000fc   Code   RO           26    i.SX1278_config     sx1278.o
    0x08003540   0x00000012   Code   RO           27    i.SX1278_defaultConfig  sx1278.o
    0x08003552   0x00000008   Code   RO           28    i.SX1278_entryLoRa  sx1278.o
    0x0800355a   0x00000004   Code   RO           29    i.SX1278_hw_DelayMs  sx1278.o
    0x0800355e   0x00000014   Code   RO           30    i.SX1278_hw_GetDIO0  sx1278.o
    0x08003572   0x00000030   Code   RO           31    i.SX1278_hw_Reset   sx1278.o
    0x080035a2   0x00000024   Code   RO           32    i.SX1278_hw_SPICommand  sx1278.o
    0x080035c6   0x00000038   Code   RO           33    i.SX1278_hw_SPIReadByte  sx1278.o
    0x080035fe   0x00000014   Code   RO           34    i.SX1278_hw_SetNSS  sx1278.o
    0x08003612   0x0000001a   Code   RO           35    i.SX1278_hw_init    sx1278.o
    0x0800362c   0x0000002a   Code   RO           36    i.SX1278_read       sx1278.o
    0x08003656   0x00000012   Code   RO           38    i.SX1278_sleep      sx1278.o
    0x08003668   0x00000012   Code   RO           39    i.SX1278_standby    sx1278.o
    0x0800367a   0x0000000e   Code   RO          596    i.SysTick_Handler   stm32f1xx_it.o
    0x08003688   0x0000007a   Code   RO          463    i.SystemClock_Config  main.o
    0x08003702   0x00000002   PAD
    0x08003704   0x00000048   Code   RO         3908    i.SystemInit        system_stm32f1xx.o
    0x0800374c   0x0000000c   Code   RO          597    i.TIM2_IRQHandler   stm32f1xx_it.o
    0x08003758   0x0000006c   Code   RO         2803    i.TIM_Base_SetConfig  stm32f1xx_hal_tim.o
    0x080037c4   0x00000014   Code   RO         2810    i.TIM_ETR_SetConfig  stm32f1xx_hal_tim.o
    0x080037d8   0x00000010   Code   RO         2811    i.TIM_ITRx_SetConfig  stm32f1xx_hal_tim.o
    0x080037e8   0x00000022   Code   RO         2817    i.TIM_TI1_ConfigInputStage  stm32f1xx_hal_tim.o
    0x0800380a   0x00000024   Code   RO         2819    i.TIM_TI2_ConfigInputStage  stm32f1xx_hal_tim.o
    0x0800382e   0x00000010   Code   RO         3619    i.UART_DMAAbortOnError  stm32f1xx_hal_uart.o
    0x0800383e   0x0000001c   Code   RO         3629    i.UART_EndRxTransfer  stm32f1xx_hal_uart.o
    0x0800385a   0x00000096   Code   RO         3631    i.UART_Receive_IT   stm32f1xx_hal_uart.o
    0x080038f0   0x00000170   Code   RO         3632    i.UART_SetConfig    stm32f1xx_hal_uart.o
    0x08003a60   0x00000062   Code   RO         3633    i.UART_Transmit_IT  stm32f1xx_hal_uart.o
    0x08003ac2   0x00000064   Code   RO         3634    i.UART_WaitOnFlagUntilTimeout  stm32f1xx_hal_uart.o
    0x08003b26   0x00000002   PAD
    0x08003b28   0x0000000c   Code   RO          598    i.USART1_IRQHandler  stm32f1xx_it.o
    0x08003b34   0x00000002   Code   RO          599    i.UsageFault_Handler  stm32f1xx_it.o
    0x08003b36   0x00000002   Code   RO          464    i._Error_Handler    main.o
    0x08003b38   0x00000020   Code   RO         4118    i.__0printf$6       mc_w.l(printf6.o)
    0x08003b58   0x00000028   Code   RO         4120    i.__0sprintf$6      mc_w.l(printf6.o)
    0x08003b80   0x0000000e   Code   RO         4313    i.__scatterload_copy  mc_w.l(handlers.o)
    0x08003b8e   0x00000002   Code   RO         4314    i.__scatterload_null  mc_w.l(handlers.o)
    0x08003b90   0x0000000e   Code   RO         4315    i.__scatterload_zeroinit  mc_w.l(handlers.o)
    0x08003b9e   0x00000002   PAD
    0x08003ba0   0x000002f0   Code   RO         4125    i._printf_core      mc_w.l(printf6.o)
    0x08003e90   0x00000024   Code   RO         4126    i._printf_post_padding  mc_w.l(printf6.o)
    0x08003eb4   0x0000002e   Code   RO         4127    i._printf_pre_padding  mc_w.l(printf6.o)
    0x08003ee2   0x0000000a   Code   RO         4129    i._sputc            mc_w.l(printf6.o)
    0x08003eec   0x00000018   Code   RO          466    i.fputc             main.o
    0x08003f04   0x000002b8   Code   RO          467    i.main              main.o
    0x080041bc   0x00000018   Data   RO           41    .constdata          sx1278.o
    0x080041d4   0x00000010   Data   RO         3909    .constdata          system_stm32f1xx.o
    0x080041e4   0x00000008   Data   RO         3910    .constdata          system_stm32f1xx.o
    0x080041ec   0x00000020   Data   RO         4311    Region$$Table       anon$$obj.o


    Execution Region RW_IRAM1 (Base: 0x20000000, Size: 0x000007c0, Max: 0x00005000, ABSOLUTE)

    Base Addr    Size         Type   Attr      Idx    E Section Name        Object

    0x20000000   0x0000004a   Data   RW          471    .data               main.o
    0x2000004a   0x00000002   PAD
    0x2000004c   0x0000000c   Data   RW         1107    .data               stm32f1xx_hal.o
    0x20000058   0x00000004   Data   RW         3911    .data               system_stm32f1xx.o
    0x2000005c   0x00000004   Data   RW         4276    .data               mc_w.l(stdout.o)
    0x20000060   0x0000031c   Zero   RW          468    .bss                main.o
    0x2000037c   0x00000044   Zero   RW          469    .bss                main.o
    0x200003c0   0x00000400   Zero   RW            1    STACK               startup_stm32f103xb.o


==============================================================================

Image component sizes


      Code (inc. data)   RO Data    RW Data    ZI Data      Debug   Object Name

      1694        196          0         74        864      13142   main.o
        36          8        236          0       1024        788   startup_stm32f103xb.o
       164         28          0         12          0       3681   stm32f1xx_hal.o
      1546         64          0          0          0       9050   stm32f1xx_hal_adc.o
         2          0          0          0          0       1029   stm32f1xx_hal_adc_ex.o
       228         14          0          0          0      26897   stm32f1xx_hal_cortex.o
       746         36          0          0          0       3802   stm32f1xx_hal_dma.o
       472         36          0          0          0       3592   stm32f1xx_hal_gpio.o
      2056         44          0          0          0      10282   stm32f1xx_hal_i2c.o
       632        106          0          0          0       3962   stm32f1xx_hal_msp.o
      1296        104          0          0          0       5312   stm32f1xx_hal_rcc.o
       236         12          0          0          0       1308   stm32f1xx_hal_rcc_ex.o
      1020          0          0          0          0       4476   stm32f1xx_hal_spi.o
       130          0          0          0          0       1007   stm32f1xx_hal_spi_ex.o
       926         14          0          0          0       9252   stm32f1xx_hal_tim.o
        84          0          0          0          0       2226   stm32f1xx_hal_tim_ex.o
      1354         10          0          0          0       8169   stm32f1xx_hal_uart.o
        78         24          0          0          0       5375   stm32f1xx_it.o
      1278          4         24          0          0     482286   sx1278.o
        72         16         24          4          0       1115   system_stm32f1xx.o
         0          0          0          0          0       1228   user_delay.o

    ----------------------------------------------------------------------
     14072        716        316         92       1888     597979   Object Totals
         0          0         32          0          0          0   (incl. Generated)
        22          0          0          2          0          0   (incl. Padding)

    ----------------------------------------------------------------------

      Code (inc. data)   RO Data    RW Data    ZI Data      Debug   Library Member Name

         0          0          0          0          0          0   entry.o
         0          0          0          0          0          0   entry10a.o
         0          0          0          0          0          0   entry11a.o
         8          4          0          0          0          0   entry2.o
         4          0          0          0          0          0   entry5.o
         0          0          0          0          0          0   entry7b.o
         0          0          0          0          0          0   entry8b.o
         8          4          0          0          0          0   entry9a.o
        30          0          0          0          0          0   handlers.o
        36          8          0          0          0         68   init.o
         0          0          0          0          0          0   iusefp.o
        30          0          0          0          0         68   llshl.o
        32          0          0          0          0         68   llushr.o
        36          0          0          0          0         68   memcpya.o
        36          0          0          0          0        108   memseta.o
       916         20          0          0          0        504   printf6.o
         0          0          0          4          0          0   stdout.o
        44          0          0          0          0         80   uidiv.o
        56          0          0          0          0         88   d2f.o
       222          0          0          0          0        100   ddiv.o
       186          0          0          0          0        176   depilogue.o
        26          0          0          0          0         76   dfltui.o
       228          0          0          0          0         96   dmul.o
        38          0          0          0          0         68   f2d.o
       176          0          0          0          0        140   fadd.o
       124          0          0          0          0         88   fdiv.o
       110          0          0          0          0        168   fepilogue.o
        50          0          0          0          0         68   ffixi.o
        18          0          0          0          0         68   fflti.o
       100          0          0          0          0         76   fmul.o

    ----------------------------------------------------------------------
      2520         36          0          4          0       2176   Library Totals
         6          0          0          0          0          0   (incl. Padding)

    ----------------------------------------------------------------------

      Code (inc. data)   RO Data    RW Data    ZI Data      Debug   Library Name

      1180         36          0          4          0        964   mc_w.l
      1334          0          0          0          0       1212   mf_w.l

    ----------------------------------------------------------------------
      2520         36          0          4          0       2176   Library Totals

    ----------------------------------------------------------------------

==============================================================================


      Code (inc. data)   RO Data    RW Data    ZI Data      Debug   

     16592        752        316         96       1888     591831   Grand Totals
     16592        752        316         96       1888     591831   ELF Image Totals
     16592        752        316         96          0          0   ROM Totals

==============================================================================

    Total RO  Size (Code + RO Data)                16908 (  16.51kB)
    Total RW  Size (RW Data + ZI Data)              1984 (   1.94kB)
    Total ROM Size (Code + RO Data + RW Data)      17004 (  16.61kB)

==============================================================================

